<html>
<body>
<pre>
<h1>礦ision Build Log</h1>
<h2>Tool Versions:</h2>
IDE-Version: μVision V5.24.2.0
Copyright (C) 2017 ARM Ltd and ARM Germany GmbH. All rights reserved.
License Information: 1 1, 1, LIC=IK12Z-J6XE4-M9NGG-V4N3Y-ZXPRG-ZNU77
 
Tool Versions:
Toolchain:       MDK-ARM Plus  Version: 5.24.1
Toolchain Path:  C:\Keil_v5\ARM\ARMCC\Bin
C Compiler:      Armcc.exe V5.06 update 5 (build 528)
Assembler:       Armasm.exe V5.06 update 5 (build 528)
Linker/Locator:  ArmLink.exe V5.06 update 5 (build 528)
Library Manager: ArmAr.exe V5.06 update 5 (build 528)
Hex Converter:   FromElf.exe V5.06 update 5 (build 528)
CPU DLL:         SARMCM3.DLL V5.24.1
Dialog DLL:      DCM.DLL V1.16.0.0
Target DLL:      Segger\JL2CM3.dll V2.74.0.0
Dialog DLL:      TCM.DLL V1.32.0.0
 
<h2>Project:</h2>
D:\Sun\mesh_light_pro\mesh_color_pro\board\evb\mesh_ali_light\mesh_ali_light.uvprojx
Project File Date:  10/29/2019

<h2>Output:</h2>
*** Using Compiler 'V5.06 update 5 (build 528)', folder: 'C:\Keil_v5\ARM\ARMCC\Bin'
Rebuild target 'mesh_ali_light'
Before Build - User command #1: ..\..\..\tool\before_build_common.bat C:\Keil_v5\
before_build_common bat
'#bash.exe' 不是内部或外部命令，也不是可运行的程序
或批处理文件。
Before Build - User command #2: before_build_special.bat
build_before_special bat
assembling startup_rtl8762c.s...
compiling rtl876x_rcc.c...
compiling rtl876x_uart.c...
compiling rtl876x_tim.c...
compiling system_rtl8762c.c...
compiling rtl876x_io_dlps.c...
compiling dfu_server.c...
compiling dis.c...
compiling ota_server.c...
compiling dfu_client.c...
compiling ais_server.c...
compiling firmware_update_server.c...
compiling health_server.c...
compiling object_transfer_server.c...
compiling generic_on_off_server.c...
compiling generic_power_on_off_server.c...
compiling generic_power_on_off_setup_server.c...
compiling generic_transition_time.c...
compiling generic_level_server.c...
compiling light_lightness_server.c...
compiling light_lightness_setup_server.c...
compiling light_ctl_server.c...
compiling light_ctl_temperature_server.c...
compiling light_hsl_server.c...
compiling light_hsl_hue_server.c...
compiling light_hsl_setup_server.c...
compiling light_hsl_saturation_server.c...
compiling light_cwrgb_server.c...
compiling generic_default_transition_time_server.c...
compiling light_ctl_setup_server.c...
compiling scene_server.c...
compiling scene_setup_server.c...
compiling delay_execution.c...
compiling app_task.c...
compiling main.c...
compiling light_app.c...
compiling light_ctl_server_app.c...
compiling light_hsl_server_app.c...
compiling light_lightness_server_app.c...
compiling light_cwrgb_server_app.c...
compiling dimmable_light.c...
compiling dfu_updater_app.c...
compiling mp_cmd_parse.c...
compiling mp_cmd.c...
compiling user_data.c...
compiling overlay_mgr.c...
compiling user_flash.c...
compiling reset_watch_dog_timer.c...
compiling light_controller_app.c...
compiling light_effect_app.c...
compiling light_ctl_hsl_server_app.c...
compiling light_storage_app.c...
compiling light_cwrgb_app.c...
compiling light_dlps_ctrl.c...
compiling light_swtimer.c...
linking...
Program Size: Code=116696 RO-data=43132 RW-data=440 ZI-data=3868  
FromELF: creating hex file...
After Build - User command #1: ..\..\..\tool\after_build_common.bat C:\Keil_v5\ARM\ARMCC\include D:\Sun\mesh_light_pro\mesh_color_pro\board\evb\mesh_ali_light\objects\app.axf app
Plain text image.
Generating SHA256...
SHA256 = BC97D442C027E6DA302950F79DB7A10C8EFE08EFF72913DECBB8CCB636D2EB5C
MP header appending start...
No BinDependence...
No Comment...
No Author...
No Date...
MP header appending OK!
go encrypt.
Output Image: bin\app-96f1446aa0c139748858d5c19e8560b4.bin
Backup Disasm: bin\app-96f1446aa0c139748858d5c19e8560b4.disasm
Output Image: bin\app_MP_sdk#####_1.0.3.7_6ad54d90-b9556030d02a55c0c4edabc8f4d87a6c.bin
After Build - User command #2: after_build_special.bat
build_after_special bat
".\objects\app.axf" - 0 Error(s), 0 Warning(s).

<h2>Software Packages used:</h2>

Package Vendor: ARM
                http://www.keil.com/pack/ARM.CMSIS.5.6.0.pack
                ARM.CMSIS.5.6.0
                CMSIS (Cortex Microcontroller Software Interface Standard)

<h2>Collection of Component include folders:</h2>
  .\RTE\_mesh_ali_light
  C:\Keil_v5\ARM\PACK\ARM\CMSIS\5.6.0\Device\ARM\ARMCM4\Include

<h2>Collection of Component Files used:</h2>
Build Time Elapsed:  00:00:16
</pre>
</body>
</html>
