Component: ARM Compiler 5.06 update 5 (build 528) Tool: armlink [4d35e2]

==============================================================================

Section Cross References

    startup_rtl8762c.o(VECTOR) refers to startup_rtl8762c.o(RESET) for Reset_Handler
    startup_rtl8762c.o(VECTOR) refers to startup_rtl8762c.o(.text) for NMI_Handler
    startup_rtl8762c.o(VECTOR) refers to data_uart.o(.text) for UART0_Handler
    startup_rtl8762c.o(VECTOR) refers to system_rtl8762c.o(.ram.dataon.data) for GPIO_Group3_Handler
    startup_rtl8762c.o(RESET) refers to system_rtl8762c.o(.app.flash.text) for SystemInit
    system_rtl8762c.o(.app.flash.text) refers to overlay_mgr.o(.text) for load_overlay
    system_rtl8762c.o(.app.flash.text) refers to system_rtl8762c.o(.text) for NVIC_DisableIRQ
    system_rtl8762c.o(.app.flash.text) refers to system_rtl8762c.o(.app.overlay_a) for AppUpdateVectorTable
    system_rtl8762c.o(.app.flash.text) refers to main.o(.app.flash.text) for bt_stack_config_init
    system_rtl8762c.o(.app.flash.text) refers to system_rtl8762c.o(.data) for .data
    system_rtl8762c.o(.app.flash.text) refers to system_rtl8762c.o(.TRACE) for .TRACE
    system_rtl8762c.o(.app.flash.text) refers to system_rtl8762c.o(.bss) for app_pre_main_cb
    system_rtl8762c.o(.app.overlay_a) refers to system_rtl8762c.o(.constdata) for .constdata
    system_rtl8762c.o(.app.overlay_a) refers to startup_rtl8762c.o(.text) for Default_Handler
    system_rtl8762c.o(.app.overlay_a) refers to system_rtl8762c.o(.TRACE) for .TRACE
    system_rtl8762c.o(.ram.dataon.data) refers to startup_rtl8762c.o(.text) for GPIO3_Handler
    system_rtl8762c.o(.text) refers to main.o(.text) for main
    system_rtl8762c.o(.text) refers to system_rtl8762c.o(.data) for .data
    system_rtl8762c.o(.text) refers to system_rtl8762c.o(.bss) for .bss
    system_rtl8762c.o(.app.flash.header) refers to system_rtl8762c.o(.constdata) for app_cb_table
    system_rtl8762c.o(.constdata) refers to system_rtl8762c.o(.text) for app_cb0_wdg_reset
    system_rtl8762c.o(.constdata) refers to system_rtl8762c.o(.conststring) for .conststring
    rtl876x_io_dlps.o(.ram.dataon.data) refers to rtl876x_io_dlps.o(.bss) for .bss
    rtl876x_io_dlps.o(.ram.dataon.data) refers to rtl876x_io_dlps.o(.TRACE) for .TRACE
    rtl876x_io_dlps.o(.text) refers to rtl876x_io_dlps.o(.ram.dataon.data) for DLPS_IO_EnterDlpsCb
    rtl876x_tim.o(.text) refers to rtl876x_rcc.o(.text) for RCC_PeriphClockCmd
    rtl876x_uart.o(.text) refers to rtl876x_rcc.o(.text) for RCC_PeriphClockCmd
    dfu_server.o(.text) refers to platform_misc.o(.text) for plt_swap2
    dfu_server.o(.text) refers to gap_scheduler.o(.text) for gap_sched_link_check
    dfu_server.o(.text) refers to mesh_bearer.o(.text) for bearer_send
    dfu_server.o(.text) refers to platform_os.o(.text) for plt_timer_create
    dfu_server.o(.text) refers to user_flash.o(.ram.dataon.data) for unlock_flash_all
    dfu_server.o(.text) refers to platform_diagnose.o(.data) for mesh_log_switch
    dfu_server.o(.text) refers to dfu_server.o(.TRACE) for .TRACE
    dfu_server.o(.text) refers to dfu_server.o(.constdata) for .constdata
    dfu_server.o(.text) refers to app_task.o(.bss) for io_queue_handle
    dfu_server.o(.text) refers to dfu_server.o(.bss) for .bss
    dfu_server.o(.text) refers to gap_scheduler.o(.bss) for gap_scheduler
    dfu_server.o(.text) refers to data_uart.o(.text) for data_uart_debug
    dfu_server.o(.text) refers to mesh_common.o(.text) for mesh_reboot
    dfu_server.o(.text) refers to system_rtl8762c.o(.text) for WDG_SystemReset
    dfu_server.o(.text) refers to dfu_server.o(.data) for .data
    dfu_server.o(.constdata) refers to dfu_server.o(.constdata) for dfu_service_uuid
    dfu_server.o(.constdata) refers to dfu_server.o(.text) for dfu_attr_write_cb
    dfu_client.o(.text) refers to dfu_client.o(.bss) for .bss
    dfu_client.o(.text) refers to platform_diagnose.o(.data) for mesh_log_switch
    dfu_client.o(.text) refers to dfu_client.o(.TRACE) for .TRACE
    dfu_client.o(.text) refers to dfu_server.o(.constdata) for dfu_service_uuid
    dfu_client.o(.text) refers to dfu_client.o(.data) for .data
    dfu_client.o(.text) refers to dfu_client.o(.constdata) for .constdata
    dfu_client.o(.text) refers to gap_scheduler.o(.text) for gap_sched_scan
    dfu_client.o(.text) refers to platform_misc.o(.text) for plt_swap2
    dfu_client.o(.text) refers to data_uart.o(.text) for data_uart_debug
    dfu_client.o(.text) refers to dfu_server.o(.bss) for dfu_ctx
    dfu_client.o(.text) refers to gap_scheduler.o(.bss) for gap_scheduler
    dfu_client.o(.constdata) refers to dfu_client.o(.text) for dfu_client_disc_state_cb
    ota_server.o(.text) refers to ota_server.o(.bss) for .bss
    ota_server.o(.text) refers to ota_server.o(.TRACE) for .TRACE
    ota_server.o(.text) refers to ota_server.o(.constdata) for .constdata
    ota_server.o(.constdata) refers to ota_server.o(.constdata) for GATT_UUID_OTA_SERVICE
[...]
    mesh_node_restore                        0x0081d4f7   Thumb Code    82  mesh_node.o(.text)
    prov_disconnect                          0x0081d5d7   Thumb Code    86  provision_device.o(.text)
    device_receive                           0x0081d8c1   Thumb Code   352  provision_device.o(.text)
    device_prov_cb                           0x0081da21   Thumb Code   176  provision_device.o(.text)
    prov_auth_value_set                      0x0081dad1   Thumb Code   194  provision_device.o(.text)
    prov_init                                0x0081db93   Thumb Code    38  provision_device.o(.text)
    mesh_flash_store                         0x0081df49   Thumb Code  1100  mesh_flash.o(.text)
    mesh_flash_clear                         0x0081e395   Thumb Code  1010  mesh_flash.o(.text)
    mesh_flash_restore                       0x0081e787   Thumb Code  1140  mesh_flash.o(.text)
    mesh_node_state_restore                  0x0081ebfb   Thumb Code    68  mesh_flash.o(.text)
    gap_set_lps_bootup_active_time           0x0081ec4d   Thumb Code    52  gap_vendor_cmd.o(.text)
    lps_get_wakeup_time                      0x0081ec81   Thumb Code    22  gap_vendor_cmd.o(.text)
    le_handle_vendor_cmd_rsp                 0x0081ec97   Thumb Code    72  gap_vendor_cmd.o(.text)
    gap_vendor_cmd_req                       0x0081ecdf   Thumb Code    16  gap_vendor_cmd.o(.text)
    le_handle_vendor_evt_info                0x0081ecef   Thumb Code    22  gap_vendor_cmd.o(.text)
    le_vendor_modify_bt_le_fw_policy         0x0081ed05   Thumb Code    74  gap_vendor_cmd.o(.text)
    plt_list_push                            0x0081ed5d   Thumb Code    26  platform_list.o(.text)
    plt_list_pop                             0x0081ed77   Thumb Code    26  platform_list.o(.text)
    plt_list_insert                          0x0081ed91   Thumb Code    34  platform_list.o(.text)
    plt_list_delete                          0x0081edb3   Thumb Code    28  platform_list.o(.text)
    xor_128                                  0x0081edd1   Thumb Code    20  aes_cmac.o(.text)
    leftshift_onebit                         0x0081ede5   Thumb Code    24  aes_cmac.o(.text)
    generate_subkey                          0x0081edfd   Thumb Code   108  aes_cmac.o(.text)
    padding                                  0x0081ee69   Thumb Code    36  aes_cmac.o(.text)
    AES_CMAC                                 0x0081ee8d   Thumb Code   178  aes_cmac.o(.text)
    ccm_auth_encrypt                         0x0081f1f7   Thumb Code    50  ccm.o(.text)
    ccm_auth_decrypt                         0x0081f229   Thumb Code    86  ccm.o(.text)
    ecc_validate_key                         0x0081fcfd   Thumb Code   194  ecc.o(.text)
    ecdh_shared_secret                       0x0081fdbf   Thumb Code   150  ecc.o(.text)
    prov_server_write_cb                     0x0082003d   Thumb Code   110  provision_server.o(.text)
    prov_server_notify                       0x008200ab   Thumb Code    22  provision_server.o(.text)
    prov_server_cccd_update_cb               0x008200c1   Thumb Code    66  provision_server.o(.text)
    prov_server_add                          0x00820125   Thumb Code    90  provision_server.o(.text)
    prov_service_send                        0x008201a5   Thumb Code    30  provision_service.o(.text)
    prov_service_receive                     0x008201c3   Thumb Code    50  provision_service.o(.text)
    prov_service_handle_tx_done              0x008201f5   Thumb Code    18  provision_service.o(.text)
    prov_service_handle_disc                 0x00820207   Thumb Code    34  provision_service.o(.text)
    proxy_server_write_cb                    0x0082023d   Thumb Code    98  proxy_server.o(.text)
    proxy_server_cccd_update_cb              0x0082029f   Thumb Code    86  proxy_server.o(.text)
    proxy_server_notify                      0x008202f5   Thumb Code    32  proxy_server.o(.text)
    proxy_server_add                         0x00820337   Thumb Code    90  proxy_server.o(.text)
    proxy_service_send                       0x008203b5   Thumb Code    44  proxy_service.o(.text)
    proxy_service_receive                    0x008203e1   Thumb Code    92  proxy_service.o(.text)
    proxy_service_handle_disc                0x0082043d   Thumb Code    30  proxy_service.o(.text)
    trans_send_check                         0x00820461   Thumb Code    12  mesh_transport.o(.text)
    trans_tx_timer_start                     0x00820485   Thumb Code    84  mesh_transport.o(.text)
    trans_tx_timer_stop                      0x008204d9   Thumb Code    24  mesh_transport.o(.text)
    trans_rx_timer_start                     0x008204f1   Thumb Code   130  mesh_transport.o(.text)
    trans_rx_timer_stop                      0x00820573   Thumb Code    26  mesh_transport.o(.text)
    trans_rx_incomplete_timer_start          0x0082058d   Thumb Code    64  mesh_transport.o(.text)
    trans_rx_incomplete_timer_stop           0x008205cd   Thumb Code    26  mesh_transport.o(.text)
    trans_seg_ack                            0x008205e7   Thumb Code   232  mesh_transport.o(.text)
    trans_send_seg                           0x008206cf   Thumb Code   336  mesh_transport.o(.text)
    trans_need_retransmit                    0x0082081f   Thumb Code   154  mesh_transport.o(.text)
    trans_retransmit                         0x008208b9   Thumb Code   178  mesh_transport.o(.text)
    trans_send                               0x0082096b   Thumb Code   420  mesh_transport.o(.text)
    trans_receive                            0x00820b0f   Thumb Code  1186  mesh_transport.o(.text)
    trans_handle_timeout                     0x00820fb1   Thumb Code   136  mesh_transport.o(.text)
    trans_hb                                 0x00821039   Thumb Code   112  mesh_transport.o(.text)
    nmc_init                                 0x008210c5   Thumb Code    90  mesh_network.o(.text)
    nmc_clear                                0x0082111f   Thumb Code    84  mesh_network.o(.text)
    nmc_check                                0x00821173   Thumb Code    86  mesh_network.o(.text)
    nmc_update                               0x008211c9   Thumb Code    74  mesh_network.o(.text)
    net_send                                 0x00821213   Thumb Code   420  mesh_network.o(.text)
    net_receive                              0x008213b7   Thumb Code  1158  mesh_network.o(.text)
    mesh_s1                                  0x00821851   Thumb Code    22  mesh_security.o(.text)
    mesh_k1                                  0x00821867   Thumb Code    36  mesh_security.o(.text)
    mesh_k2                                  0x0082188b   Thumb Code   478  mesh_security.o(.text)
    mesh_k3                                  0x00821a69   Thumb Code   270  mesh_security.o(.text)
    mesh_k4                                  0x00821b77   Thumb Code   222  mesh_security.o(.text)
    vir_addr_gen                             0x00821c55   Thumb Code   282  mesh_security.o(.text)
    identity_key_gen                         0x00821d6f   Thumb Code   206  mesh_security.o(.text)
    identity_hash_gen                        0x00821e3d   Thumb Code   168  mesh_security.o(.text)
    beacon_key_gen                           0x00821ee5   Thumb Code   204  mesh_security.o(.text)
    app_nonce_gen                            0x00821fb1   Thumb Code   120  mesh_security.o(.text)
    net_nonce_gen                            0x00822029   Thumb Code   110  mesh_security.o(.text)
    proxy_nonce_gen                          0x00822097   Thumb Code   148  mesh_security.o(.text)
    app_encrypt                              0x0082212b   Thumb Code   316  mesh_security.o(.text)
    app_decrypt                              0x00822267   Thumb Code   292  mesh_security.o(.text)
    net_encrypt                              0x0082238b   Thumb Code   260  mesh_security.o(.text)
    net_decrypt                              0x0082248f   Thumb Code   260  mesh_security.o(.text)
    privacy_counter_gen                      0x00822593   Thumb Code    98  mesh_security.o(.text)
    net_obfuscate                            0x008225f5   Thumb Code   192  mesh_security.o(.text)
    rpl_init                                 0x008226c9   Thumb Code   104  mesh_rpl.o(.text)
    rpl_check                                0x00822731   Thumb Code   252  mesh_rpl.o(.text)
    rpl_clear                                0x0082282d   Thumb Code    62  mesh_rpl.o(.text)
    rpl_reset                                0x0082286b   Thumb Code    58  mesh_rpl.o(.text)
    pb_adv_receive_filter                    0x00822bfd   Thumb Code    28  provision_adv.o(.text)
    pb_adv_receive_sar                       0x00822c19   Thumb Code   156  provision_adv.o(.text)
    pb_adv_receive                           0x00822cb5   Thumb Code  1416  provision_adv.o(.text)
    pb_adv_handle_timeout                    0x0082323d   Thumb Code   324  provision_adv.o(.text)
    pb_adv_link_open                         0x00823381   Thumb Code   146  provision_adv.o(.text)
    pb_adv_link_close                        0x00823413   Thumb Code    56  provision_adv.o(.text)
    pb_adv_link_check                        0x0082344b   Thumb Code    12  provision_adv.o(.text)
    pb_adv_send                              0x00823457   Thumb Code   230  provision_adv.o(.text)
    pb_adv_init                              0x0082353d   Thumb Code    12  provision_adv.o(.text)
    proxy_send                               0x00823551   Thumb Code   272  proxy_protocol.o(.text)
    proxy_receive                            0x00823661   Thumb Code   320  proxy_protocol.o(.text)
    proxy_filter_add_addr                    0x008237a1   Thumb Code    88  proxy_protocol.o(.text)
    proxy_filter_remove_addr                 0x008237f9   Thumb Code    82  proxy_protocol.o(.text)
    proxy_filter_update                      0x0082384b   Thumb Code    16  proxy_protocol.o(.text)
    proxy_filter_free                        0x0082385b   Thumb Code    46  proxy_protocol.o(.text)
    proxy_filter                             0x00823889   Thumb Code    78  proxy_protocol.o(.text)
    proxy_cfg_send                           0x008238d7   Thumb Code   258  proxy_protocol.o(.text)
    proxy_cfg_set_filter_type                0x008239d9   Thumb Code    26  proxy_protocol.o(.text)
    proxy_cfg_add_remove_addr                0x008239f3   Thumb Code   108  proxy_protocol.o(.text)
    proxy_cfg_filter_stat                    0x00823a5f   Thumb Code    36  proxy_protocol.o(.text)
    proxy_cfg_handle_msg                     0x00823a83   Thumb Code   298  proxy_protocol.o(.text)
    proxy_cfg_receive                        0x00823bad   Thumb Code   514  proxy_protocol.o(.text)
    proxy_ctx_allocate                       0x00823dc7   Thumb Code   188  proxy_protocol.o(.text)
    proxy_ctx_set_cb                         0x00823e83   Thumb Code    32  proxy_protocol.o(.text)
    proxy_ctx_set_filter_type                0x00823ea3   Thumb Code    28  proxy_protocol.o(.text)
    proxy_ctx_set_link                       0x00823ebf   Thumb Code    28  proxy_protocol.o(.text)
    proxy_ctx_get_link                       0x00823edb   Thumb Code    26  proxy_protocol.o(.text)
    proxy_ctx_free                           0x00823ef5   Thumb Code    52  proxy_protocol.o(.text)
    proxy_ctx_init                           0x00823f29   Thumb Code    70  proxy_protocol.o(.text)
    proxy_ctx_deinit                         0x00823f6f   Thumb Code    38  proxy_protocol.o(.text)
    proxy_handle_timeout                     0x00823f95   Thumb Code    58  proxy_protocol.o(.text)
    frnd_offer                               0x00823ff5   Thumb Code   156  friendship_fn.o(.text)
    frnd_clear_conf                          0x00824141   Thumb Code   106  friendship_fn.o(.text)
    frnd_sub_list_conf                       0x008241ab   Thumb Code   130  friendship_fn.o(.text)
    frnd_update                              0x0082422d   Thumb Code   196  friendship_fn.o(.text)
    fn_get_lpn                               0x00824303   Thumb Code    60  friendship_fn.o(.text)
    fn_get_lpn1                              0x0082433f   Thumb Code    78  friendship_fn.o(.text)
    fn_get_master_key                        0x0082438d   Thumb Code    70  friendship_fn.o(.text)
    fn_get_poll_to                           0x008243d3   Thumb Code    90  friendship_fn.o(.text)
    fn_frnd_queue_reset                      0x0082442d   Thumb Code   120  friendship_fn.o(.text)
    fn_frnd_queue_delete                     0x008244a5   Thumb Code    98  friendship_fn.o(.text)
    fn_frnd_queue_add                        0x00824507   Thumb Code   268  friendship_fn.o(.text)
    fn_frnd_queue_add_seg_ack                0x00824613   Thumb Code   180  friendship_fn.o(.text)
    fn_frnd_queue_add_frnd_upd               0x008246c7   Thumb Code   144  friendship_fn.o(.text)
    fn_lpn_sub_check                         0x00824757   Thumb Code    74  friendship_fn.o(.text)
    fn_lpn_sub_add                           0x008247a1   Thumb Code   190  friendship_fn.o(.text)
    fn_lpn_sub_remove                        0x0082485f   Thumb Code   134  friendship_fn.o(.text)
    fn_lpn_sub_clear                         0x008248e5   Thumb Code    48  friendship_fn.o(.text)
    fn_frnd_key_gen                          0x00824915   Thumb Code   112  friendship_fn.o(.text)
    fn_frnd_key_upd                          0x00824985   Thumb Code    52  friendship_fn.o(.text)
    fn_frnd_key_refresh                      0x008249b9   Thumb Code    60  friendship_fn.o(.text)
    fn_handle_frnd_req                       0x008249f5   Thumb Code   752  friendship_fn.o(.text)
    fn_ctx_clear                             0x00824ce5   Thumb Code   120  friendship_fn.o(.text)
    fn_handle_frnd_clear                     0x00824d5d   Thumb Code   160  friendship_fn.o(.text)
    fn_handle_frnd_clear_conf                0x00824dfd   Thumb Code   162  friendship_fn.o(.text)
    fn_handle_iv_index_update                0x00825189   Thumb Code    74  friendship_fn.o(.text)
    fn_handle_msg                            0x008251d3   Thumb Code   368  friendship_fn.o(.text)
    fn_handle_timeout                        0x00825343   Thumb Code   336  friendship_fn.o(.text)
    fn_cache_check                           0x00825493   Thumb Code   152  friendship_fn.o(.text)
    fn_cache                                 0x0082552b   Thumb Code   548  friendship_fn.o(.text)
    fn_clear                                 0x0082574f   Thumb Code    88  friendship_fn.o(.text)
    fn_init                                  0x008257a7   Thumb Code   254  friendship_fn.o(.text)
    frnd_req                                 0x008258d1   Thumb Code   252  friendship_lpn.o(.text)
    frnd_poll                                0x008259cd   Thumb Code   182  friendship_lpn.o(.text)
    frnd_sub_list_add_rm                     0x00825a83   Thumb Code   238  friendship_lpn.o(.text)
    lpn_frnd_key_gen                         0x00825c2d   Thumb Code   120  friendship_lpn.o(.text)
    lpn_frnd_key_upd                         0x00825ca5   Thumb Code    80  friendship_lpn.o(.text)
    lpn_frnd_key_refresh                     0x00825cf5   Thumb Code    72  friendship_lpn.o(.text)
    lpn_handle_frnd_offer                    0x00825d3d   Thumb Code   230  friendship_lpn.o(.text)
    lpn_handle_frnd_upd                      0x00825e23   Thumb Code   462  friendship_lpn.o(.text)
    lpn_handle_cache_pkt                     0x00825ff1   Thumb Code   150  friendship_lpn.o(.text)
    lpn_handle_msg                           0x00826087   Thumb Code   282  friendship_lpn.o(.text)
    lpn_handle_timeout                       0x008261d9   Thumb Code   446  friendship_lpn.o(.text)
    lpn_filter                               0x00826397   Thumb Code     4  friendship_lpn.o(.text)
    lpn_req                                  0x0082639b   Thumb Code   318  friendship_lpn.o(.text)
    lpn_frnd_key_get                         0x008264d9   Thumb Code   106  friendship_lpn.o(.text)
    lpn_frnd_exist_by_key                    0x00826543   Thumb Code    22  friendship_lpn.o(.text)
    lpn_frnd_exist                           0x00826559   Thumb Code    42  friendship_lpn.o(.text)
    lpn_clear                                0x00826583   Thumb Code    70  friendship_lpn.o(.text)
    lpn_init                                 0x008265c9   Thumb Code   148  friendship_lpn.o(.text)
    hb_log2_greater                          0x00826685   Thumb Code    42  heartbeat.o(.text)
    hb_exp2                                  0x008266af   Thumb Code    46  heartbeat.o(.text)
    hb_log2_less                             0x008266dd   Thumb Code    30  heartbeat.o(.text)
    hb_init                                  0x008266fb   Thumb Code     8  heartbeat.o(.text)
    hb_msg_send                              0x00826703   Thumb Code   230  heartbeat.o(.text)
    hb_timer_cb                              0x008267e9   Thumb Code    74  heartbeat.o(.text)
    hb_timer_start                           0x00826833   Thumb Code   192  heartbeat.o(.text)
    hb_timer_stop                            0x008268f3   Thumb Code    82  heartbeat.o(.text)
    hb_handle_timeout                        0x00826945   Thumb Code   104  heartbeat.o(.text)
    hb_receive_filter                        0x008269ad   Thumb Code    28  heartbeat.o(.text)
    hb_handle_msg                            0x008269c9   Thumb Code   162  heartbeat.o(.text)
    hb_publication_set                       0x00826a6b   Thumb Code    10  heartbeat.o(.text)
    hb_publication_get                       0x00826a75   Thumb Code    16  heartbeat.o(.text)
    hb_subscription_set                      0x00826a85   Thumb Code    16  heartbeat.o(.text)
    hb_subscription_get                      0x00826a95   Thumb Code    16  heartbeat.o(.text)
    cfg_compo_data_stat                      0x00826b0f   Thumb Code    74  configuration_server.o(.text)
    cfg_beacon_stat                          0x00826b59   Thumb Code    28  configuration_server.o(.text)
    cfg_default_ttl_stat                     0x00826b75   Thumb Code    28  configuration_server.o(.text)
    cfg_proxy_stat                           0x00826b91   Thumb Code    28  configuration_server.o(.text)
    cfg_relay_stat                           0x00826bad   Thumb Code    44  configuration_server.o(.text)
    cfg_net_transmit_stat                    0x00826bd9   Thumb Code    40  configuration_server.o(.text)
    cfg_model_pub_stat                       0x00826c01   Thumb Code   100  configuration_server.o(.text)
    cfg_model_sub_stat                       0x00826c65   Thumb Code    72  configuration_server.o(.text)
    cfg_model_sub_list                       0x00826cad   Thumb Code   158  configuration_server.o(.text)
    cfg_net_key_stat                         0x00826d4b   Thumb Code    32  configuration_server.o(.text)
    cfg_net_key_list                         0x00826d6b   Thumb Code   146  configuration_server.o(.text)
    cfg_app_key_stat                         0x00826dfd   Thumb Code    50  configuration_server.o(.text)
    cfg_app_key_list                         0x00826e2f   Thumb Code   170  configuration_server.o(.text)
    cfg_node_identity_stat                   0x00826ed9   Thumb Code    36  configuration_server.o(.text)
    cfg_model_app_stat                       0x00826efd   Thumb Code    72  configuration_server.o(.text)
    cfg_model_app_list                       0x00826f45   Thumb Code   232  configuration_server.o(.text)
    cfg_node_reset_stat                      0x0082702d   Thumb Code    24  configuration_server.o(.text)
    cfg_frnd_stat                            0x00827045   Thumb Code    28  configuration_server.o(.text)
    cfg_lpn_poll_timeout_stat                0x00827061   Thumb Code    44  configuration_server.o(.text)
    cfg_key_refresh_phase_stat               0x0082708d   Thumb Code    36  configuration_server.o(.text)
    cfg_hb_pub_stat                          0x008270b1   Thumb Code    56  configuration_server.o(.text)
    cfg_hb_sub_stat                          0x008270e9   Thumb Code    60  configuration_server.o(.text)
    cfg_server_handle_module_pub_set         0x00827159   Thumb Code   332  configuration_server.o(.text)
    cfg_server_handle_model_pub_va_set       0x008272a5   Thumb Code   396  configuration_server.o(.text)
    cfg_server_handle_model_sub_add          0x00827431   Thumb Code   160  configuration_server.o(.text)
    cfg_server_handle_model_sub_delete_all   0x008274d1   Thumb Code    94  configuration_server.o(.text)
    cfg_server_handle_model_sub_va_add       0x0082752f   Thumb Code   288  configuration_server.o(.text)
    cfg_server_handle_model_sub_get          0x0082764f   Thumb Code   164  configuration_server.o(.text)
    cfg_server_handle_net_key_add            0x008276f3   Thumb Code   106  configuration_server.o(.text)
    cfg_server_handle_net_key_update         0x0082775d   Thumb Code   182  configuration_server.o(.text)
    cfg_server_handle_net_key_delete         0x00827813   Thumb Code   170  configuration_server.o(.text)
    cfg_server_handle_net_key_get            0x008278bd   Thumb Code    58  configuration_server.o(.text)
    cfg_server_handle_app_key_add            0x008278f7   Thumb Code   170  configuration_server.o(.text)
    cfg_server_handle_app_key_update         0x008279a1   Thumb Code   262  configuration_server.o(.text)
    cfg_server_handle_app_key_delete         0x00827aa7   Thumb Code   114  configuration_server.o(.text)
    cfg_server_handle_app_key_get            0x00827b19   Thumb Code   104  configuration_server.o(.text)
    cfg_server_handle_node_identity_get      0x00827b81   Thumb Code    88  configuration_server.o(.text)
    cfg_server_handle_node_identity_set      0x00827bd9   Thumb Code   108  configuration_server.o(.text)
    cfg_server_handle_model_app_bind         0x00827c45   Thumb Code   188  configuration_server.o(.text)
    cfg_server_handle_model_app_get          0x00827d01   Thumb Code   154  configuration_server.o(.text)
    cfg_server_handle_key_refresh_phase_set  0x00827d9b   Thumb Code   170  configuration_server.o(.text)
    cfg_server_receive                       0x00827e45   Thumb Code  2122  configuration_server.o(.text)
    cfg_server_reg                           0x0082868f   Thumb Code    42  configuration_server.o(.text)
    AES128_ECB_encrypt                       0x00828cd1   Thumb Code    80  aes.o(.text)
    AES128_ECB_decrypt                       0x00828d21   Thumb Code    80  aes.o(.text)
    crc8EtsGen                               0x00828d9d   Thumb Code    28  crc8ets.o(.text)
    crc8EtsCheck                             0x00828db9   Thumb Code    38  crc8ets.o(.text)
    trans_ping                               0x00828de5   Thumb Code   112  transport_ping.o(.text)
    trans_pong                               0x00828e55   Thumb Code   118  transport_ping.o(.text)
    trans_handle_ping_pong_msg               0x00828ecb   Thumb Code   208  transport_ping.o(.text)
    trans_ping_pong_init                     0x00828f9b   Thumb Code     8  transport_ping.o(.text)
    __aeabi_llsl                             0x00828fc9   Thumb Code     0  llshl.o(.text)
    _ll_shift_l                              0x00828fc9   Thumb Code    38  llshl.o(.text)
    __aeabi_llsr                             0x00828fef   Thumb Code     0  llushr.o(.text)
    _ll_ushift_r                             0x00828fef   Thumb Code    38  llushr.o(.text)
    __2sprintf                               0x00829015   Thumb Code    34  noretval__2sprintf.o(.text)
    _printf_pre_padding                      0x0082903d   Thumb Code    44  _printf_pad.o(.text)
    _printf_post_padding                     0x00829069   Thumb Code    34  _printf_pad.o(.text)
    _printf_int_hex                          0x0082908d   Thumb Code    84  _printf_hex_int.o(.text)
    _printf_longlong_hex                     0x0082908d   Thumb Code     0  _printf_hex_int.o(.text)
    __printf                                 0x008290e5   Thumb Code   308  __printf_flags_wp.o(.text)
    strncmp                                  0x0082921d   Thumb Code   150  strncmp.o(.text)
    __read_errno                             0x008292b3   Thumb Code    10  _rserrno.o(.text)
    __set_errno                              0x008292bd   Thumb Code    12  _rserrno.o(.text)
    _printf_int_common                       0x008292c9   Thumb Code   178  _printf_intcommon.o(.text)
    _printf_char_common                      0x00829387   Thumb Code    32  _printf_char_common.o(.text)
    _sputc                                   0x008293ad   Thumb Code    10  _sputc.o(.text)
    __aeabi_errno_addr                       0x008293b9   Thumb Code     8  rt_errno_addr.o(.text)
    __errno                                  0x008293b9   Thumb Code     0  rt_errno_addr.o(.text)
    __rt_errno_addr                          0x008293b9   Thumb Code     0  rt_errno_addr.o(.text)
    UpdateMAC                                0x008293c1   Thumb Code    68  rtl876x_lib_platform.o(i.UpdateMAC)
    __hardfp_ceil                            0x00829421   Thumb Code   252  ceil.o(i.__hardfp_ceil)
    __hardfp_sqrt                            0x00829539   Thumb Code   122  sqrt.o(i.__hardfp_sqrt)
    _is_digit                                0x00829691   Thumb Code    14  __printf_wp.o(i._is_digit)
    cfg_add_item                             0x008296a1   Thumb Code   246  rtl876x_lib_cfg_int.o(i.cfg_add_item)
    cfg_find_item                            0x008297d5   Thumb Code   158  rtl876x_lib_cfg_int.o(i.cfg_find_item)
    flash_lock_new                           0x008298b5   Thumb Code    62  rtl8762c_lib_flash.o(i.flash_lock_new)
    flash_set_block_protect_locked           0x00829901   Thumb Code    38  rtl8762c_lib_flash.o(i.flash_set_block_protect_locked)
    flash_sw_protect_unlock_by_addr_locked   0x00829927   Thumb Code    42  rtl8762c_lib_flash.o(i.flash_sw_protect_unlock_by_addr_locked)
    flash_unlock_new                         0x00829951   Thumb Code    44  rtl8762c_lib_flash.o(i.flash_unlock_new)
    __aeabi_d2f                              0x00829989   Thumb Code     0  d2f.o(x$fpl$d2f)
    _d2f                                     0x00829989   Thumb Code    98  d2f.o(x$fpl$d2f)
    __aeabi_dadd                             0x008299ed   Thumb Code     0  daddsub_clz.o(x$fpl$dadd)
    _dadd                                    0x008299ed   Thumb Code   332  daddsub_clz.o(x$fpl$dadd)
    __fpl_dcmp_Inf                           0x00829b3d   Thumb Code    24  dcmpi.o(x$fpl$dcmpinf)
    __aeabi_ddiv                             0x00829b55   Thumb Code     0  ddiv.o(x$fpl$ddiv)
    _ddiv                                    0x00829b55   Thumb Code   552  ddiv.o(x$fpl$ddiv)
    __aeabi_d2iz                             0x00829e05   Thumb Code     0  dfix.o(x$fpl$dfix)
    _dfix                                    0x00829e05   Thumb Code    94  dfix.o(x$fpl$dfix)
    __aeabi_d2uiz                            0x00829e65   Thumb Code     0  dfixu.o(x$fpl$dfixu)
    _dfixu                                   0x00829e65   Thumb Code    90  dfixu.o(x$fpl$dfixu)
    __aeabi_i2d                              0x00829ebf   Thumb Code     0  dflt_clz.o(x$fpl$dflt)
    _dflt                                    0x00829ebf   Thumb Code    46  dflt_clz.o(x$fpl$dflt)
    __aeabi_ui2d                             0x00829eed   Thumb Code     0  dflt_clz.o(x$fpl$dfltu)
    _dfltu                                   0x00829eed   Thumb Code    38  dflt_clz.o(x$fpl$dfltu)
    __aeabi_cdcmple                          0x00829f15   Thumb Code     0  dleqf.o(x$fpl$dleqf)
    _dcmple                                  0x00829f15   Thumb Code   120  dleqf.o(x$fpl$dleqf)
    __fpl_dcmple_InfNaN                      0x00829f77   Thumb Code     0  dleqf.o(x$fpl$dleqf)
    __aeabi_dmul                             0x00829f8d   Thumb Code     0  dmul.o(x$fpl$dmul)
    _dmul                                    0x00829f8d   Thumb Code   332  dmul.o(x$fpl$dmul)
    __fpl_dnaninf                            0x0082a0e1   Thumb Code   156  dnaninf.o(x$fpl$dnaninf)
    __fpl_dretinf                            0x0082a17d   Thumb Code    12  dretinf.o(x$fpl$dretinf)
    __aeabi_cdrcmple                         0x0082a189   Thumb Code     0  drleqf.o(x$fpl$drleqf)
    _drcmple                                 0x0082a189   Thumb Code   108  drleqf.o(x$fpl$drleqf)
    __aeabi_drsub                            0x0082a1f5   Thumb Code     0  daddsub_clz.o(x$fpl$drsb)
    _drsb                                    0x0082a1f5   Thumb Code    22  daddsub_clz.o(x$fpl$drsb)
    _dsqrt                                   0x0082a20d   Thumb Code   404  dsqrt_umaal.o(x$fpl$dsqrt)
    __aeabi_dsub                             0x0082a3a5   Thumb Code     0  daddsub_clz.o(x$fpl$dsub)
    _dsub                                    0x0082a3a5   Thumb Code   464  daddsub_clz.o(x$fpl$dsub)
    __aeabi_f2d                              0x0082a579   Thumb Code     0  f2d.o(x$fpl$f2d)
    _f2d                                     0x0082a579   Thumb Code    86  f2d.o(x$fpl$f2d)
    __fpl_fnaninf                            0x0082a5cf   Thumb Code   140  fnaninf.o(x$fpl$fnaninf)
    _fp_init                                 0x0082a65b   Thumb Code    10  fpinit.o(x$fpl$fpinit)
    __fplib_config_fpu_vfp                   0x0082a663   Thumb Code     0  fpinit.o(x$fpl$fpinit)
    __fplib_config_pureend_doubles           0x0082a663   Thumb Code     0  fpinit.o(x$fpl$fpinit)
    __fpl_fretinf                            0x0082a665   Thumb Code    10  fretinf.o(x$fpl$fretinf)
    __I$use$fp                               0x0082a66e   Number         0  usenofp.o(x$fpl$usenofp)
    app_cb_table                             0x0082a670   Data          32  system_rtl8762c.o(.constdata)
    dfu_service_uuid                         0x0082a784   Data          16  dfu_server.o(.constdata)
    dfu_service_table                        0x0082a794   Data         168  dfu_server.o(.constdata)
    dfu_server_cbs                           0x0082a83c   Data          12  dfu_server.o(.constdata)
    dfu_data_uuid                            0x0082a874   Data          16  dfu_client.o(.constdata)
    dfu_cp_uuid                              0x0082a884   Data          16  dfu_client.o(.constdata)
    dfu_client_cbs                           0x0082a894   Data          24  dfu_client.o(.constdata)
    GATT_UUID_OTA_SERVICE                    0x0082a8c2   Data          16  ota_server.o(.constdata)
    gattOtaServiceTable                      0x0082a8d4   Data         532  ota_server.o(.constdata)
    OTAServiceCBs                            0x0082aae8   Data          12  ota_server.o(.constdata)
    ais_server_table                         0x0082aaf8   Data         364  ais_server.o(.constdata)
    ais_server_cbs                           0x0082ac64   Data          12  ais_server.o(.constdata)
    dis_cbs                                  0x0082aecc   Data          12  dis.o(.constdata)
    tick_map                                 0x0082afcc   Data           8  generic_transition_time.o(.constdata)
    mp_cmd_table                             0x0082b138   Data          16  mp_cmd.o(.constdata)
    prov_server_table                        0x0082b358   Data         168  provision_server.o(.constdata)
    prov_server_cbs                          0x0082b400   Data          12  provision_server.o(.constdata)
    proxy_server_table                       0x0082b40c   Data         168  proxy_server.o(.constdata)
    proxy_server_cbs                         0x0082b4b4   Data          12  proxy_server.o(.constdata)
    Region$$Table$$Base                      0x0082bccc   Number         0  anon$$obj.o(Region$$Table)
    Load$$RAM_VECTOR_TABLE$$RO$$Base         0x0082bd0c   Number         0  anon$$obj.o ABSOLUTE
    Region$$Table$$Limit                     0x0082bd0c   Number         0  anon$$obj.o(Region$$Table)
    Load$$RAM_DATA_ON$$RO$$Base              0x0082be00   Number         0  anon$$obj.o ABSOLUTE
    Load$$RAM_DATA_ON$$RW$$Base              0x0082c2a8   Number         0  anon$$obj.o ABSOLUTE
    Load$$OVERLAY_A$$RO$$Base                0x0082c460   Number         0  anon$$obj.o ABSOLUTE
    Load$$CACHE_DATA_ON$$RO$$Base            0x0082c520   Number         0  anon$$obj.o ABSOLUTE
    Load$$OVERLAY_A$$RW$$Base                0x0082c520   Number         0  anon$$obj.o ABSOLUTE
    Load$$OVERLAY_B$$RO$$Base                0x0082c520   Number         0  anon$$obj.o ABSOLUTE
    Load$$OVERLAY_B$$RW$$Base                0x0082c520   Number         0  anon$$obj.o ABSOLUTE
    Load$$OVERLAY_C$$RO$$Base                0x0082c520   Number         0  anon$$obj.o ABSOLUTE
    Load$$OVERLAY_C$$RW$$Base                0x0082c520   Number         0  anon$$obj.o ABSOLUTE



==============================================================================

Memory Map of the image

  Image Entry point : 0x0080e409

  Load Region LOAD_FLASH (Base: 0x0080e000, Size: 0x0001e520, Max: 0x00032000, ABSOLUTE)

    Execution Region RAM_VECTOR_TABLE (Exec base: 0x00200000, Load base: 0x0082bd0c, Size: 0x000000f4, Max: 0x000000f4, ABSOLUTE)

    Exec Addr    Load Addr    Size         Type   Attr      Idx    E Section Name        Object

    0x00200000   0x0082bd0c   0x000000f4   Data   RO            1    VECTOR              startup_rtl8762c.o


    Execution Region RAM_DATA_ON (Exec base: 0x00207c00, Load base: 0x0082be00, Size: 0x0000157c, Max: 0x00007800, ABSOLUTE)

    Exec Addr    Load Addr    Size         Type   Attr      Idx    E Section Name        Object

    0x00207c00   0x0082be00   0x00000124   Code   RO           17    .ram.dataon.data    system_rtl8762c.o
    0x00207d24   0x0082bf24   0x00000384   Code   RO         1764    .ram.dataon.data    user_flash.o
    0x002080a8   0x0082c2a8   0x00000004   Data   RW           25    .data               system_rtl8762c.o
    0x002080ac   0x0082c2ac   0x00000001   Data   RW          322    .data               dfu_server.o
    0x002080ad   0x0082c2ad   0x00000002   Data   RW          526    .data               dfu_client.o
    0x002080af   0x0082c2af   0x0000002e   Data   RW          657    .data               dis.o
    0x002080dd   0x0082c2dd   0x00000003   PAD
    0x002080e0   0x0082c2e0   0x0000001c   Data   RW         1524    .data               light_ctl_server_app.o
    0x002080fc   0x0082c2fc   0x0000001c   Data   RW         1525    .data               light_ctl_server_app.o
    0x00208118   0x0082c318   0x0000001c   Data   RW         1526    .data               light_ctl_server_app.o
    0x00208134   0x0082c334   0x0000001c   Data   RW         1527    .data               light_ctl_server_app.o
    0x00208150   0x0082c350   0x00000020   Data   RW         1528    .data               light_ctl_server_app.o
    0x00208170   0x0082c370   0x00000001   Data   RW         1768    .data               user_flash.o
    0x00208171   0x0082c371   0x00000003   PAD
    0x00208174   0x0082c374   0x0000006c   Data   RW         1819    .data               overlay_mgr.o
    0x002081e0   0x0082c3e0   0x0000003c   Data   RW         1948    .data               light_cwrgb_app.o
    0x0020821c   0x0082c41c   0x00000010   Data   RW         2540    .data               mesh_dev.lib(platform_diagnose.o)
    0x0020822c   0x0082c42c   0x00000021   Data   RW         2609    .data               mesh_dev.lib(gap_scheduler.o)
    0x0020824d   0x0082c44d   0x00000010   Data   RW         3341    .data               mesh_dev.lib(aes_cmac.o)
    0x0020825d   0x0082c45d   0x00000001   Data   RW         3432    .data               mesh_dev.lib(provision_service.o)
    0x0020825e   0x0082c45e   0x00000001   Data   RW         3491    .data               mesh_dev.lib(proxy_service.o)
    0x0020825f   0x0082c45f   0x00000001   PAD
    0x00208260        -       0x0000000c   Zero   RW           21    .bss                system_rtl8762c.o
    0x0020826c        -       0x0000004c   Zero   RW          317    .bss                dfu_server.o
    0x002082b8        -       0x0000003c   Zero   RW          524    .bss                dfu_client.o
    0x002082f4        -       0x00000038   Zero   RW          565    .bss                ota_server.o
    0x0020832c        -       0x00000028   Zero   RW          599    .bss                ais_server.o
    0x00208354        -       0x00000084   Zero   RW          654    .bss                dis.o
    0x002083d8        -       0x00000050   Zero   RW          714    .bss                firmware_update_server.o
    0x00208428        -       0x00000060   Zero   RW          746    .bss                object_transfer_server.o
    0x00208488        -       0x00000008   Zero   RW          900    .bss                generic_transition_time.o
    0x00208490        -       0x00000028   Zero   RW         1331    .bss                main.o
    0x002084b8        -       0x0000000c   Zero   RW         1428    .bss                app_task.o
    0x002084c4        -       0x0000000a   Zero   RW         1467    .bss                light_app.o
    0x002084ce   0x0082c45f   0x00000002   PAD
    0x002084d0        -       0x00000144   Zero   RW         1523    .bss                light_ctl_server_app.o
    0x00208614        -       0x00000118   Zero   RW         1560    .bss                light_hsl_server_app.o
    0x0020872c        -       0x00000078   Zero   RW         1589    .bss                light_lightness_server_app.o
    0x002087a4        -       0x00000028   Zero   RW         1615    .bss                light_cwrgb_server_app.o
    0x002087cc        -       0x00000028   Zero   RW         1646    .bss                dfu_updater_app.o
    0x002087f4        -       0x00000008   Zero   RW         1674    .bss                dimmable_light.o
    0x002087fc        -       0x0000000c   Zero   RW         1701    .bss                mp_cmd_parse.o
    0x00208808        -       0x00000003   Zero   RW         1767    .bss                user_flash.o
    0x0020880b        -       0x00000008   Zero   RW         1817    .bss                overlay_mgr.o
    0x00208813   0x0082c45f   0x00000001   PAD
    0x00208814        -       0x000000f4   Zero   RW         1839    .bss                light_controller_app.o
    0x00208908        -       0x00000190   Zero   RW         1865    .bss                light_ctl_hsl_server_app.o
    0x00208a98        -       0x00000024   Zero   RW         1947    .bss                light_cwrgb_app.o
    0x00208abc        -       0x00000008   Zero   RW         1994    .bss                light_swtimer.o
    0x00208ac4        -       0x00000008   Zero   RW         2562    .bss                mesh_dev.lib(data_uart.o)
    0x00208acc        -       0x00000058   Zero   RW         2607    .bss                mesh_dev.lib(gap_scheduler.o)
    0x00208b24        -       0x00000004   Zero   RW         2828    .bss                mesh_dev.lib(mesh_bearer.o)
    0x00208b28        -       0x00000008   Zero   RW         2898    .bss                mesh_dev.lib(mesh_beacon.o)
    0x00208b30        -       0x0000001c   Zero   RW         2933    .bss                mesh_dev.lib(mesh_common.o)
    0x00208b4c        -       0x0000001c   Zero   RW         2972    .bss                mesh_dev.lib(mesh_provision.o)
    0x00208b68        -       0x00000010   Zero   RW         3039    .bss                mesh_dev.lib(mesh_service.o)
    0x00208b78        -       0x00000094   Zero   RW         3087    .bss                mesh_dev.lib(mesh_node.o)
    0x00208c0c        -       0x00000018   Zero   RW         3175    .bss                mesh_dev.lib(mesh_flash.o)
    0x00208c24        -       0x00000002   Zero   RW         3399    .bss                mesh_dev.lib(provision_server.o)
    0x00208c26   0x0082c45f   0x00000002   PAD
    0x00208c28        -       0x00000004   Zero   RW         3431    .bss                mesh_dev.lib(provision_service.o)
    0x00208c2c        -       0x00000002   Zero   RW         3463    .bss                mesh_dev.lib(proxy_server.o)
    0x00208c2e   0x0082c45f   0x00000002   PAD
    0x00208c30        -       0x000000b8   Zero   RW         3522    .bss                mesh_dev.lib(mesh_transport.o)
    0x00208ce8        -       0x00000304   Zero   RW         3552    .bss                mesh_dev.lib(mesh_network.o)
    0x00208fec        -       0x0000000c   Zero   RW         3606    .bss                mesh_dev.lib(mesh_rpl.o)
    0x00208ff8        -       0x0000004c   Zero   RW         3638    .bss                mesh_dev.lib(provision_adv.o)
    0x00209044        -       0x00000008   Zero   RW         3671    .bss                mesh_dev.lib(proxy_protocol.o)
    0x0020904c        -       0x0000000c   Zero   RW         3701    .bss                mesh_dev.lib(friendship_fn.o)
    0x00209058        -       0x0000000c   Zero   RW         3730    .bss                mesh_dev.lib(friendship_lpn.o)
    0x00209064        -       0x00000024   Zero   RW         3758    .bss                mesh_dev.lib(heartbeat.o)
    0x00209088        -       0x00000028   Zero   RW         3817    .bss                mesh_dev.lib(configuration_server.o)
    0x002090b0        -       0x000000c0   Zero   RW         3872    .bss                mesh_dev.lib(aes.o)
    0x00209170        -       0x00000008   Zero   RW         3920    .bss                mesh_dev.lib(transport_ping.o)
    0x00209178        -       0x00000004   Zero   RW         4090    .bss                c_w.l(rt_errno_addr.o)


    Execution Region OVERLAY_A (Exec base: 0x0020917c, Load base: 0x0082c460, Size: 0x000000c0, Max: 0xffffffff, OVERLAY)

    Exec Addr    Load Addr    Size         Type   Attr      Idx    E Section Name        Object

    0x0020917c   0x0082c460   0x000000c0   Code   RO           16    .app.overlay_a      system_rtl8762c.o


    Execution Region OVERLAY_B (Exec base: 0x0020917c, Load base: 0x0082c520, Size: 0x00000000, Max: 0xffffffff, OVERLAY)

    **** No section assigned to this execution region ****


    Execution Region OVERLAY_C (Exec base: 0x0020917c, Load base: 0x0082c520, Size: 0x00000000, Max: 0xffffffff, OVERLAY)

    **** No section assigned to this execution region ****


    Execution Region CACHE_DATA_ON (Exec base: 0x0021c000, Load base: 0x0082c520, Size: 0x00000000, Max: 0x00000000, ABSOLUTE)

    **** No section assigned to this execution region ****


    Execution Region app.bin (Exec base: 0x0080e000, Load base: 0x0080e000, Size: 0x00000400, Max: 0xffffffff, ABSOLUTE)

    Exec Addr    Load Addr    Size         Type   Attr      Idx    E Section Name        Object

    0x0080e000   0x0080e000   0x00000400   Data   RO           20    .app.flash.header   system_rtl8762c.o


    Execution Region APP_FLASH_HEADER_EXT (Exec base: 0x0080e400, Load base: 0x0080e400, Size: 0x00000000, Max: 0xffffffff, ABSOLUTE)

    **** No section assigned to this execution region ****


    Execution Region FLASH_START_ADDR (Exec base: 0x0080e400, Load base: 0x0080e400, Size: 0x00000008, Max: 0xffffffff, ABSOLUTE)

    Exec Addr    Load Addr    Size         Type   Attr      Idx    E Section Name        Object

    0x0080e400   0x0080e400   0x00000008   Code   RO            2    RESET               startup_rtl8762c.o


    Execution Region FLASH_TEXT (Exec base: 0x0080e408, Load base: 0x0080e408, Size: 0x0001d904, Max: 0xffffffff, ABSOLUTE)

    Exec Addr    Load Addr    Size         Type   Attr      Idx    E Section Name        Object

    0x0080e408   0x0080e408   0x00000008   Code   RO         3999  * !!!main             c_w.l(__main.o)
    0x0080e410   0x0080e410   0x00000034   Code   RO         4205    !!!scatter          c_w.l(__scatter.o)
    0x0080e444   0x0080e444   0x0000001a   Code   RO         4207    !!handler_copy      c_w.l(__scatter_copy.o)
    0x0080e45e   0x0080e45e   0x00000002   PAD
    0x0080e460   0x0080e460   0x0000001c   Code   RO         4209    !!handler_zi        c_w.l(__scatter_zi.o)
    0x0080e47c   0x0080e47c   0x00000000   Code   RO         3996    .ARM.Collect$$_printf_percent$$00000000  c_w.l(_printf_percent.o)
    0x0080e47c   0x0080e47c   0x00000006   Code   RO         3995    .ARM.Collect$$_printf_percent$$0000000C  c_w.l(_printf_x.o)
    0x0080e482   0x0080e482   0x00000004   Code   RO         4058    .ARM.Collect$$_printf_percent$$00000017  c_w.l(_printf_percent_end.o)
    0x0080e486   0x0080e486   0x00000002   Code   RO         4106    .ARM.Collect$$libinit$$00000000  c_w.l(libinit.o)
    0x0080e488   0x0080e488   0x00000004   Code   RO         4107    .ARM.Collect$$libinit$$00000001  c_w.l(libinit2.o)
    0x0080e48c   0x0080e48c   0x00000000   Code   RO         4110    .ARM.Collect$$libinit$$00000004  c_w.l(libinit2.o)
    0x0080e48c   0x0080e48c   0x00000000   Code   RO         4113    .ARM.Collect$$libinit$$0000000A  c_w.l(libinit2.o)
    0x0080e48c   0x0080e48c   0x00000000   Code   RO         4115    .ARM.Collect$$libinit$$0000000C  c_w.l(libinit2.o)
    0x0080e48c   0x0080e48c   0x00000000   Code   RO         4117    .ARM.Collect$$libinit$$0000000E  c_w.l(libinit2.o)
    0x0080e48c   0x0080e48c   0x00000000   Code   RO         4120    .ARM.Collect$$libinit$$00000011  c_w.l(libinit2.o)
    0x0080e48c   0x0080e48c   0x00000000   Code   RO         4122    .ARM.Collect$$libinit$$00000013  c_w.l(libinit2.o)
    0x0080e48c   0x0080e48c   0x00000000   Code   RO         4124    .ARM.Collect$$libinit$$00000015  c_w.l(libinit2.o)
    0x0080e48c   0x0080e48c   0x00000000   Code   RO         4126    .ARM.Collect$$libinit$$00000017  c_w.l(libinit2.o)
    0x0080e48c   0x0080e48c   0x00000000   Code   RO         4128    .ARM.Collect$$libinit$$00000019  c_w.l(libinit2.o)
    0x0080e48c   0x0080e48c   0x00000000   Code   RO         4130    .ARM.Collect$$libinit$$0000001B  c_w.l(libinit2.o)
    0x0080e48c   0x0080e48c   0x00000000   Code   RO         4132    .ARM.Collect$$libinit$$0000001D  c_w.l(libinit2.o)
    0x0080e48c   0x0080e48c   0x00000000   Code   RO         4134    .ARM.Collect$$libinit$$0000001F  c_w.l(libinit2.o)
    0x0080e48c   0x0080e48c   0x00000000   Code   RO         4136    .ARM.Collect$$libinit$$00000021  c_w.l(libinit2.o)
    0x0080e48c   0x0080e48c   0x00000000   Code   RO         4138    .ARM.Collect$$libinit$$00000023  c_w.l(libinit2.o)
    0x0080e48c   0x0080e48c   0x00000000   Code   RO         4140    .ARM.Collect$$libinit$$00000025  c_w.l(libinit2.o)
    0x0080e48c   0x0080e48c   0x00000000   Code   RO         4144    .ARM.Collect$$libinit$$0000002C  c_w.l(libinit2.o)
    0x0080e48c   0x0080e48c   0x00000000   Code   RO         4146    .ARM.Collect$$libinit$$0000002E  c_w.l(libinit2.o)
    0x0080e48c   0x0080e48c   0x00000000   Code   RO         4148    .ARM.Collect$$libinit$$00000030  c_w.l(libinit2.o)
    0x0080e48c   0x0080e48c   0x00000000   Code   RO         4150    .ARM.Collect$$libinit$$00000032  c_w.l(libinit2.o)
    0x0080e48c   0x0080e48c   0x00000002   Code   RO         4151    .ARM.Collect$$libinit$$00000033  c_w.l(libinit2.o)
    0x0080e48e   0x0080e48e   0x00000000   Code   RO         4049    .ARM.Collect$$rtentry$$00000000  c_w.l(__rtentry.o)
    0x0080e48e   0x0080e48e   0x00000000   Code   RO         4075    .ARM.Collect$$rtentry$$00000002  c_w.l(__rtentry2.o)
    0x0080e48e   0x0080e48e   0x00000006   Code   RO         4087    .ARM.Collect$$rtentry$$00000004  c_w.l(__rtentry4.o)
    0x0080e494   0x0080e494   0x00000000   Code   RO         4077    .ARM.Collect$$rtentry$$00000009  c_w.l(__rtentry2.o)
    0x0080e494   0x0080e494   0x00000004   Code   RO         4078    .ARM.Collect$$rtentry$$0000000A  c_w.l(__rtentry2.o)
    0x0080e498   0x0080e498   0x00000000   Code   RO         4080    .ARM.Collect$$rtentry$$0000000C  c_w.l(__rtentry2.o)
    0x0080e498   0x0080e498   0x00000008   Code   RO         4081    .ARM.Collect$$rtentry$$0000000D  c_w.l(__rtentry2.o)
    0x0080e4a0   0x0080e4a0   0x00000200   Code   RO           15    .app.flash.text     system_rtl8762c.o
    0x0080e6a0   0x0080e6a0   0x00000006   Code   RO         1329    .app.flash.text     main.o
    0x0080e6a6   0x0080e6a6   0x00000002   PAD
    0x0080e6a8   0x0080e6a8   0x000000dc   Code   RO         2285    .app.flash.text     gap_utils.lib(gap_config.o)
    0x0080e784   0x0080e784   0x00000050   Code   RO            3    .text               startup_rtl8762c.o
    0x0080e7d4   0x0080e7d4   0x00000108   Code   RO           18    .text               system_rtl8762c.o
    0x0080e8dc   0x0080e8dc   0x00000358   Code   RO          236    .text               rtl876x_rcc.o
    0x0080ec34   0x0080ec34   0x0000019c   Code   RO          264    .text               rtl876x_tim.o
    0x0080edd0   0x0080edd0   0x000001e8   Code   RO          291    .text               rtl876x_uart.o
    0x0080efb8   0x0080efb8   0x00000b4c   Code   RO          315    .text               dfu_server.o
    0x0080fb04   0x0080fb04   0x00000db4   Code   RO          522    .text               dfu_client.o
    0x008108b8   0x008108b8   0x0000029c   Code   RO          563    .text               ota_server.o
    0x00810b54   0x00810b54   0x00000750   Code   RO          597    .text               ais_server.o
    0x008112a4   0x008112a4   0x00000284   Code   RO          652    .text               dis.o
    0x00811528   0x00811528   0x00000494   Code   RO          683    .text               health_server.o
    0x008119bc   0x008119bc   0x000004b8   Code   RO          712    .text               firmware_update_server.o
    0x00811e74   0x00811e74   0x000007b4   Code   RO          744    .text               object_transfer_server.o
    0x00812628   0x00812628   0x000002a4   Code   RO          778    .text               generic_on_off_server.o
    0x008128cc   0x008128cc   0x00000238   Code   RO          898    .text               generic_transition_time.o
    0x00812b04   0x00812b04   0x000005d4   Code   RO          930    .text               light_lightness_server.o
    0x008130d8   0x008130d8   0x000000f4   Code   RO          964    .text               light_lightness_setup_server.o
    0x008131cc   0x008131cc   0x0000055c   Code   RO          992    .text               light_ctl_server.o
    0x00813728   0x00813728   0x000002dc   Code   RO         1022    .text               light_ctl_temperature_server.o
    0x00813a04   0x00813a04   0x00000514   Code   RO         1048    .text               light_hsl_server.o
    0x00813f18   0x00813f18   0x000002e0   Code   RO         1078    .text               light_hsl_hue_server.o
    0x008141f8   0x008141f8   0x000002cc   Code   RO         1104    .text               light_hsl_saturation_server.o
    0x008144c4   0x008144c4   0x00000120   Code   RO         1130    .text               light_hsl_setup_server.o
    0x008145e4   0x008145e4   0x00000058   Code   RO         1158    .text               light_cwrgb_server.o
    0x0081463c   0x0081463c   0x0000041c   Code   RO         1214    .text               scene_server.o
    0x00814a58   0x00814a58   0x00000138   Code   RO         1244    .text               light_ctl_setup_server.o
    0x00814b90   0x00814b90   0x000001d0   Code   RO         1269    .text               scene_setup_server.o
    0x00814d60   0x00814d60   0x000002b8   Code   RO         1330    .text               main.o
    0x00815018   0x00815018   0x00000168   Code   RO         1426    .text               app_task.o
    0x00815180   0x00815180   0x00000a88   Code   RO         1465    .text               light_app.o
    0x00815c08   0x00815c08   0x000003f4   Code   RO         1522    .text               light_ctl_server_app.o
    0x00815ffc   0x00815ffc   0x0000026c   Code   RO         1559    .text               light_hsl_server_app.o
    0x00816268   0x00816268   0x00000204   Code   RO         1588    .text               light_lightness_server_app.o
    0x0081646c   0x0081646c   0x00000098   Code   RO         1614    .text               light_cwrgb_server_app.o
    0x00816504   0x00816504   0x000002e8   Code   RO         1644    .text               dfu_updater_app.o
    0x008167ec   0x008167ec   0x00000228   Code   RO         1672    .text               dimmable_light.o
    0x00816a14   0x00816a14   0x00000220   Code   RO         1699    .text               mp_cmd_parse.o
    0x00816c34   0x00816c34   0x00000098   Code   RO         1727    .text               mp_cmd.o
    0x00816ccc   0x00816ccc   0x000000a8   Code   RO         1749    .text               user_data.o
    0x00816d74   0x00816d74   0x0000010c   Code   RO         1765    .text               user_flash.o
    0x00816e80   0x00816e80   0x0000007c   Code   RO         1816    .text               overlay_mgr.o
    0x00816efc   0x00816efc   0x00000458   Code   RO         1837    .text               light_controller_app.o
    0x00817354   0x00817354   0x0000040c   Code   RO         1864    .text               light_ctl_hsl_server_app.o
    0x00817760   0x00817760   0x00000110   Code   RO         1890    .text               light_effect_app.o
    0x00817870   0x00817870   0x0000009c   Code   RO         1918    .text               light_storage_app.o
    0x0081790c   0x0081790c   0x00000a6c   Code   RO         1946    .text               light_cwrgb_app.o
    0x00818378   0x00818378   0x00000168   Code   RO         1992    .text               light_swtimer.o
    0x008184e0   0x008184e0   0x00000088   Code   RO         2344    .text               gap_utils.lib(gap_lib.o)
    0x00818568   0x00818568   0x00000154   Code   RO         2373    .text               gap_utils.lib(gap_lib_patch.o)
    0x008186bc   0x008186bc   0x000000b4   Code   RO         2418    .text               mesh_dev.lib(platform_os.o)
    0x00818770   0x00818770   0x00000230   Code   RO         2458    .text               mesh_dev.lib(platform_misc.o)
    0x008189a0   0x008189a0   0x00000018   Code   RO         2539    .text               mesh_dev.lib(platform_diagnose.o)
    0x008189b8   0x008189b8   0x00000394   Code   RO         2560    .text               mesh_dev.lib(data_uart.o)
    0x00818d4c   0x00818d4c   0x00000a88   Code   RO         2605    .text               mesh_dev.lib(gap_scheduler.o)
    0x008197d4   0x008197d4   0x00000830   Code   RO         2773    .text               mesh_dev.lib(mesh_access.o)
    0x0081a004   0x0081a004   0x00000368   Code   RO         2826    .text               mesh_dev.lib(mesh_bearer.o)
    0x0081a36c   0x0081a36c   0x00000538   Code   RO         2896    .text               mesh_dev.lib(mesh_beacon.o)
    0x0081a8a4   0x0081a8a4   0x0000037c   Code   RO         2931    .text               mesh_dev.lib(mesh_common.o)
    0x0081ac20   0x0081ac20   0x00000a50   Code   RO         2970    .text               mesh_dev.lib(mesh_provision.o)
    0x0081b670   0x0081b670   0x000004d4   Code   RO         3037    .text               mesh_dev.lib(mesh_service.o)
    0x0081bb44   0x0081bb44   0x00001a0c   Code   RO         3085    .text               mesh_dev.lib(mesh_node.o)
    0x0081d550   0x0081d550   0x000008a8   Code   RO         3147    .text               mesh_dev.lib(provision_device.o)
    0x0081ddf8   0x0081ddf8   0x00000e54   Code   RO         3173    .text               mesh_dev.lib(mesh_flash.o)
    0x0081ec4c   0x0081ec4c   0x00000110   Code   RO         3312    .text               gap_utils.lib(gap_vendor_cmd.o)
    0x0081ed5c   0x0081ed5c   0x00000072   Code   RO         3328    .text               mesh_dev.lib(platform_list.o)
    0x0081edce   0x0081edce   0x00000002   PAD
    0x0081edd0   0x0081edd0   0x00000174   Code   RO         3340    .text               mesh_dev.lib(aes_cmac.o)
    0x0081ef44   0x0081ef44   0x0000033a   Code   RO         3356    .text               mesh_dev.lib(ccm.o)
    0x0081f27e   0x0081f27e   0x00000002   PAD
    0x0081f280   0x0081f280   0x00000dba   Code   RO         3371    .text               mesh_dev.lib(ecc.o)
    0x0082003a   0x0082003a   0x00000002   PAD
    0x0082003c   0x0082003c   0x00000168   Code   RO         3397    .text               mesh_dev.lib(provision_server.o)
    0x008201a4   0x008201a4   0x00000098   Code   RO         3429    .text               mesh_dev.lib(provision_service.o)
    0x0082023c   0x0082023c   0x00000178   Code   RO         3461    .text               mesh_dev.lib(proxy_server.o)
    0x008203b4   0x008203b4   0x000000ac   Code   RO         3490    .text               mesh_dev.lib(proxy_service.o)
    0x00820460   0x00820460   0x00000c64   Code   RO         3520    .text               mesh_dev.lib(mesh_transport.o)
    0x008210c4   0x008210c4   0x0000078c   Code   RO         3550    .text               mesh_dev.lib(mesh_network.o)
    0x00821850   0x00821850   0x00000e78   Code   RO         3578    .text               mesh_dev.lib(mesh_security.o)
    0x008226c8   0x008226c8   0x000001f4   Code   RO         3604    .text               mesh_dev.lib(mesh_rpl.o)
    0x008228bc   0x008228bc   0x00000c94   Code   RO         3636    .text               mesh_dev.lib(provision_adv.o)
    0x00823550   0x00823550   0x00000aa4   Code   RO         3669    .text               mesh_dev.lib(proxy_protocol.o)
    0x00823ff4   0x00823ff4   0x000018dc   Code   RO         3699    .text               mesh_dev.lib(friendship_fn.o)
    0x008258d0   0x008258d0   0x00000db4   Code   RO         3728    .text               mesh_dev.lib(friendship_lpn.o)
    0x00826684   0x00826684   0x00000440   Code   RO         3756    .text               mesh_dev.lib(heartbeat.o)
    0x00826ac4   0x00826ac4   0x00001c04   Code   RO         3815    .text               mesh_dev.lib(configuration_server.o)
    0x008286c8   0x008286c8   0x000006d4   Code   RO         3871    .text               mesh_dev.lib(aes.o)
    0x00828d9c   0x00828d9c   0x00000048   Code   RO         3889    .text               mesh_dev.lib(crc8ets.o)
    0x00828de4   0x00828de4   0x000001e4   Code   RO         3918    .text               mesh_dev.lib(transport_ping.o)
    0x00828fc8   0x00828fc8   0x00000026   Code   RO         3942    .text               c_w.l(llshl.o)
    0x00828fee   0x00828fee   0x00000026   Code   RO         3944    .text               c_w.l(llushr.o)
    0x00829014   0x00829014   0x00000028   Code   RO         3948    .text               c_w.l(noretval__2sprintf.o)
    0x0082903c   0x0082903c   0x0000004e   Code   RO         3952    .text               c_w.l(_printf_pad.o)
    0x0082908a   0x0082908a   0x00000002   PAD
    0x0082908c   0x0082908c   0x00000058   Code   RO         3957    .text               c_w.l(_printf_hex_int.o)
    0x008290e4   0x008290e4   0x00000138   Code   RO         3987    .text               c_w.l(__printf_flags_wp.o)
    0x0082921c   0x0082921c   0x00000096   Code   RO         3997    .text               c_w.l(strncmp.o)
    0x008292b2   0x008292b2   0x00000016   Code   RO         4050    .text               c_w.l(_rserrno.o)
    0x008292c8   0x008292c8   0x000000b2   Code   RO         4052    .text               c_w.l(_printf_intcommon.o)
    0x0082937a   0x0082937a   0x00000002   PAD
    0x0082937c   0x0082937c   0x00000030   Code   RO         4054    .text               c_w.l(_printf_char_common.o)
    0x008293ac   0x008293ac   0x0000000a   Code   RO         4056    .text               c_w.l(_sputc.o)
    0x008293b6   0x008293b6   0x00000002   PAD
    0x008293b8   0x008293b8   0x00000008   Code   RO         4089    .text               c_w.l(rt_errno_addr.o)
    0x008293c0   0x008293c0   0x00000060   Code   RO         2249    i.UpdateMAC         bee2_sdk.lib(rtl876x_lib_platform.o)
    0x00829420   0x00829420   0x00000118   Code   RO         4031    i.__hardfp_ceil     m_wm.l(ceil.o)
    0x00829538   0x00829538   0x0000007a   Code   RO         4037    i.__hardfp_sqrt     m_wm.l(sqrt.o)
    0x008295b2   0x008295b2   0x00000002   PAD
    0x008295b4   0x008295b4   0x0000004c   Code   RO         3199    i._cfg_check_header_valid  bee2_sdk.lib(rtl876x_lib_cfg_int.o)
    0x00829600   0x00829600   0x00000090   Code   RO         3200    i._cfg_write_to_flash  bee2_sdk.lib(rtl876x_lib_cfg_int.o)
    0x00829690   0x00829690   0x0000000e   Code   RO         3985    i._is_digit         c_w.l(__printf_wp.o)
    0x0082969e   0x0082969e   0x00000002   PAD
    0x008296a0   0x008296a0   0x00000134   Code   RO         3201    i.cfg_add_item      bee2_sdk.lib(rtl876x_lib_cfg_int.o)
    0x008297d4   0x008297d4   0x000000e0   Code   RO         3203    i.cfg_find_item     bee2_sdk.lib(rtl876x_lib_cfg_int.o)
    0x008298b4   0x008298b4   0x0000004c   Code   RO         2022    i.flash_lock_new    bee2_sdk.lib(rtl8762c_lib_flash.o)
    0x00829900   0x00829900   0x00000026   Code   RO         2034    i.flash_set_block_protect_locked  bee2_sdk.lib(rtl8762c_lib_flash.o)
    0x00829926   0x00829926   0x0000002a   Code   RO         2035    i.flash_sw_protect_unlock_by_addr_locked  bee2_sdk.lib(rtl8762c_lib_flash.o)
    0x00829950   0x00829950   0x00000038   Code   RO         2036    i.flash_unlock_new  bee2_sdk.lib(rtl8762c_lib_flash.o)
    0x00829988   0x00829988   0x00000062   Code   RO         4001    x$fpl$d2f           fz_wm.l(d2f.o)
    0x008299ea   0x008299ea   0x00000002   PAD
    0x008299ec   0x008299ec   0x00000150   Code   RO         4003    x$fpl$dadd          fz_wm.l(daddsub_clz.o)
    0x00829b3c   0x00829b3c   0x00000018   Code   RO         4096    x$fpl$dcmpinf       fz_wm.l(dcmpi.o)
    0x00829b54   0x00829b54   0x000002b0   Code   RO         4010    x$fpl$ddiv          fz_wm.l(ddiv.o)
    0x00829e04   0x00829e04   0x0000005e   Code   RO         4013    x$fpl$dfix          fz_wm.l(dfix.o)
    0x00829e62   0x00829e62   0x00000002   PAD
    0x00829e64   0x00829e64   0x0000005a   Code   RO         4017    x$fpl$dfixu         fz_wm.l(dfixu.o)
    0x00829ebe   0x00829ebe   0x0000002e   Code   RO         4022    x$fpl$dflt          fz_wm.l(dflt_clz.o)
    0x00829eec   0x00829eec   0x00000026   Code   RO         4021    x$fpl$dfltu         fz_wm.l(dflt_clz.o)
    0x00829f12   0x00829f12   0x00000002   PAD
    0x00829f14   0x00829f14   0x00000078   Code   RO         4059    x$fpl$dleqf         fz_wm.l(dleqf.o)
    0x00829f8c   0x00829f8c   0x00000154   Code   RO         4027    x$fpl$dmul          fz_wm.l(dmul.o)
    0x0082a0e0   0x0082a0e0   0x0000009c   Code   RO         4061    x$fpl$dnaninf       fz_wm.l(dnaninf.o)
    0x0082a17c   0x0082a17c   0x0000000c   Code   RO         4063    x$fpl$dretinf       fz_wm.l(dretinf.o)
    0x0082a188   0x0082a188   0x0000006c   Code   RO         4065    x$fpl$drleqf        fz_wm.l(drleqf.o)
    0x0082a1f4   0x0082a1f4   0x00000016   Code   RO         4004    x$fpl$drsb          fz_wm.l(daddsub_clz.o)
    0x0082a20a   0x0082a20a   0x00000002   PAD
    0x0082a20c   0x0082a20c   0x00000198   Code   RO         4067    x$fpl$dsqrt         fz_wm.l(dsqrt_umaal.o)
    0x0082a3a4   0x0082a3a4   0x000001d4   Code   RO         4005    x$fpl$dsub          fz_wm.l(daddsub_clz.o)
    0x0082a578   0x0082a578   0x00000056   Code   RO         4029    x$fpl$f2d           fz_wm.l(f2d.o)
    0x0082a5ce   0x0082a5ce   0x0000008c   Code   RO         4069    x$fpl$fnaninf       fz_wm.l(fnaninf.o)
    0x0082a65a   0x0082a65a   0x0000000a   Code   RO         4154    x$fpl$fpinit        fz_wm.l(fpinit.o)
    0x0082a664   0x0082a664   0x0000000a   Code   RO         4071    x$fpl$fretinf       fz_wm.l(fretinf.o)
    0x0082a66e   0x0082a66e   0x00000000   Code   RO         4073    x$fpl$usenofp       fz_wm.l(usenofp.o)
    0x0082a66e   0x0082a66e   0x00000002   PAD
    0x0082a670   0x0082a670   0x00000020   Data   RO           22    .constdata          system_rtl8762c.o
    0x0082a690   0x0082a690   0x000000f4   Data   RO           23    .constdata          system_rtl8762c.o
    0x0082a784   0x0082a784   0x00000010   Data   RO          320    .constdata          dfu_server.o
    0x0082a794   0x0082a794   0x000000dd   Data   RO          321    .constdata          dfu_server.o
    0x0082a871   0x0082a871   0x00000003   PAD
    0x0082a874   0x0082a874   0x0000004e   Data   RO          525    .constdata          dfu_client.o
    0x0082a8c2   0x0082a8c2   0x00000010   Data   RO          567    .constdata          ota_server.o
    0x0082a8d2   0x0082a8d2   0x00000002   PAD
    0x0082a8d4   0x0082a8d4   0x00000220   Data   RO          568    .constdata          ota_server.o
    0x0082aaf4   0x0082aaf4   0x000001c4   Data   RO          600    .constdata          ais_server.o
    0x0082acb8   0x0082acb8   0x00000220   Data   RO          655    .constdata          dis.o
    0x0082aed8   0x0082aed8   0x00000035   Data   RO          685    .constdata          health_server.o
    0x0082af0d   0x0082af0d   0x00000037   Data   RO          715    .constdata          firmware_update_server.o
    0x0082af44   0x0082af44   0x0000006d   Data   RO          748    .constdata          object_transfer_server.o
    0x0082afb1   0x0082afb1   0x0000001a   Data   RO          780    .constdata          generic_on_off_server.o
    0x0082afcb   0x0082afcb   0x00000001   PAD
    0x0082afcc   0x0082afcc   0x0000001a   Data   RO          901    .constdata          generic_transition_time.o
    0x0082afe6   0x0082afe6   0x0000001b   Data   RO          932    .constdata          light_lightness_server.o
    0x0082b001   0x0082b001   0x00000015   Data   RO          994    .constdata          light_ctl_server.o
    0x0082b016   0x0082b016   0x00000021   Data   RO         1024    .constdata          light_ctl_temperature_server.o
    0x0082b037   0x0082b037   0x00000015   Data   RO         1050    .constdata          light_hsl_server.o
    0x0082b04c   0x0082b04c   0x00000019   Data   RO         1080    .constdata          light_hsl_hue_server.o
    0x0082b065   0x0082b065   0x00000020   Data   RO         1106    .constdata          light_hsl_saturation_server.o
    0x0082b085   0x0082b085   0x00000027   Data   RO         1216    .constdata          scene_server.o
    0x0082b0ac   0x0082b0ac   0x00000017   Data   RO         1271    .constdata          scene_setup_server.o
    0x0082b0c3   0x0082b0c3   0x00000001   PAD
    0x0082b0c4   0x0082b0c4   0x0000002e   Data   RO         1332    .constdata          main.o
    0x0082b0f2   0x0082b0f2   0x00000038   Data   RO         1429    .constdata          app_task.o
    0x0082b12a   0x0082b12a   0x0000000c   Data   RO         1702    .constdata          mp_cmd_parse.o
    0x0082b136   0x0082b136   0x00000002   PAD
    0x0082b138   0x0082b138   0x00000010   Data   RO         1729    .constdata          mp_cmd.o
    0x0082b148   0x0082b148   0x00000004   Data   RO         1891    .constdata          light_effect_app.o
    0x0082b14c   0x0082b14c   0x0000000c   Data   RO         1919    .constdata          light_storage_app.o
    0x0082b158   0x0082b158   0x00000014   Data   RO         2419    .constdata          mesh_dev.lib(platform_os.o)
    0x0082b16c   0x0082b16c   0x00000025   Data   RO         2608    .constdata          mesh_dev.lib(gap_scheduler.o)
    0x0082b191   0x0082b191   0x0000000f   Data   RO         2775    .constdata          mesh_dev.lib(mesh_access.o)
    0x0082b1a0   0x0082b1a0   0x00000015   Data   RO         2829    .constdata          mesh_dev.lib(mesh_bearer.o)
    0x0082b1b5   0x0082b1b5   0x0000002a   Data   RO         2934    .constdata          mesh_dev.lib(mesh_common.o)
    0x0082b1df   0x0082b1df   0x0000000e   Data   RO         2973    .constdata          mesh_dev.lib(mesh_provision.o)
    0x0082b1ed   0x0082b1ed   0x0000000b   Data   RO         3040    .constdata          mesh_dev.lib(mesh_service.o)
    0x0082b1f8   0x0082b1f8   0x00000093   Data   RO         3088    .constdata          mesh_dev.lib(mesh_node.o)
    0x0082b28b   0x0082b28b   0x00000001   PAD
    0x0082b28c   0x0082b28c   0x00000004   Data   RO         3149    .constdata          mesh_dev.lib(provision_device.o)
    0x0082b290   0x0082b290   0x00000035   Data   RO         3176    .constdata          mesh_dev.lib(mesh_flash.o)
    0x0082b2c5   0x0082b2c5   0x0000002e   Data   RO         3204    .constdata          bee2_sdk.lib(rtl876x_lib_cfg_int.o)
    0x0082b2f3   0x0082b2f3   0x00000005   PAD
    0x0082b2f8   0x0082b2f8   0x00000060   Data   RO         3372    .constdata          mesh_dev.lib(ecc.o)
    0x0082b358   0x0082b358   0x000000b4   Data   RO         3400    .constdata          mesh_dev.lib(provision_server.o)
    0x0082b40c   0x0082b40c   0x000000b4   Data   RO         3464    .constdata          mesh_dev.lib(proxy_server.o)
    0x0082b4c0   0x0082b4c0   0x00000019   Data   RO         3523    .constdata          mesh_dev.lib(mesh_transport.o)
    0x0082b4d9   0x0082b4d9   0x00000009   Data   RO         3607    .constdata          mesh_dev.lib(mesh_rpl.o)
    0x0082b4e2   0x0082b4e2   0x0000001b   Data   RO         3639    .constdata          mesh_dev.lib(provision_adv.o)
    0x0082b4fd   0x0082b4fd   0x0000005d   Data   RO         3672    .constdata          mesh_dev.lib(proxy_protocol.o)
    0x0082b55a   0x0082b55a   0x00000017   Data   RO         3702    .constdata          mesh_dev.lib(friendship_fn.o)
    0x0082b571   0x0082b571   0x00000009   Data   RO         3731    .constdata          mesh_dev.lib(friendship_lpn.o)
    0x0082b57a   0x0082b57a   0x00000002   PAD
    0x0082b57c   0x0082b57c   0x00000004   Data   RO         3759    .constdata          mesh_dev.lib(heartbeat.o)
    0x0082b580   0x0082b580   0x000000d8   Data   RO         3818    .constdata          mesh_dev.lib(configuration_server.o)
    0x0082b658   0x0082b658   0x000002ff   Data   RO         3873    .constdata          mesh_dev.lib(aes.o)
    0x0082b957   0x0082b957   0x00000100   Data   RO         3890    .constdata          mesh_dev.lib(crc8ets.o)
    0x0082ba57   0x0082ba57   0x00000028   Data   RO         3958    .constdata          c_w.l(_printf_hex_int.o)
    0x0082ba7f   0x0082ba7f   0x00000011   Data   RO         3988    .constdata          c_w.l(__printf_flags_wp.o)
    0x0082ba90   0x0082ba90   0x00000220   Data   RO           24    .conststring        system_rtl8762c.o
    0x0082bcb0   0x0082bcb0   0x00000019   Data   RO         1818    .conststring        overlay_mgr.o
    0x0082bcc9   0x0082bcc9   0x00000003   PAD
    0x0082bccc   0x0082bccc   0x00000040   Data   RO         4203    Region$$Table       anon$$obj.o



  Load Region LOAD_APP_TRACE (Base: 0x08800000, Size: 0x00008cec, Max: 0x00400000, ABSOLUTE)

    Execution Region App.trace (Exec base: 0x08800000, Load base: 0x08800000, Size: 0x00008cec, Max: 0x00400000, ABSOLUTE)

    Exec Addr    Load Addr    Size         Type   Attr      Idx    E Section Name        Object

    0x08800000   0x08800000   0x000000e6   Data   RO           19    .TRACE              system_rtl8762c.o
    0x088000e6   0x088000e6   0x00000002   PAD
    0x088000e8   0x088000e8   0x0000002a   Data   RO          171    .TRACE              rtl876x_io_dlps.o
    0x08800112   0x08800112   0x00000002   PAD
    0x08800114   0x08800114   0x0000063b   Data   RO          316    .TRACE              dfu_server.o
    0x0880074f   0x0880074f   0x00000001   PAD
    0x08800750   0x08800750   0x000007a0   Data   RO          523    .TRACE              dfu_client.o
    0x08800ef0   0x08800ef0   0x00000153   Data   RO          564    .TRACE              ota_server.o
    0x08801043   0x08801043   0x00000001   PAD
    0x08801044   0x08801044   0x00000315   Data   RO          598    .TRACE              ais_server.o
    0x08801359   0x08801359   0x00000003   PAD
    0x0880135c   0x0880135c   0x0000009e   Data   RO          653    .TRACE              dis.o
    0x088013fa   0x088013fa   0x00000002   PAD
    0x088013fc   0x088013fc   0x0000005a   Data   RO          684    .TRACE              health_server.o
    0x08801456   0x08801456   0x00000002   PAD
    0x08801458   0x08801458   0x00000090   Data   RO          713    .TRACE              firmware_update_server.o
    0x088014e8   0x088014e8   0x0000030b   Data   RO          745    .TRACE              object_transfer_server.o
    0x088017f3   0x088017f3   0x00000001   PAD
    0x088017f4   0x088017f4   0x000000b1   Data   RO          779    .TRACE              generic_on_off_server.o
    0x088018a5   0x088018a5   0x00000003   PAD
    0x088018a8   0x088018a8   0x00000053   Data   RO          814    .TRACE              generic_power_on_off_server.o
    0x088018fb   0x088018fb   0x00000001   PAD
    0x088018fc   0x088018fc   0x00000059   Data   RO          842    .TRACE              generic_power_on_off_setup_server.o
    0x08801955   0x08801955   0x00000003   PAD
    0x08801958   0x08801958   0x000000b0   Data   RO          870    .TRACE              generic_level_server.o
    0x08801a08   0x08801a08   0x0000006b   Data   RO          899    .TRACE              generic_transition_time.o
    0x08801a73   0x08801a73   0x00000001   PAD
    0x08801a74   0x08801a74   0x000000b2   Data   RO          931    .TRACE              light_lightness_server.o
    0x08801b26   0x08801b26   0x00000002   PAD
    0x08801b28   0x08801b28   0x00000054   Data   RO          965    .TRACE              light_lightness_setup_server.o
    0x08801b7c   0x08801b7c   0x000000a8   Data   RO          993    .TRACE              light_ctl_server.o
    0x08801c24   0x08801c24   0x000000c0   Data   RO         1023    .TRACE              light_ctl_temperature_server.o
    0x08801ce4   0x08801ce4   0x000000a8   Data   RO         1049    .TRACE              light_hsl_server.o
    0x08801d8c   0x08801d8c   0x000000b0   Data   RO         1079    .TRACE              light_hsl_hue_server.o
    0x08801e3c   0x08801e3c   0x000000bb   Data   RO         1105    .TRACE              light_hsl_saturation_server.o
    0x08801ef7   0x08801ef7   0x00000001   PAD
    0x08801ef8   0x08801ef8   0x0000004e   Data   RO         1131    .TRACE              light_hsl_setup_server.o
    0x08801f46   0x08801f46   0x00000002   PAD
    0x08801f48   0x08801f48   0x00000058   Data   RO         1186    .TRACE              generic_default_transition_time_server.o
    0x08801fa0   0x08801fa0   0x000000a0   Data   RO         1215    .TRACE              scene_server.o
    0x08802040   0x08802040   0x0000004e   Data   RO         1245    .TRACE              light_ctl_setup_server.o
    0x0880208e   0x0880208e   0x00000002   PAD
    0x08802090   0x08802090   0x000000a4   Data   RO         1270    .TRACE              scene_setup_server.o
    0x08802134   0x08802134   0x000000e1   Data   RO         1299    .TRACE              delay_execution.o
    0x08802215   0x08802215   0x00000003   PAD
    0x08802218   0x08802218   0x00000038   Data   RO         1427    .TRACE              app_task.o
    0x08802250   0x08802250   0x00000c1c   Data   RO         1466    .TRACE              light_app.o
    0x08802e6c   0x08802e6c   0x00000133   Data   RO         1645    .TRACE              dfu_updater_app.o
    0x08802f9f   0x08802f9f   0x00000001   PAD
    0x08802fa0   0x08802fa0   0x0000007e   Data   RO         1673    .TRACE              dimmable_light.o
    0x0880301e   0x0880301e   0x00000002   PAD
    0x08803020   0x08803020   0x000000e6   Data   RO         1700    .TRACE              mp_cmd_parse.o
    0x08803106   0x08803106   0x00000002   PAD
    0x08803108   0x08803108   0x00000105   Data   RO         1728    .TRACE              mp_cmd.o
    0x0880320d   0x0880320d   0x00000003   PAD
    0x08803210   0x08803210   0x00000233   Data   RO         1766    .TRACE              user_flash.o
    0x08803443   0x08803443   0x00000001   PAD
    0x08803444   0x08803444   0x0000005e   Data   RO         1838    .TRACE              light_controller_app.o
    0x088034a2   0x088034a2   0x00000002   PAD
    0x088034a4   0x088034a4   0x0000009a   Data   RO         1993    .TRACE              light_swtimer.o
    0x0880353e   0x0880353e   0x00000002   PAD
    0x08803540   0x08803540   0x00000193   Data   RO         2287    .TRACE              gap_utils.lib(gap_config.o)
    0x088036d3   0x088036d3   0x00000001   PAD
    0x088036d4   0x088036d4   0x00000191   Data   RO         2345    .TRACE              gap_utils.lib(gap_lib.o)
    0x08803865   0x08803865   0x00000003   PAD
    0x08803868   0x08803868   0x00000085   Data   RO         2374    .TRACE              gap_utils.lib(gap_lib_patch.o)
    0x088038ed   0x088038ed   0x00000003   PAD
    0x088038f0   0x088038f0   0x00000027   Data   RO         2459    .TRACE              mesh_dev.lib(platform_misc.o)
    0x08803917   0x08803917   0x00000001   PAD
    0x08803918   0x08803918   0x00000034   Data   RO         2561    .TRACE              mesh_dev.lib(data_uart.o)
    0x0880394c   0x0880394c   0x00000375   Data   RO         2606    .TRACE              mesh_dev.lib(gap_scheduler.o)
    0x08803cc1   0x08803cc1   0x00000003   PAD
    0x08803cc4   0x08803cc4   0x00000300   Data   RO         2774    .TRACE              mesh_dev.lib(mesh_access.o)
    0x08803fc4   0x08803fc4   0x000000f6   Data   RO         2827    .TRACE              mesh_dev.lib(mesh_bearer.o)
    0x088040ba   0x088040ba   0x00000002   PAD
    0x088040bc   0x088040bc   0x000001b8   Data   RO         2897    .TRACE              mesh_dev.lib(mesh_beacon.o)
    0x08804274   0x08804274   0x00000226   Data   RO         2932    .TRACE              mesh_dev.lib(mesh_common.o)
    0x0880449a   0x0880449a   0x00000002   PAD
    0x0880449c   0x0880449c   0x000006d7   Data   RO         2971    .TRACE              mesh_dev.lib(mesh_provision.o)
    0x08804b73   0x08804b73   0x00000001   PAD
    0x08804b74   0x08804b74   0x000001af   Data   RO         3038    .TRACE              mesh_dev.lib(mesh_service.o)
    0x08804d23   0x08804d23   0x00000001   PAD
    0x08804d24   0x08804d24   0x000007f9   Data   RO         3086    .TRACE              mesh_dev.lib(mesh_node.o)
    0x0880551d   0x0880551d   0x00000003   PAD
    0x08805520   0x08805520   0x000002e4   Data   RO         3148    .TRACE              mesh_dev.lib(provision_device.o)
    0x08805804   0x08805804   0x000001ae   Data   RO         3174    .TRACE              mesh_dev.lib(mesh_flash.o)
    0x088059b2   0x088059b2   0x00000002   PAD
    0x088059b4   0x088059b4   0x00000029   Data   RO         3274    .TRACE              bee2_sdk.lib(xtx_flash_otp.o)
    0x088059dd   0x088059dd   0x00000003   PAD
    0x088059e0   0x088059e0   0x00000102   Data   RO         3398    .TRACE              mesh_dev.lib(provision_server.o)
    0x08805ae2   0x08805ae2   0x00000002   PAD
    0x08805ae4   0x08805ae4   0x00000033   Data   RO         3430    .TRACE              mesh_dev.lib(provision_service.o)
    0x08805b17   0x08805b17   0x00000001   PAD
    0x08805b18   0x08805b18   0x0000012b   Data   RO         3462    .TRACE              mesh_dev.lib(proxy_server.o)
    0x08805c43   0x08805c43   0x00000001   PAD
    0x08805c44   0x08805c44   0x00000489   Data   RO         3521    .TRACE              mesh_dev.lib(mesh_transport.o)
    0x088060cd   0x088060cd   0x00000003   PAD
    0x088060d0   0x088060d0   0x000003b3   Data   RO         3551    .TRACE              mesh_dev.lib(mesh_network.o)
    0x08806483   0x08806483   0x00000001   PAD
    0x08806484   0x08806484   0x00000b8a   Data   RO         3579    .TRACE              mesh_dev.lib(mesh_security.o)
    0x0880700e   0x0880700e   0x00000002   PAD
    0x08807010   0x08807010   0x000000d5   Data   RO         3605    .TRACE              mesh_dev.lib(mesh_rpl.o)
    0x088070e5   0x088070e5   0x00000003   PAD
    0x088070e8   0x088070e8   0x00000864   Data   RO         3637    .TRACE              mesh_dev.lib(provision_adv.o)
    0x0880794c   0x0880794c   0x000003dd   Data   RO         3670    .TRACE              mesh_dev.lib(proxy_protocol.o)
    0x08807d29   0x08807d29   0x00000003   PAD
    0x08807d2c   0x08807d2c   0x000009f9   Data   RO         3700    .TRACE              mesh_dev.lib(friendship_fn.o)
    0x08808725   0x08808725   0x00000003   PAD
    0x08808728   0x08808728   0x00000392   Data   RO         3729    .TRACE              mesh_dev.lib(friendship_lpn.o)
    0x08808aba   0x08808aba   0x00000002   PAD
    0x08808abc   0x08808abc   0x0000015b   Data   RO         3757    .TRACE              mesh_dev.lib(heartbeat.o)
    0x08808c17   0x08808c17   0x00000001   PAD
    0x08808c18   0x08808c18   0x00000038   Data   RO         3816    .TRACE              mesh_dev.lib(configuration_server.o)
    0x08808c50   0x08808c50   0x00000099   Data   RO         3919    .TRACE              mesh_dev.lib(transport_ping.o)


==============================================================================

Image component sizes


      Code (inc. data)   RO Data    RW Data    ZI Data      Debug   Object Name

      1872        100       1241          0         40      12252   ais_server.o
       360         24        112          0         12       3651   app_task.o
         0          0        225          0          0       3506   delay_execution.o
      3508        344       2030          2         60      25954   dfu_client.o
      2892        198       1832          1         76      91698   dfu_server.o
       744         54        307          0         40       4400   dfu_updater_app.o
       552         40        126          0          8       4452   dimmable_light.o
       644         50        702         46        132       5756   dis.o
      1208         38        199          0         80       9626   firmware_update_server.o
         0          0         88          0          0       4687   generic_default_transition_time_server.o
         0          0        176          0          0       7665   generic_level_server.o
       676         32        203          0          0       8391   generic_on_off_server.o
         0          0         83          0          0       4287   generic_power_on_off_server.o
         0          0         89          0          0       3320   generic_power_on_off_setup_server.o
       568         26        133          0          8       6271   generic_transition_time.o
      1172         36        143          0          0      14715   health_server.o
      2696        404       3100          0         10      16297   light_app.o
      1112         36         94          0        244       7002   light_controller_app.o
      1036        258          0          0        400       4811   light_ctl_hsl_server_app.o
      1372         78        189          0          0      14266   light_ctl_server.o
      1012        244          0        144        324      10335   light_ctl_server_app.o
       312         22         78          0          0       2105   light_ctl_setup_server.o
       732         34        225          0          0       5029   light_ctl_temperature_server.o
      2668         84          0         60         36      12206   light_cwrgb_app.o
        88          4          0          0          0       2634   light_cwrgb_server.o
       152         16          0          0         40       2978   light_cwrgb_server_app.o
       272          4          4          0          0       4229   light_effect_app.o
       736         34        201          0          0       5602   light_hsl_hue_server.o
       716         32        219          0          0       5845   light_hsl_saturation_server.o
      1300         34        189          0          0      13971   light_hsl_server.o
       620         36          0          0        280       4883   light_hsl_server_app.o
       288         22         78          0          0       8349   light_hsl_setup_server.o
      1492         54        205          0          0      15242   light_lightness_server.o
       516        210          0          0        120       3189   light_lightness_server_app.o
       244         20         84          0          0       6659   light_lightness_setup_server.o
       156          4         12          0          0       3174   light_storage_app.o
       360         62        154          0          8       3228   light_swtimer.o
       702         48         46          0         40       8285   main.o
       152         16        277          0          0       2249   mp_cmd.o
       544         20        242          0         12       3551   mp_cmd_parse.o
      1972         52        888          0         96      13324   object_transfer_server.o
       668         22        899          0         56       5116   ota_server.o
       124         10         25        108          8       3556   overlay_mgr.o
         0          0         42          0          0       6108   rtl876x_io_dlps.o
       856         32          0          0          0       3161   rtl876x_rcc.o
       412         12          0          0          0       6397   rtl876x_tim.o
       488         34          0          0          0       3321   rtl876x_uart.o
      1052         32        199          0          0      10296   scene_server.o
       464         26        187          0          0       5995   scene_setup_server.o
        88         66        244          0          0       1012   startup_rtl8762c.o
      1260        230       2074          4         12      78372   system_rtl8762c.o
       168         10          0          0          0       2259   user_data.o
      1168        136        563          1          3       9205   user_flash.o

    ----------------------------------------------------------------------
     42196       3380      18328        372       2148     524872   Object Totals
         0          0         64          0          0          0   (incl. Generated)
         2          0         57          6          3          0   (incl. Padding)

    ----------------------------------------------------------------------

      Code (inc. data)   RO Data    RW Data    ZI Data      Debug   Library Member Name

       212         26          0          0          0      45757   rtl8762c_lib_flash.o
       752        204         46          0          0       6142   rtl876x_lib_cfg_int.o
        96         28          0          0          0       2220   rtl876x_lib_platform.o
         0          0         41          0          0      10764   xtx_flash_otp.o
         8          0          0          0          0         68   __main.o
       312          4         17          0          0         92   __printf_flags_wp.o
        14          0          0          0          0         68   __printf_wp.o
         0          0          0          0          0          0   __rtentry.o
        12          0          0          0          0          0   __rtentry2.o
         6          0          0          0          0          0   __rtentry4.o
        52          8          0          0          0          0   __scatter.o
        26          0          0          0          0          0   __scatter_copy.o
        28          0          0          0          0          0   __scatter_zi.o
        48          6          0          0          0         96   _printf_char_common.o
        88          4         40          0          0         88   _printf_hex_int.o
       178          0          0          0          0         88   _printf_intcommon.o
        78          0          0          0          0        108   _printf_pad.o
         0          0          0          0          0          0   _printf_percent.o
         4          0          0          0          0          0   _printf_percent_end.o
         6          0          0          0          0          0   _printf_x.o
        22          0          0          0          0        100   _rserrno.o
        10          0          0          0          0         68   _sputc.o
         2          0          0          0          0          0   libinit.o
         6          0          0          0          0          0   libinit2.o
        38          0          0          0          0         68   llshl.o
        38          0          0          0          0         68   llushr.o
        40          6          0          0          0         84   noretval__2sprintf.o
         8          4          0          0          4         68   rt_errno_addr.o
       150          0          0          0          0         80   strncmp.o
        98          4          0          0          0        140   d2f.o
       826         16          0          0          0        492   daddsub_clz.o
        24          0          0          0          0        116   dcmpi.o
       688        140          0          0          0        256   ddiv.o
        94          4          0          0          0        140   dfix.o
        90          4          0          0          0        140   dfixu.o
        84          0          0          0          0        232   dflt_clz.o
       120          4          0          0          0        140   dleqf.o
       340         12          0          0          0        152   dmul.o
       156          4          0          0          0        140   dnaninf.o
        12          0          0          0          0        116   dretinf.o
       108          0          0          0          0        128   drleqf.o
       408         56          0          0          0        168   dsqrt_umaal.o
        86          4          0          0          0        132   f2d.o
       140          4          0          0          0        132   fnaninf.o
        10          0          0          0          0        116   fpinit.o
        10          0          0          0          0        116   fretinf.o
         0          0          0          0          0          0   usenofp.o
       220          8        403          0          0      63959   gap_config.o
       136         10        401          0          0       8950   gap_lib.o
       340         20        133          0          0       5208   gap_lib_patch.o
       272         14          0          0          0       3767   gap_vendor_cmd.o
       280         28          0          0          0        156   ceil.o
       122          0          0          0          0        148   sqrt.o
      1748         24        767          0        192       4900   aes.o
       372          6          0         16          0       3317   aes_cmac.o
       826          0          0          0          0       4224   ccm.o
      7172        130        272          0         40      54556   configuration_server.o
        72          6        256          0          0       2122   crc8ets.o
       916         50         52          0          8      10836   data_uart.o
      3514         12         96          0          0      14926   ecc.o
      6364        168       2576          0         12      18994   friendship_fn.o
      3508        100        923          0         12      11318   friendship_lpn.o
      2696         82        922         33         88      59633   gap_scheduler.o
      1088         32        351          0         36      39039   heartbeat.o
      2096         48        783          0          0      39733   mesh_access.o
      1336         56        440          0          8       6238   mesh_beacon.o
       872         28        267          0          4      34124   mesh_bearer.o
       892         68        592          0         28      11084   mesh_common.o
      3668        112        483          0         24       9995   mesh_flash.o
      1932         48        947          0        772       6799   mesh_network.o
      6668        208       2188          0        148      58643   mesh_node.o
      2640        120       1765          0         28      46882   mesh_provision.o
       500         24        222          0         12       3204   mesh_rpl.o
      3704        144       2954          0          0      13273   mesh_security.o
      1236         70        442          0         16       5666   mesh_service.o
      3172        110       1186          0        184      10937   mesh_transport.o
        24          4          0         16          0       1511   platform_diagnose.o
       114          0          0          0          0       2181   platform_list.o
       560         16         39          0          0      30239   platform_misc.o
       180         10         20          0          0       4084   platform_os.o
      3220        124       2175          0         76      13964   provision_adv.o
      2216         86        744          0          0       7758   provision_device.o
       360         38        438          0          2       5392   provision_server.o
       152         20         51          1          4       2380   provision_service.o
      2724        104       1082          0          8      12703   proxy_protocol.o
       376         36        479          0          2       3571   proxy_server.o
       172          6          0          1          0       2304   proxy_service.o
       484         22        153          0          8       3532   transport_ping.o

    ----------------------------------------------------------------------
     74500       2734      24804         68       1720     711133   Library Totals
        28          0         58          1          4          0   (incl. Padding)

    ----------------------------------------------------------------------

      Code (inc. data)   RO Data    RW Data    ZI Data      Debug   Library Name

      1060        258         87          0          0      64883   bee2_sdk.lib
      1174         32         57          0          4       1144   c_w.l
      3294        252          0          0          0       2856   fz_wm.l
       968         52        937          0          0      81884   gap_utils.lib
       402         28          0          0          0        304   m_wm.l
     67574       2112      23665         67       1712     560062   mesh_dev.lib

    ----------------------------------------------------------------------
     74500       2734      24804         68       1720     711133   Library Totals

    ----------------------------------------------------------------------

==============================================================================


      Code (inc. data)   RO Data    RW Data    ZI Data      Debug   

    116696       6114      43132        440       3868    1216685   Grand Totals
    116696       6114      43132        440       3868    1216685   ELF Image Totals
    116696       6114      43132        440          0          0   ROM Totals

==============================================================================

    Total RO  Size (Code + RO Data)               159828 ( 156.08kB)
    Total RW  Size (RW Data + ZI Data)              4308 (   4.21kB)
    Total ROM Size (Code + RO Data + RW Data)     160268 ( 156.51kB)

==============================================================================

