Component: ARM Compiler 5.06 update 5 (build 528) Tool: armlink [4d35e2]

==============================================================================

Section Cross References

    startup_rtl8762c.o(VECTOR) refers to startup_rtl8762c.o(RESET) for Reset_Handler
    startup_rtl8762c.o(VECTOR) refers to startup_rtl8762c.o(.text) for NMI_Handler
    startup_rtl8762c.o(VECTOR) refers to data_uart.o(.text) for UART0_Handler
    startup_rtl8762c.o(VECTOR) refers to system_rtl8762c.o(.ram.dataon.data) for GPIO_Group3_Handler
    startup_rtl8762c.o(RESET) refers to system_rtl8762c.o(.app.flash.text) for SystemInit
    system_rtl8762c.o(.app.flash.text) refers to overlay_mgr.o(.text) for load_overlay
    system_rtl8762c.o(.app.flash.text) refers to system_rtl8762c.o(.text) for NVIC_DisableIRQ
    system_rtl8762c.o(.app.flash.text) refers to system_rtl8762c.o(.app.overlay_a) for AppUpdateVectorTable
    system_rtl8762c.o(.app.flash.text) refers to main.o(.app.flash.text) for bt_stack_config_init
    system_rtl8762c.o(.app.flash.text) refers to system_rtl8762c.o(.data) for .data
    system_rtl8762c.o(.app.flash.text) refers to system_rtl8762c.o(.TRACE) for .TRACE
    system_rtl8762c.o(.app.flash.text) refers to system_rtl8762c.o(.bss) for app_pre_main_cb
    system_rtl8762c.o(.app.overlay_a) refers to system_rtl8762c.o(.constdata) for .constdata
    system_rtl8762c.o(.app.overlay_a) refers to startup_rtl8762c.o(.text) for Default_Handler
    system_rtl8762c.o(.app.overlay_a) refers to system_rtl8762c.o(.TRACE) for .TRACE
    system_rtl8762c.o(.ram.dataon.data) refers to startup_rtl8762c.o(.text) for GPIO3_Handler
    system_rtl8762c.o(.text) refers to main.o(.text) for main
    system_rtl8762c.o(.text) refers to system_rtl8762c.o(.data) for .data
    system_rtl8762c.o(.text) refers to system_rtl8762c.o(.bss) for .bss
    system_rtl8762c.o(.app.flash.header) refers to system_rtl8762c.o(.constdata) for app_cb_table
    system_rtl8762c.o(.constdata) refers to system_rtl8762c.o(.text) for app_cb0_wdg_reset
    system_rtl8762c.o(.constdata) refers to system_rtl8762c.o(.conststring) for .conststring
    rtl876x_io_dlps.o(.ram.dataon.data) refers to rtl876x_io_dlps.o(.bss) for .bss
    rtl876x_io_dlps.o(.ram.dataon.data) refers to rtl876x_io_dlps.o(.TRACE) for .TRACE
    rtl876x_io_dlps.o(.text) refers to rtl876x_io_dlps.o(.ram.dataon.data) for DLPS_IO_EnterDlpsCb
    rtl876x_tim.o(.text) refers to rtl876x_rcc.o(.text) for RCC_PeriphClockCmd
    rtl876x_uart.o(.text) refers to rtl876x_rcc.o(.text) for RCC_PeriphClockCmd
    dfu_server.o(.text) refers to platform_misc.o(.text) for plt_swap2
    dfu_server.o(.text) refers to gap_scheduler.o(.text) for gap_sched_link_check
    dfu_server.o(.text) refers to mesh_bearer.o(.text) for bearer_send
    dfu_server.o(.text) refers to platform_os.o(.text) for plt_timer_create
    dfu_server.o(.text) refers to user_flash.o(.ram.dataon.data) for unlock_flash_all
    dfu_server.o(.text) refers to platform_diagnose.o(.data) for mesh_log_switch
    dfu_server.o(.text) refers to dfu_server.o(.TRACE) for .TRACE
    dfu_server.o(.text) refers to dfu_server.o(.constdata) for .constdata
    dfu_server.o(.text) refers to app_task.o(.bss) for io_queue_handle
    dfu_server.o(.text) refers to dfu_server.o(.bss) for .bss
    dfu_server.o(.text) refers to gap_scheduler.o(.bss) for gap_scheduler
    dfu_server.o(.text) refers to data_uart.o(.text) for data_uart_debug
    dfu_server.o(.text) refers to mesh_common.o(.text) for mesh_reboot
    dfu_server.o(.text) refers to system_rtl8762c.o(.text) for WDG_SystemReset
    dfu_server.o(.text) refers to dfu_server.o(.data) for .data
    dfu_server.o(.constdata) refers to dfu_server.o(.constdata) for dfu_service_uuid
    dfu_server.o(.constdata) refers to dfu_server.o(.text) for dfu_attr_write_cb
    dfu_client.o(.text) refers to dfu_client.o(.bss) for .bss
    dfu_client.o(.text) refers to platform_diagnose.o(.data) for mesh_log_switch
    dfu_client.o(.text) refers to dfu_client.o(.TRACE) for .TRACE
    dfu_client.o(.text) refers to dfu_server.o(.constdata) for dfu_service_uuid
    dfu_client.o(.text) refers to dfu_client.o(.data) for .data
    dfu_client.o(.text) refers to dfu_client.o(.constdata) for .constdata
    dfu_client.o(.text) refers to gap_scheduler.o(.text) for gap_sched_scan
    dfu_client.o(.text) refers to platform_misc.o(.text) for plt_swap2
    dfu_client.o(.text) refers to data_uart.o(.text) for data_uart_debug
    dfu_client.o(.text) refers to dfu_server.o(.bss) for dfu_ctx
    dfu_client.o(.text) refers to gap_scheduler.o(.bss) for gap_scheduler
    dfu_client.o(.constdata) refers to dfu_client.o(.text) for dfu_client_disc_state_cb
    ota_server.o(.text) refers to ota_server.o(.bss) for .bss
    ota_server.o(.text) refers to ota_server.o(.TRACE) for .TRACE
    ota_server.o(.text) refers to ota_server.o(.constdata) for .constdata
    ota_server.o(.constdata) refers to ota_server.o(.constdata) for GATT_UUID_OTA_SERVICE
[...]
    prov_disconnect                          0x0081d1c7   Thumb Code    86  provision_device.o(.text)
    device_receive                           0x0081d4b1   Thumb Code   352  provision_device.o(.text)
    device_prov_cb                           0x0081d611   Thumb Code   176  provision_device.o(.text)
    prov_auth_value_set                      0x0081d6c1   Thumb Code   194  provision_device.o(.text)
    prov_init                                0x0081d783   Thumb Code    38  provision_device.o(.text)
    mesh_flash_store                         0x0081db39   Thumb Code  1100  mesh_flash.o(.text)
    mesh_flash_clear                         0x0081df85   Thumb Code  1010  mesh_flash.o(.text)
    mesh_flash_restore                       0x0081e377   Thumb Code  1140  mesh_flash.o(.text)
    mesh_node_state_restore                  0x0081e7eb   Thumb Code    68  mesh_flash.o(.text)
    gap_set_lps_bootup_active_time           0x0081e83d   Thumb Code    52  gap_vendor_cmd.o(.text)
    lps_get_wakeup_time                      0x0081e871   Thumb Code    22  gap_vendor_cmd.o(.text)
    le_handle_vendor_cmd_rsp                 0x0081e887   Thumb Code    72  gap_vendor_cmd.o(.text)
    gap_vendor_cmd_req                       0x0081e8cf   Thumb Code    16  gap_vendor_cmd.o(.text)
    le_handle_vendor_evt_info                0x0081e8df   Thumb Code    22  gap_vendor_cmd.o(.text)
    le_vendor_modify_bt_le_fw_policy         0x0081e8f5   Thumb Code    74  gap_vendor_cmd.o(.text)
    plt_list_push                            0x0081e94d   Thumb Code    26  platform_list.o(.text)
    plt_list_pop                             0x0081e967   Thumb Code    26  platform_list.o(.text)
    plt_list_insert                          0x0081e981   Thumb Code    34  platform_list.o(.text)
    plt_list_delete                          0x0081e9a3   Thumb Code    28  platform_list.o(.text)
    xor_128                                  0x0081e9c1   Thumb Code    20  aes_cmac.o(.text)
    leftshift_onebit                         0x0081e9d5   Thumb Code    24  aes_cmac.o(.text)
    generate_subkey                          0x0081e9ed   Thumb Code   108  aes_cmac.o(.text)
    padding                                  0x0081ea59   Thumb Code    36  aes_cmac.o(.text)
    AES_CMAC                                 0x0081ea7d   Thumb Code   178  aes_cmac.o(.text)
    ccm_auth_encrypt                         0x0081ede7   Thumb Code    50  ccm.o(.text)
    ccm_auth_decrypt                         0x0081ee19   Thumb Code    86  ccm.o(.text)
    ecc_validate_key                         0x0081f8ed   Thumb Code   194  ecc.o(.text)
    ecdh_shared_secret                       0x0081f9af   Thumb Code   150  ecc.o(.text)
    prov_server_write_cb                     0x0081fc2d   Thumb Code   110  provision_server.o(.text)
    prov_server_notify                       0x0081fc9b   Thumb Code    22  provision_server.o(.text)
    prov_server_cccd_update_cb               0x0081fcb1   Thumb Code    66  provision_server.o(.text)
    prov_server_add                          0x0081fd15   Thumb Code    90  provision_server.o(.text)
    prov_service_send                        0x0081fd95   Thumb Code    30  provision_service.o(.text)
    prov_service_receive                     0x0081fdb3   Thumb Code    50  provision_service.o(.text)
    prov_service_handle_tx_done              0x0081fde5   Thumb Code    18  provision_service.o(.text)
    prov_service_handle_disc                 0x0081fdf7   Thumb Code    34  provision_service.o(.text)
    proxy_server_write_cb                    0x0081fe2d   Thumb Code    98  proxy_server.o(.text)
    proxy_server_cccd_update_cb              0x0081fe8f   Thumb Code    86  proxy_server.o(.text)
    proxy_server_notify                      0x0081fee5   Thumb Code    32  proxy_server.o(.text)
    proxy_server_add                         0x0081ff27   Thumb Code    90  proxy_server.o(.text)
    proxy_service_send                       0x0081ffa5   Thumb Code    44  proxy_service.o(.text)
    proxy_service_receive                    0x0081ffd1   Thumb Code    92  proxy_service.o(.text)
    proxy_service_handle_disc                0x0082002d   Thumb Code    30  proxy_service.o(.text)
    trans_send_check                         0x00820051   Thumb Code    12  mesh_transport.o(.text)
    trans_tx_timer_start                     0x00820075   Thumb Code    84  mesh_transport.o(.text)
    trans_tx_timer_stop                      0x008200c9   Thumb Code    24  mesh_transport.o(.text)
    trans_rx_timer_start                     0x008200e1   Thumb Code   130  mesh_transport.o(.text)
    trans_rx_timer_stop                      0x00820163   Thumb Code    26  mesh_transport.o(.text)
    trans_rx_incomplete_timer_start          0x0082017d   Thumb Code    64  mesh_transport.o(.text)
    trans_rx_incomplete_timer_stop           0x008201bd   Thumb Code    26  mesh_transport.o(.text)
    trans_seg_ack                            0x008201d7   Thumb Code   232  mesh_transport.o(.text)
    trans_send_seg                           0x008202bf   Thumb Code   336  mesh_transport.o(.text)
    trans_need_retransmit                    0x0082040f   Thumb Code   154  mesh_transport.o(.text)
    trans_retransmit                         0x008204a9   Thumb Code   178  mesh_transport.o(.text)
    trans_send                               0x0082055b   Thumb Code   420  mesh_transport.o(.text)
    trans_receive                            0x008206ff   Thumb Code  1186  mesh_transport.o(.text)
    trans_handle_timeout                     0x00820ba1   Thumb Code   136  mesh_transport.o(.text)
    trans_hb                                 0x00820c29   Thumb Code   112  mesh_transport.o(.text)
    nmc_init                                 0x00820cb5   Thumb Code    90  mesh_network.o(.text)
    nmc_clear                                0x00820d0f   Thumb Code    84  mesh_network.o(.text)
    nmc_check                                0x00820d63   Thumb Code    86  mesh_network.o(.text)
    nmc_update                               0x00820db9   Thumb Code    74  mesh_network.o(.text)
    net_send                                 0x00820e03   Thumb Code   420  mesh_network.o(.text)
    net_receive                              0x00820fa7   Thumb Code  1158  mesh_network.o(.text)
    mesh_s1                                  0x00821441   Thumb Code    22  mesh_security.o(.text)
    mesh_k1                                  0x00821457   Thumb Code    36  mesh_security.o(.text)
    mesh_k2                                  0x0082147b   Thumb Code   478  mesh_security.o(.text)
    mesh_k3                                  0x00821659   Thumb Code   270  mesh_security.o(.text)
    mesh_k4                                  0x00821767   Thumb Code   222  mesh_security.o(.text)
    vir_addr_gen                             0x00821845   Thumb Code   282  mesh_security.o(.text)
    identity_key_gen                         0x0082195f   Thumb Code   206  mesh_security.o(.text)
    identity_hash_gen                        0x00821a2d   Thumb Code   168  mesh_security.o(.text)
    beacon_key_gen                           0x00821ad5   Thumb Code   204  mesh_security.o(.text)
    app_nonce_gen                            0x00821ba1   Thumb Code   120  mesh_security.o(.text)
    net_nonce_gen                            0x00821c19   Thumb Code   110  mesh_security.o(.text)
    proxy_nonce_gen                          0x00821c87   Thumb Code   148  mesh_security.o(.text)
    app_encrypt                              0x00821d1b   Thumb Code   316  mesh_security.o(.text)
    app_decrypt                              0x00821e57   Thumb Code   292  mesh_security.o(.text)
    net_encrypt                              0x00821f7b   Thumb Code   260  mesh_security.o(.text)
    net_decrypt                              0x0082207f   Thumb Code   260  mesh_security.o(.text)
    privacy_counter_gen                      0x00822183   Thumb Code    98  mesh_security.o(.text)
    net_obfuscate                            0x008221e5   Thumb Code   192  mesh_security.o(.text)
    rpl_init                                 0x008222b9   Thumb Code   104  mesh_rpl.o(.text)
    rpl_check                                0x00822321   Thumb Code   252  mesh_rpl.o(.text)
    rpl_clear                                0x0082241d   Thumb Code    62  mesh_rpl.o(.text)
    rpl_reset                                0x0082245b   Thumb Code    58  mesh_rpl.o(.text)
    pb_adv_receive_filter                    0x008227ed   Thumb Code    28  provision_adv.o(.text)
    pb_adv_receive_sar                       0x00822809   Thumb Code   156  provision_adv.o(.text)
    pb_adv_receive                           0x008228a5   Thumb Code  1416  provision_adv.o(.text)
    pb_adv_handle_timeout                    0x00822e2d   Thumb Code   324  provision_adv.o(.text)
    pb_adv_link_open                         0x00822f71   Thumb Code   146  provision_adv.o(.text)
    pb_adv_link_close                        0x00823003   Thumb Code    56  provision_adv.o(.text)
    pb_adv_link_check                        0x0082303b   Thumb Code    12  provision_adv.o(.text)
    pb_adv_send                              0x00823047   Thumb Code   230  provision_adv.o(.text)
    pb_adv_init                              0x0082312d   Thumb Code    12  provision_adv.o(.text)
    proxy_send                               0x00823141   Thumb Code   272  proxy_protocol.o(.text)
    proxy_receive                            0x00823251   Thumb Code   320  proxy_protocol.o(.text)
    proxy_filter_add_addr                    0x00823391   Thumb Code    88  proxy_protocol.o(.text)
    proxy_filter_remove_addr                 0x008233e9   Thumb Code    82  proxy_protocol.o(.text)
    proxy_filter_update                      0x0082343b   Thumb Code    16  proxy_protocol.o(.text)
    proxy_filter_free                        0x0082344b   Thumb Code    46  proxy_protocol.o(.text)
    proxy_filter                             0x00823479   Thumb Code    78  proxy_protocol.o(.text)
    proxy_cfg_send                           0x008234c7   Thumb Code   258  proxy_protocol.o(.text)
    proxy_cfg_set_filter_type                0x008235c9   Thumb Code    26  proxy_protocol.o(.text)
    proxy_cfg_add_remove_addr                0x008235e3   Thumb Code   108  proxy_protocol.o(.text)
    proxy_cfg_filter_stat                    0x0082364f   Thumb Code    36  proxy_protocol.o(.text)
    proxy_cfg_handle_msg                     0x00823673   Thumb Code   298  proxy_protocol.o(.text)
    proxy_cfg_receive                        0x0082379d   Thumb Code   514  proxy_protocol.o(.text)
    proxy_ctx_allocate                       0x008239b7   Thumb Code   188  proxy_protocol.o(.text)
    proxy_ctx_set_cb                         0x00823a73   Thumb Code    32  proxy_protocol.o(.text)
    proxy_ctx_set_filter_type                0x00823a93   Thumb Code    28  proxy_protocol.o(.text)
    proxy_ctx_set_link                       0x00823aaf   Thumb Code    28  proxy_protocol.o(.text)
    proxy_ctx_get_link                       0x00823acb   Thumb Code    26  proxy_protocol.o(.text)
    proxy_ctx_free                           0x00823ae5   Thumb Code    52  proxy_protocol.o(.text)
    proxy_ctx_init                           0x00823b19   Thumb Code    70  proxy_protocol.o(.text)
    proxy_ctx_deinit                         0x00823b5f   Thumb Code    38  proxy_protocol.o(.text)
    proxy_handle_timeout                     0x00823b85   Thumb Code    58  proxy_protocol.o(.text)
    frnd_offer                               0x00823be5   Thumb Code   156  friendship_fn.o(.text)
    frnd_clear_conf                          0x00823d31   Thumb Code   106  friendship_fn.o(.text)
    frnd_sub_list_conf                       0x00823d9b   Thumb Code   130  friendship_fn.o(.text)
    frnd_update                              0x00823e1d   Thumb Code   196  friendship_fn.o(.text)
    fn_get_lpn                               0x00823ef3   Thumb Code    60  friendship_fn.o(.text)
    fn_get_lpn1                              0x00823f2f   Thumb Code    78  friendship_fn.o(.text)
    fn_get_master_key                        0x00823f7d   Thumb Code    70  friendship_fn.o(.text)
    fn_get_poll_to                           0x00823fc3   Thumb Code    90  friendship_fn.o(.text)
    fn_frnd_queue_reset                      0x0082401d   Thumb Code   120  friendship_fn.o(.text)
    fn_frnd_queue_delete                     0x00824095   Thumb Code    98  friendship_fn.o(.text)
    fn_frnd_queue_add                        0x008240f7   Thumb Code   268  friendship_fn.o(.text)
    fn_frnd_queue_add_seg_ack                0x00824203   Thumb Code   180  friendship_fn.o(.text)
    fn_frnd_queue_add_frnd_upd               0x008242b7   Thumb Code   144  friendship_fn.o(.text)
    fn_lpn_sub_check                         0x00824347   Thumb Code    74  friendship_fn.o(.text)
    fn_lpn_sub_add                           0x00824391   Thumb Code   190  friendship_fn.o(.text)
    fn_lpn_sub_remove                        0x0082444f   Thumb Code   134  friendship_fn.o(.text)
    fn_lpn_sub_clear                         0x008244d5   Thumb Code    48  friendship_fn.o(.text)
    fn_frnd_key_gen                          0x00824505   Thumb Code   112  friendship_fn.o(.text)
    fn_frnd_key_upd                          0x00824575   Thumb Code    52  friendship_fn.o(.text)
    fn_frnd_key_refresh                      0x008245a9   Thumb Code    60  friendship_fn.o(.text)
    fn_handle_frnd_req                       0x008245e5   Thumb Code   752  friendship_fn.o(.text)
    fn_ctx_clear                             0x008248d5   Thumb Code   120  friendship_fn.o(.text)
    fn_handle_frnd_clear                     0x0082494d   Thumb Code   160  friendship_fn.o(.text)
    fn_handle_frnd_clear_conf                0x008249ed   Thumb Code   162  friendship_fn.o(.text)
    fn_handle_iv_index_update                0x00824d79   Thumb Code    74  friendship_fn.o(.text)
    fn_handle_msg                            0x00824dc3   Thumb Code   368  friendship_fn.o(.text)
    fn_handle_timeout                        0x00824f33   Thumb Code   336  friendship_fn.o(.text)
    fn_cache_check                           0x00825083   Thumb Code   152  friendship_fn.o(.text)
    fn_cache                                 0x0082511b   Thumb Code   548  friendship_fn.o(.text)
    fn_clear                                 0x0082533f   Thumb Code    88  friendship_fn.o(.text)
    fn_init                                  0x00825397   Thumb Code   254  friendship_fn.o(.text)
    frnd_req                                 0x008254c1   Thumb Code   252  friendship_lpn.o(.text)
    frnd_poll                                0x008255bd   Thumb Code   182  friendship_lpn.o(.text)
    frnd_sub_list_add_rm                     0x00825673   Thumb Code   238  friendship_lpn.o(.text)
    lpn_frnd_key_gen                         0x0082581d   Thumb Code   120  friendship_lpn.o(.text)
    lpn_frnd_key_upd                         0x00825895   Thumb Code    80  friendship_lpn.o(.text)
    lpn_frnd_key_refresh                     0x008258e5   Thumb Code    72  friendship_lpn.o(.text)
    lpn_handle_frnd_offer                    0x0082592d   Thumb Code   230  friendship_lpn.o(.text)
    lpn_handle_frnd_upd                      0x00825a13   Thumb Code   462  friendship_lpn.o(.text)
    lpn_handle_cache_pkt                     0x00825be1   Thumb Code   150  friendship_lpn.o(.text)
    lpn_handle_msg                           0x00825c77   Thumb Code   282  friendship_lpn.o(.text)
    lpn_handle_timeout                       0x00825dc9   Thumb Code   446  friendship_lpn.o(.text)
    lpn_filter                               0x00825f87   Thumb Code     4  friendship_lpn.o(.text)
    lpn_req                                  0x00825f8b   Thumb Code   318  friendship_lpn.o(.text)
    lpn_frnd_key_get                         0x008260c9   Thumb Code   106  friendship_lpn.o(.text)
    lpn_frnd_exist_by_key                    0x00826133   Thumb Code    22  friendship_lpn.o(.text)
    lpn_frnd_exist                           0x00826149   Thumb Code    42  friendship_lpn.o(.text)
    lpn_clear                                0x00826173   Thumb Code    70  friendship_lpn.o(.text)
    lpn_init                                 0x008261b9   Thumb Code   148  friendship_lpn.o(.text)
    hb_log2_greater                          0x00826275   Thumb Code    42  heartbeat.o(.text)
    hb_exp2                                  0x0082629f   Thumb Code    46  heartbeat.o(.text)
    hb_log2_less                             0x008262cd   Thumb Code    30  heartbeat.o(.text)
    hb_init                                  0x008262eb   Thumb Code     8  heartbeat.o(.text)
    hb_msg_send                              0x008262f3   Thumb Code   230  heartbeat.o(.text)
    hb_timer_cb                              0x008263d9   Thumb Code    74  heartbeat.o(.text)
    hb_timer_start                           0x00826423   Thumb Code   192  heartbeat.o(.text)
    hb_timer_stop                            0x008264e3   Thumb Code    82  heartbeat.o(.text)
    hb_handle_timeout                        0x00826535   Thumb Code   104  heartbeat.o(.text)
    hb_receive_filter                        0x0082659d   Thumb Code    28  heartbeat.o(.text)
    hb_handle_msg                            0x008265b9   Thumb Code   162  heartbeat.o(.text)
    hb_publication_set                       0x0082665b   Thumb Code    10  heartbeat.o(.text)
    hb_publication_get                       0x00826665   Thumb Code    16  heartbeat.o(.text)
    hb_subscription_set                      0x00826675   Thumb Code    16  heartbeat.o(.text)
    hb_subscription_get                      0x00826685   Thumb Code    16  heartbeat.o(.text)
    cfg_compo_data_stat                      0x008266ff   Thumb Code    74  configuration_server.o(.text)
    cfg_beacon_stat                          0x00826749   Thumb Code    28  configuration_server.o(.text)
    cfg_default_ttl_stat                     0x00826765   Thumb Code    28  configuration_server.o(.text)
    cfg_proxy_stat                           0x00826781   Thumb Code    28  configuration_server.o(.text)
    cfg_relay_stat                           0x0082679d   Thumb Code    44  configuration_server.o(.text)
    cfg_net_transmit_stat                    0x008267c9   Thumb Code    40  configuration_server.o(.text)
    cfg_model_pub_stat                       0x008267f1   Thumb Code   100  configuration_server.o(.text)
    cfg_model_sub_stat                       0x00826855   Thumb Code    72  configuration_server.o(.text)
    cfg_model_sub_list                       0x0082689d   Thumb Code   158  configuration_server.o(.text)
    cfg_net_key_stat                         0x0082693b   Thumb Code    32  configuration_server.o(.text)
    cfg_net_key_list                         0x0082695b   Thumb Code   146  configuration_server.o(.text)
    cfg_app_key_stat                         0x008269ed   Thumb Code    50  configuration_server.o(.text)
    cfg_app_key_list                         0x00826a1f   Thumb Code   170  configuration_server.o(.text)
    cfg_node_identity_stat                   0x00826ac9   Thumb Code    36  configuration_server.o(.text)
    cfg_model_app_stat                       0x00826aed   Thumb Code    72  configuration_server.o(.text)
    cfg_model_app_list                       0x00826b35   Thumb Code   232  configuration_server.o(.text)
    cfg_node_reset_stat                      0x00826c1d   Thumb Code    24  configuration_server.o(.text)
    cfg_frnd_stat                            0x00826c35   Thumb Code    28  configuration_server.o(.text)
    cfg_lpn_poll_timeout_stat                0x00826c51   Thumb Code    44  configuration_server.o(.text)
    cfg_key_refresh_phase_stat               0x00826c7d   Thumb Code    36  configuration_server.o(.text)
    cfg_hb_pub_stat                          0x00826ca1   Thumb Code    56  configuration_server.o(.text)
    cfg_hb_sub_stat                          0x00826cd9   Thumb Code    60  configuration_server.o(.text)
    cfg_server_handle_module_pub_set         0x00826d49   Thumb Code   332  configuration_server.o(.text)
    cfg_server_handle_model_pub_va_set       0x00826e95   Thumb Code   396  configuration_server.o(.text)
    cfg_server_handle_model_sub_add          0x00827021   Thumb Code   160  configuration_server.o(.text)
    cfg_server_handle_model_sub_delete_all   0x008270c1   Thumb Code    94  configuration_server.o(.text)
    cfg_server_handle_model_sub_va_add       0x0082711f   Thumb Code   288  configuration_server.o(.text)
    cfg_server_handle_model_sub_get          0x0082723f   Thumb Code   164  configuration_server.o(.text)
    cfg_server_handle_net_key_add            0x008272e3   Thumb Code   106  configuration_server.o(.text)
    cfg_server_handle_net_key_update         0x0082734d   Thumb Code   182  configuration_server.o(.text)
    cfg_server_handle_net_key_delete         0x00827403   Thumb Code   170  configuration_server.o(.text)
    cfg_server_handle_net_key_get            0x008274ad   Thumb Code    58  configuration_server.o(.text)
    cfg_server_handle_app_key_add            0x008274e7   Thumb Code   170  configuration_server.o(.text)
    cfg_server_handle_app_key_update         0x00827591   Thumb Code   262  configuration_server.o(.text)
    cfg_server_handle_app_key_delete         0x00827697   Thumb Code   114  configuration_server.o(.text)
    cfg_server_handle_app_key_get            0x00827709   Thumb Code   104  configuration_server.o(.text)
    cfg_server_handle_node_identity_get      0x00827771   Thumb Code    88  configuration_server.o(.text)
    cfg_server_handle_node_identity_set      0x008277c9   Thumb Code   108  configuration_server.o(.text)
    cfg_server_handle_model_app_bind         0x00827835   Thumb Code   188  configuration_server.o(.text)
    cfg_server_handle_model_app_get          0x008278f1   Thumb Code   154  configuration_server.o(.text)
    cfg_server_handle_key_refresh_phase_set  0x0082798b   Thumb Code   170  configuration_server.o(.text)
    cfg_server_receive                       0x00827a35   Thumb Code  2122  configuration_server.o(.text)
    cfg_server_reg                           0x0082827f   Thumb Code    42  configuration_server.o(.text)
    AES128_ECB_encrypt                       0x008288c1   Thumb Code    80  aes.o(.text)
    AES128_ECB_decrypt                       0x00828911   Thumb Code    80  aes.o(.text)
    crc8EtsGen                               0x0082898d   Thumb Code    28  crc8ets.o(.text)
    crc8EtsCheck                             0x008289a9   Thumb Code    38  crc8ets.o(.text)
    trans_ping                               0x008289d5   Thumb Code   112  transport_ping.o(.text)
    trans_pong                               0x00828a45   Thumb Code   118  transport_ping.o(.text)
    trans_handle_ping_pong_msg               0x00828abb   Thumb Code   208  transport_ping.o(.text)
    trans_ping_pong_init                     0x00828b8b   Thumb Code     8  transport_ping.o(.text)
    __aeabi_llsl                             0x00828bb9   Thumb Code     0  llshl.o(.text)
    _ll_shift_l                              0x00828bb9   Thumb Code    38  llshl.o(.text)
    __aeabi_llsr                             0x00828bdf   Thumb Code     0  llushr.o(.text)
    _ll_ushift_r                             0x00828bdf   Thumb Code    38  llushr.o(.text)
    __2sprintf                               0x00828c05   Thumb Code    34  noretval__2sprintf.o(.text)
    _printf_pre_padding                      0x00828c2d   Thumb Code    44  _printf_pad.o(.text)
    _printf_post_padding                     0x00828c59   Thumb Code    34  _printf_pad.o(.text)
    _printf_int_hex                          0x00828c7d   Thumb Code    84  _printf_hex_int.o(.text)
    _printf_longlong_hex                     0x00828c7d   Thumb Code     0  _printf_hex_int.o(.text)
    __printf                                 0x00828cd5   Thumb Code   308  __printf_flags_wp.o(.text)
    strncmp                                  0x00828e0d   Thumb Code   150  strncmp.o(.text)
    __read_errno                             0x00828ea3   Thumb Code    10  _rserrno.o(.text)
    __set_errno                              0x00828ead   Thumb Code    12  _rserrno.o(.text)
    _printf_int_common                       0x00828eb9   Thumb Code   178  _printf_intcommon.o(.text)
    _printf_char_common                      0x00828f77   Thumb Code    32  _printf_char_common.o(.text)
    _sputc                                   0x00828f9d   Thumb Code    10  _sputc.o(.text)
    __aeabi_errno_addr                       0x00828fa9   Thumb Code     8  rt_errno_addr.o(.text)
    __errno                                  0x00828fa9   Thumb Code     0  rt_errno_addr.o(.text)
    __rt_errno_addr                          0x00828fa9   Thumb Code     0  rt_errno_addr.o(.text)
    UpdateMAC                                0x00828fb1   Thumb Code    68  rtl876x_lib_platform.o(i.UpdateMAC)
    __hardfp_ceil                            0x00829011   Thumb Code   252  ceil.o(i.__hardfp_ceil)
    __hardfp_sqrt                            0x00829129   Thumb Code   122  sqrt.o(i.__hardfp_sqrt)
    _is_digit                                0x00829281   Thumb Code    14  __printf_wp.o(i._is_digit)
    cfg_add_item                             0x00829291   Thumb Code   246  rtl876x_lib_cfg_int.o(i.cfg_add_item)
    cfg_find_item                            0x008293c5   Thumb Code   158  rtl876x_lib_cfg_int.o(i.cfg_find_item)
    flash_lock_new                           0x008294a5   Thumb Code    62  rtl8762c_lib_flash.o(i.flash_lock_new)
    flash_set_block_protect_locked           0x008294f1   Thumb Code    38  rtl8762c_lib_flash.o(i.flash_set_block_protect_locked)
    flash_sw_protect_unlock_by_addr_locked   0x00829517   Thumb Code    42  rtl8762c_lib_flash.o(i.flash_sw_protect_unlock_by_addr_locked)
    flash_unlock_new                         0x00829541   Thumb Code    44  rtl8762c_lib_flash.o(i.flash_unlock_new)
    __aeabi_d2f                              0x00829579   Thumb Code     0  d2f.o(x$fpl$d2f)
    _d2f                                     0x00829579   Thumb Code    98  d2f.o(x$fpl$d2f)
    __aeabi_dadd                             0x008295dd   Thumb Code     0  daddsub_clz.o(x$fpl$dadd)
    _dadd                                    0x008295dd   Thumb Code   332  daddsub_clz.o(x$fpl$dadd)
    __fpl_dcmp_Inf                           0x0082972d   Thumb Code    24  dcmpi.o(x$fpl$dcmpinf)
    __aeabi_ddiv                             0x00829745   Thumb Code     0  ddiv.o(x$fpl$ddiv)
    _ddiv                                    0x00829745   Thumb Code   552  ddiv.o(x$fpl$ddiv)
    __aeabi_d2iz                             0x008299f5   Thumb Code     0  dfix.o(x$fpl$dfix)
    _dfix                                    0x008299f5   Thumb Code    94  dfix.o(x$fpl$dfix)
    __aeabi_d2uiz                            0x00829a55   Thumb Code     0  dfixu.o(x$fpl$dfixu)
    _dfixu                                   0x00829a55   Thumb Code    90  dfixu.o(x$fpl$dfixu)
    __aeabi_i2d                              0x00829aaf   Thumb Code     0  dflt_clz.o(x$fpl$dflt)
    _dflt                                    0x00829aaf   Thumb Code    46  dflt_clz.o(x$fpl$dflt)
    __aeabi_ui2d                             0x00829add   Thumb Code     0  dflt_clz.o(x$fpl$dfltu)
    _dfltu                                   0x00829add   Thumb Code    38  dflt_clz.o(x$fpl$dfltu)
    __aeabi_cdcmple                          0x00829b05   Thumb Code     0  dleqf.o(x$fpl$dleqf)
    _dcmple                                  0x00829b05   Thumb Code   120  dleqf.o(x$fpl$dleqf)
    __fpl_dcmple_InfNaN                      0x00829b67   Thumb Code     0  dleqf.o(x$fpl$dleqf)
    __aeabi_dmul                             0x00829b7d   Thumb Code     0  dmul.o(x$fpl$dmul)
    _dmul                                    0x00829b7d   Thumb Code   332  dmul.o(x$fpl$dmul)
    __fpl_dnaninf                            0x00829cd1   Thumb Code   156  dnaninf.o(x$fpl$dnaninf)
    __fpl_dretinf                            0x00829d6d   Thumb Code    12  dretinf.o(x$fpl$dretinf)
    __aeabi_cdrcmple                         0x00829d79   Thumb Code     0  drleqf.o(x$fpl$drleqf)
    _drcmple                                 0x00829d79   Thumb Code   108  drleqf.o(x$fpl$drleqf)
    __aeabi_drsub                            0x00829de5   Thumb Code     0  daddsub_clz.o(x$fpl$drsb)
    _drsb                                    0x00829de5   Thumb Code    22  daddsub_clz.o(x$fpl$drsb)
    _dsqrt                                   0x00829dfd   Thumb Code   404  dsqrt_umaal.o(x$fpl$dsqrt)
    __aeabi_dsub                             0x00829f95   Thumb Code     0  daddsub_clz.o(x$fpl$dsub)
    _dsub                                    0x00829f95   Thumb Code   464  daddsub_clz.o(x$fpl$dsub)
    __aeabi_f2d                              0x0082a169   Thumb Code     0  f2d.o(x$fpl$f2d)
    _f2d                                     0x0082a169   Thumb Code    86  f2d.o(x$fpl$f2d)
    __fpl_fnaninf                            0x0082a1bf   Thumb Code   140  fnaninf.o(x$fpl$fnaninf)
    _fp_init                                 0x0082a24b   Thumb Code    10  fpinit.o(x$fpl$fpinit)
    __fplib_config_fpu_vfp                   0x0082a253   Thumb Code     0  fpinit.o(x$fpl$fpinit)
    __fplib_config_pureend_doubles           0x0082a253   Thumb Code     0  fpinit.o(x$fpl$fpinit)
    __fpl_fretinf                            0x0082a255   Thumb Code    10  fretinf.o(x$fpl$fretinf)
    __I$use$fp                               0x0082a25e   Number         0  usenofp.o(x$fpl$usenofp)
    app_cb_table                             0x0082a260   Data          32  system_rtl8762c.o(.constdata)
    dfu_service_uuid                         0x0082a374   Data          16  dfu_server.o(.constdata)
    dfu_service_table                        0x0082a384   Data         168  dfu_server.o(.constdata)
    dfu_server_cbs                           0x0082a42c   Data          12  dfu_server.o(.constdata)
    dfu_data_uuid                            0x0082a464   Data          16  dfu_client.o(.constdata)
    dfu_cp_uuid                              0x0082a474   Data          16  dfu_client.o(.constdata)
    dfu_client_cbs                           0x0082a484   Data          24  dfu_client.o(.constdata)
    GATT_UUID_OTA_SERVICE                    0x0082a4b2   Data          16  ota_server.o(.constdata)
    gattOtaServiceTable                      0x0082a4c4   Data         532  ota_server.o(.constdata)
    OTAServiceCBs                            0x0082a6d8   Data          12  ota_server.o(.constdata)
    ais_server_table                         0x0082a6e8   Data         364  ais_server.o(.constdata)
    ais_server_cbs                           0x0082a854   Data          12  ais_server.o(.constdata)
    dis_cbs                                  0x0082aabc   Data          12  dis.o(.constdata)
    tick_map                                 0x0082abbc   Data           8  generic_transition_time.o(.constdata)
    mp_cmd_table                             0x0082ad28   Data          16  mp_cmd.o(.constdata)
    prov_server_table                        0x0082af50   Data         168  provision_server.o(.constdata)
    prov_server_cbs                          0x0082aff8   Data          12  provision_server.o(.constdata)
    proxy_server_table                       0x0082b004   Data         168  proxy_server.o(.constdata)
    proxy_server_cbs                         0x0082b0ac   Data          12  proxy_server.o(.constdata)
    Region$$Table$$Base                      0x0082b8c4   Number         0  anon$$obj.o(Region$$Table)
    Load$$RAM_VECTOR_TABLE$$RO$$Base         0x0082b904   Number         0  anon$$obj.o ABSOLUTE
    Region$$Table$$Limit                     0x0082b904   Number         0  anon$$obj.o(Region$$Table)
    Load$$RAM_DATA_ON$$RO$$Base              0x0082b9f8   Number         0  anon$$obj.o ABSOLUTE
    Load$$RAM_DATA_ON$$RW$$Base              0x0082bea0   Number         0  anon$$obj.o ABSOLUTE
    Load$$OVERLAY_A$$RO$$Base                0x0082c000   Number         0  anon$$obj.o ABSOLUTE
    Load$$CACHE_DATA_ON$$RO$$Base            0x0082c0c0   Number         0  anon$$obj.o ABSOLUTE
    Load$$OVERLAY_A$$RW$$Base                0x0082c0c0   Number         0  anon$$obj.o ABSOLUTE
    Load$$OVERLAY_B$$RO$$Base                0x0082c0c0   Number         0  anon$$obj.o ABSOLUTE
    Load$$OVERLAY_B$$RW$$Base                0x0082c0c0   Number         0  anon$$obj.o ABSOLUTE
    Load$$OVERLAY_C$$RO$$Base                0x0082c0c0   Number         0  anon$$obj.o ABSOLUTE
    Load$$OVERLAY_C$$RW$$Base                0x0082c0c0   Number         0  anon$$obj.o ABSOLUTE



==============================================================================

Memory Map of the image

  Image Entry point : 0x0080e409

  Load Region LOAD_FLASH (Base: 0x0080e000, Size: 0x0001e0c0, Max: 0x00032000, ABSOLUTE)

    Execution Region RAM_VECTOR_TABLE (Exec base: 0x00200000, Load base: 0x0082b904, Size: 0x000000f4, Max: 0x000000f4, ABSOLUTE)

    Exec Addr    Load Addr    Size         Type   Attr      Idx    E Section Name        Object

    0x00200000   0x0082b904   0x000000f4   Data   RO            1    VECTOR              startup_rtl8762c.o


    Execution Region RAM_DATA_ON (Exec base: 0x00207c00, Load base: 0x0082b9f8, Size: 0x0000150c, Max: 0x00007800, ABSOLUTE)

    Exec Addr    Load Addr    Size         Type   Attr      Idx    E Section Name        Object

    0x00207c00   0x0082b9f8   0x00000124   Code   RO           17    .ram.dataon.data    system_rtl8762c.o
    0x00207d24   0x0082bb1c   0x00000384   Code   RO         1764    .ram.dataon.data    user_flash.o
    0x002080a8   0x0082bea0   0x00000004   Data   RW           25    .data               system_rtl8762c.o
    0x002080ac   0x0082bea4   0x00000001   Data   RW          322    .data               dfu_server.o
    0x002080ad   0x0082bea5   0x00000002   Data   RW          526    .data               dfu_client.o
    0x002080af   0x0082bea7   0x0000002e   Data   RW          657    .data               dis.o
    0x002080dd   0x0082bed5   0x00000001   PAD
    0x002080de   0x0082bed6   0x00000006   Data   RW         1524    .data               light_ctl_server_app.o
    0x002080e4   0x0082bedc   0x00000006   Data   RW         1525    .data               light_ctl_server_app.o
    0x002080ea   0x0082bee2   0x00000006   Data   RW         1526    .data               light_ctl_server_app.o
    0x002080f0   0x0082bee8   0x00000006   Data   RW         1527    .data               light_ctl_server_app.o
    0x002080f6   0x0082beee   0x00000002   PAD
    0x002080f8   0x0082bef0   0x00000020   Data   RW         1528    .data               light_ctl_server_app.o
    0x00208118   0x0082bf10   0x00000001   Data   RW         1768    .data               user_flash.o
    0x00208119   0x0082bf11   0x00000003   PAD
    0x0020811c   0x0082bf14   0x0000006c   Data   RW         1819    .data               overlay_mgr.o
    0x00208188   0x0082bf80   0x0000003c   Data   RW         1948    .data               light_cwrgb_app.o
    0x002081c4   0x0082bfbc   0x00000010   Data   RW         2540    .data               mesh_dev.lib(platform_diagnose.o)
    0x002081d4   0x0082bfcc   0x00000021   Data   RW         2609    .data               mesh_dev.lib(gap_scheduler.o)
    0x002081f5   0x0082bfed   0x00000010   Data   RW         3341    .data               mesh_dev.lib(aes_cmac.o)
    0x00208205   0x0082bffd   0x00000001   Data   RW         3432    .data               mesh_dev.lib(provision_service.o)
    0x00208206   0x0082bffe   0x00000001   Data   RW         3491    .data               mesh_dev.lib(proxy_service.o)
    0x00208207   0x0082bfff   0x00000001   PAD
    0x00208208        -       0x0000000c   Zero   RW           21    .bss                system_rtl8762c.o
    0x00208214        -       0x0000004c   Zero   RW          317    .bss                dfu_server.o
    0x00208260        -       0x0000003c   Zero   RW          524    .bss                dfu_client.o
    0x0020829c        -       0x00000038   Zero   RW          565    .bss                ota_server.o
    0x002082d4        -       0x00000028   Zero   RW          599    .bss                ais_server.o
    0x002082fc        -       0x00000084   Zero   RW          654    .bss                dis.o
    0x00208380        -       0x00000050   Zero   RW          714    .bss                firmware_update_server.o
    0x002083d0        -       0x00000060   Zero   RW          746    .bss                object_transfer_server.o
    0x00208430        -       0x00000008   Zero   RW          900    .bss                generic_transition_time.o
    0x00208438        -       0x00000028   Zero   RW         1331    .bss                main.o
    0x00208460        -       0x0000000c   Zero   RW         1428    .bss                app_task.o
    0x0020846c        -       0x0000000a   Zero   RW         1467    .bss                light_app.o
    0x00208476   0x0082bfff   0x00000002   PAD
    0x00208478        -       0x00000144   Zero   RW         1523    .bss                light_ctl_server_app.o
    0x002085bc        -       0x00000118   Zero   RW         1560    .bss                light_hsl_server_app.o
    0x002086d4        -       0x00000078   Zero   RW         1589    .bss                light_lightness_server_app.o
    0x0020874c        -       0x00000028   Zero   RW         1615    .bss                light_cwrgb_server_app.o
    0x00208774        -       0x00000028   Zero   RW         1646    .bss                dfu_updater_app.o
    0x0020879c        -       0x00000008   Zero   RW         1674    .bss                dimmable_light.o
    0x002087a4        -       0x0000000c   Zero   RW         1701    .bss                mp_cmd_parse.o
    0x002087b0        -       0x00000003   Zero   RW         1767    .bss                user_flash.o
    0x002087b3        -       0x00000008   Zero   RW         1817    .bss                overlay_mgr.o
    0x002087bb   0x0082bfff   0x00000001   PAD
    0x002087bc        -       0x000000f4   Zero   RW         1839    .bss                light_controller_app.o
    0x002088b0        -       0x00000190   Zero   RW         1865    .bss                light_ctl_hsl_server_app.o
    0x00208a40        -       0x0000000c   Zero   RW         1947    .bss                light_cwrgb_app.o
    0x00208a4c        -       0x00000008   Zero   RW         1994    .bss                light_swtimer.o
    0x00208a54        -       0x00000008   Zero   RW         2562    .bss                mesh_dev.lib(data_uart.o)
    0x00208a5c        -       0x00000058   Zero   RW         2607    .bss                mesh_dev.lib(gap_scheduler.o)
    0x00208ab4        -       0x00000004   Zero   RW         2828    .bss                mesh_dev.lib(mesh_bearer.o)
    0x00208ab8        -       0x00000008   Zero   RW         2898    .bss                mesh_dev.lib(mesh_beacon.o)
    0x00208ac0        -       0x0000001c   Zero   RW         2933    .bss                mesh_dev.lib(mesh_common.o)
    0x00208adc        -       0x0000001c   Zero   RW         2972    .bss                mesh_dev.lib(mesh_provision.o)
    0x00208af8        -       0x00000010   Zero   RW         3039    .bss                mesh_dev.lib(mesh_service.o)
    0x00208b08        -       0x00000094   Zero   RW         3087    .bss                mesh_dev.lib(mesh_node.o)
    0x00208b9c        -       0x00000018   Zero   RW         3175    .bss                mesh_dev.lib(mesh_flash.o)
    0x00208bb4        -       0x00000002   Zero   RW         3399    .bss                mesh_dev.lib(provision_server.o)
    0x00208bb6   0x0082bfff   0x00000002   PAD
    0x00208bb8        -       0x00000004   Zero   RW         3431    .bss                mesh_dev.lib(provision_service.o)
    0x00208bbc        -       0x00000002   Zero   RW         3463    .bss                mesh_dev.lib(proxy_server.o)
    0x00208bbe   0x0082bfff   0x00000002   PAD
    0x00208bc0        -       0x000000b8   Zero   RW         3522    .bss                mesh_dev.lib(mesh_transport.o)
    0x00208c78        -       0x00000304   Zero   RW         3552    .bss                mesh_dev.lib(mesh_network.o)
    0x00208f7c        -       0x0000000c   Zero   RW         3606    .bss                mesh_dev.lib(mesh_rpl.o)
    0x00208f88        -       0x0000004c   Zero   RW         3638    .bss                mesh_dev.lib(provision_adv.o)
    0x00208fd4        -       0x00000008   Zero   RW         3671    .bss                mesh_dev.lib(proxy_protocol.o)
    0x00208fdc        -       0x0000000c   Zero   RW         3701    .bss                mesh_dev.lib(friendship_fn.o)
    0x00208fe8        -       0x0000000c   Zero   RW         3730    .bss                mesh_dev.lib(friendship_lpn.o)
    0x00208ff4        -       0x00000024   Zero   RW         3758    .bss                mesh_dev.lib(heartbeat.o)
    0x00209018        -       0x00000028   Zero   RW         3817    .bss                mesh_dev.lib(configuration_server.o)
    0x00209040        -       0x000000c0   Zero   RW         3872    .bss                mesh_dev.lib(aes.o)
    0x00209100        -       0x00000008   Zero   RW         3920    .bss                mesh_dev.lib(transport_ping.o)
    0x00209108        -       0x00000004   Zero   RW         4090    .bss                c_w.l(rt_errno_addr.o)


    Execution Region OVERLAY_A (Exec base: 0x0020910c, Load base: 0x0082c000, Size: 0x000000c0, Max: 0xffffffff, OVERLAY)

    Exec Addr    Load Addr    Size         Type   Attr      Idx    E Section Name        Object

    0x0020910c   0x0082c000   0x000000c0   Code   RO           16    .app.overlay_a      system_rtl8762c.o


    Execution Region OVERLAY_B (Exec base: 0x0020910c, Load base: 0x0082c0c0, Size: 0x00000000, Max: 0xffffffff, OVERLAY)

    **** No section assigned to this execution region ****


    Execution Region OVERLAY_C (Exec base: 0x0020910c, Load base: 0x0082c0c0, Size: 0x00000000, Max: 0xffffffff, OVERLAY)

    **** No section assigned to this execution region ****


    Execution Region CACHE_DATA_ON (Exec base: 0x0021c000, Load base: 0x0082c0c0, Size: 0x00000000, Max: 0x00000000, ABSOLUTE)

    **** No section assigned to this execution region ****


    Execution Region app.bin (Exec base: 0x0080e000, Load base: 0x0080e000, Size: 0x00000400, Max: 0xffffffff, ABSOLUTE)

    Exec Addr    Load Addr    Size         Type   Attr      Idx    E Section Name        Object

    0x0080e000   0x0080e000   0x00000400   Data   RO           20    .app.flash.header   system_rtl8762c.o


    Execution Region APP_FLASH_HEADER_EXT (Exec base: 0x0080e400, Load base: 0x0080e400, Size: 0x00000000, Max: 0xffffffff, ABSOLUTE)

    **** No section assigned to this execution region ****


    Execution Region FLASH_START_ADDR (Exec base: 0x0080e400, Load base: 0x0080e400, Size: 0x00000008, Max: 0xffffffff, ABSOLUTE)

    Exec Addr    Load Addr    Size         Type   Attr      Idx    E Section Name        Object

    0x0080e400   0x0080e400   0x00000008   Code   RO            2    RESET               startup_rtl8762c.o


    Execution Region FLASH_TEXT (Exec base: 0x0080e408, Load base: 0x0080e408, Size: 0x0001d4fc, Max: 0xffffffff, ABSOLUTE)

    Exec Addr    Load Addr    Size         Type   Attr      Idx    E Section Name        Object

    0x0080e408   0x0080e408   0x00000008   Code   RO         3999  * !!!main             c_w.l(__main.o)
    0x0080e410   0x0080e410   0x00000034   Code   RO         4205    !!!scatter          c_w.l(__scatter.o)
    0x0080e444   0x0080e444   0x0000001a   Code   RO         4207    !!handler_copy      c_w.l(__scatter_copy.o)
    0x0080e45e   0x0080e45e   0x00000002   PAD
    0x0080e460   0x0080e460   0x0000001c   Code   RO         4209    !!handler_zi        c_w.l(__scatter_zi.o)
    0x0080e47c   0x0080e47c   0x00000000   Code   RO         3996    .ARM.Collect$$_printf_percent$$00000000  c_w.l(_printf_percent.o)
    0x0080e47c   0x0080e47c   0x00000006   Code   RO         3995    .ARM.Collect$$_printf_percent$$0000000C  c_w.l(_printf_x.o)
    0x0080e482   0x0080e482   0x00000004   Code   RO         4058    .ARM.Collect$$_printf_percent$$00000017  c_w.l(_printf_percent_end.o)
    0x0080e486   0x0080e486   0x00000002   Code   RO         4106    .ARM.Collect$$libinit$$00000000  c_w.l(libinit.o)
    0x0080e488   0x0080e488   0x00000004   Code   RO         4107    .ARM.Collect$$libinit$$00000001  c_w.l(libinit2.o)
    0x0080e48c   0x0080e48c   0x00000000   Code   RO         4110    .ARM.Collect$$libinit$$00000004  c_w.l(libinit2.o)
    0x0080e48c   0x0080e48c   0x00000000   Code   RO         4113    .ARM.Collect$$libinit$$0000000A  c_w.l(libinit2.o)
    0x0080e48c   0x0080e48c   0x00000000   Code   RO         4115    .ARM.Collect$$libinit$$0000000C  c_w.l(libinit2.o)
    0x0080e48c   0x0080e48c   0x00000000   Code   RO         4117    .ARM.Collect$$libinit$$0000000E  c_w.l(libinit2.o)
    0x0080e48c   0x0080e48c   0x00000000   Code   RO         4120    .ARM.Collect$$libinit$$00000011  c_w.l(libinit2.o)
    0x0080e48c   0x0080e48c   0x00000000   Code   RO         4122    .ARM.Collect$$libinit$$00000013  c_w.l(libinit2.o)
    0x0080e48c   0x0080e48c   0x00000000   Code   RO         4124    .ARM.Collect$$libinit$$00000015  c_w.l(libinit2.o)
    0x0080e48c   0x0080e48c   0x00000000   Code   RO         4126    .ARM.Collect$$libinit$$00000017  c_w.l(libinit2.o)
    0x0080e48c   0x0080e48c   0x00000000   Code   RO         4128    .ARM.Collect$$libinit$$00000019  c_w.l(libinit2.o)
    0x0080e48c   0x0080e48c   0x00000000   Code   RO         4130    .ARM.Collect$$libinit$$0000001B  c_w.l(libinit2.o)
    0x0080e48c   0x0080e48c   0x00000000   Code   RO         4132    .ARM.Collect$$libinit$$0000001D  c_w.l(libinit2.o)
    0x0080e48c   0x0080e48c   0x00000000   Code   RO         4134    .ARM.Collect$$libinit$$0000001F  c_w.l(libinit2.o)
    0x0080e48c   0x0080e48c   0x00000000   Code   RO         4136    .ARM.Collect$$libinit$$00000021  c_w.l(libinit2.o)
    0x0080e48c   0x0080e48c   0x00000000   Code   RO         4138    .ARM.Collect$$libinit$$00000023  c_w.l(libinit2.o)
    0x0080e48c   0x0080e48c   0x00000000   Code   RO         4140    .ARM.Collect$$libinit$$00000025  c_w.l(libinit2.o)
    0x0080e48c   0x0080e48c   0x00000000   Code   RO         4144    .ARM.Collect$$libinit$$0000002C  c_w.l(libinit2.o)
    0x0080e48c   0x0080e48c   0x00000000   Code   RO         4146    .ARM.Collect$$libinit$$0000002E  c_w.l(libinit2.o)
    0x0080e48c   0x0080e48c   0x00000000   Code   RO         4148    .ARM.Collect$$libinit$$00000030  c_w.l(libinit2.o)
    0x0080e48c   0x0080e48c   0x00000000   Code   RO         4150    .ARM.Collect$$libinit$$00000032  c_w.l(libinit2.o)
    0x0080e48c   0x0080e48c   0x00000002   Code   RO         4151    .ARM.Collect$$libinit$$00000033  c_w.l(libinit2.o)
    0x0080e48e   0x0080e48e   0x00000000   Code   RO         4049    .ARM.Collect$$rtentry$$00000000  c_w.l(__rtentry.o)
    0x0080e48e   0x0080e48e   0x00000000   Code   RO         4075    .ARM.Collect$$rtentry$$00000002  c_w.l(__rtentry2.o)
    0x0080e48e   0x0080e48e   0x00000006   Code   RO         4087    .ARM.Collect$$rtentry$$00000004  c_w.l(__rtentry4.o)
    0x0080e494   0x0080e494   0x00000000   Code   RO         4077    .ARM.Collect$$rtentry$$00000009  c_w.l(__rtentry2.o)
    0x0080e494   0x0080e494   0x00000004   Code   RO         4078    .ARM.Collect$$rtentry$$0000000A  c_w.l(__rtentry2.o)
    0x0080e498   0x0080e498   0x00000000   Code   RO         4080    .ARM.Collect$$rtentry$$0000000C  c_w.l(__rtentry2.o)
    0x0080e498   0x0080e498   0x00000008   Code   RO         4081    .ARM.Collect$$rtentry$$0000000D  c_w.l(__rtentry2.o)
    0x0080e4a0   0x0080e4a0   0x00000200   Code   RO           15    .app.flash.text     system_rtl8762c.o
    0x0080e6a0   0x0080e6a0   0x00000006   Code   RO         1329    .app.flash.text     main.o
    0x0080e6a6   0x0080e6a6   0x00000002   PAD
    0x0080e6a8   0x0080e6a8   0x000000dc   Code   RO         2285    .app.flash.text     gap_utils.lib(gap_config.o)
    0x0080e784   0x0080e784   0x00000050   Code   RO            3    .text               startup_rtl8762c.o
    0x0080e7d4   0x0080e7d4   0x00000108   Code   RO           18    .text               system_rtl8762c.o
    0x0080e8dc   0x0080e8dc   0x00000358   Code   RO          236    .text               rtl876x_rcc.o
    0x0080ec34   0x0080ec34   0x0000019c   Code   RO          264    .text               rtl876x_tim.o
    0x0080edd0   0x0080edd0   0x000001e8   Code   RO          291    .text               rtl876x_uart.o
    0x0080efb8   0x0080efb8   0x00000b4c   Code   RO          315    .text               dfu_server.o
    0x0080fb04   0x0080fb04   0x00000db4   Code   RO          522    .text               dfu_client.o
    0x008108b8   0x008108b8   0x0000029c   Code   RO          563    .text               ota_server.o
    0x00810b54   0x00810b54   0x00000750   Code   RO          597    .text               ais_server.o
    0x008112a4   0x008112a4   0x00000284   Code   RO          652    .text               dis.o
    0x00811528   0x00811528   0x00000494   Code   RO          683    .text               health_server.o
    0x008119bc   0x008119bc   0x000004b8   Code   RO          712    .text               firmware_update_server.o
    0x00811e74   0x00811e74   0x000007b4   Code   RO          744    .text               object_transfer_server.o
    0x00812628   0x00812628   0x000002a4   Code   RO          778    .text               generic_on_off_server.o
    0x008128cc   0x008128cc   0x00000238   Code   RO          898    .text               generic_transition_time.o
    0x00812b04   0x00812b04   0x000005d4   Code   RO          930    .text               light_lightness_server.o
    0x008130d8   0x008130d8   0x000000f4   Code   RO          964    .text               light_lightness_setup_server.o
    0x008131cc   0x008131cc   0x0000055c   Code   RO          992    .text               light_ctl_server.o
    0x00813728   0x00813728   0x000002dc   Code   RO         1022    .text               light_ctl_temperature_server.o
    0x00813a04   0x00813a04   0x00000514   Code   RO         1048    .text               light_hsl_server.o
    0x00813f18   0x00813f18   0x000002e0   Code   RO         1078    .text               light_hsl_hue_server.o
    0x008141f8   0x008141f8   0x000002cc   Code   RO         1104    .text               light_hsl_saturation_server.o
    0x008144c4   0x008144c4   0x00000120   Code   RO         1130    .text               light_hsl_setup_server.o
    0x008145e4   0x008145e4   0x00000058   Code   RO         1158    .text               light_cwrgb_server.o
    0x0081463c   0x0081463c   0x0000041c   Code   RO         1214    .text               scene_server.o
    0x00814a58   0x00814a58   0x00000138   Code   RO         1244    .text               light_ctl_setup_server.o
    0x00814b90   0x00814b90   0x000001d0   Code   RO         1269    .text               scene_setup_server.o
    0x00814d60   0x00814d60   0x000002b4   Code   RO         1330    .text               main.o
    0x00815014   0x00815014   0x00000168   Code   RO         1426    .text               app_task.o
    0x0081517c   0x0081517c   0x00000a88   Code   RO         1465    .text               light_app.o
    0x00815c04   0x00815c04   0x000002a0   Code   RO         1522    .text               light_ctl_server_app.o
    0x00815ea4   0x00815ea4   0x0000026c   Code   RO         1559    .text               light_hsl_server_app.o
    0x00816110   0x00816110   0x00000124   Code   RO         1588    .text               light_lightness_server_app.o
    0x00816234   0x00816234   0x00000098   Code   RO         1614    .text               light_cwrgb_server_app.o
    0x008162cc   0x008162cc   0x000002e8   Code   RO         1644    .text               dfu_updater_app.o
    0x008165b4   0x008165b4   0x0000022c   Code   RO         1672    .text               dimmable_light.o
    0x008167e0   0x008167e0   0x00000220   Code   RO         1699    .text               mp_cmd_parse.o
    0x00816a00   0x00816a00   0x00000074   Code   RO         1727    .text               mp_cmd.o
    0x00816a74   0x00816a74   0x000000a8   Code   RO         1749    .text               user_data.o
    0x00816b1c   0x00816b1c   0x0000010c   Code   RO         1765    .text               user_flash.o
    0x00816c28   0x00816c28   0x0000007c   Code   RO         1816    .text               overlay_mgr.o
    0x00816ca4   0x00816ca4   0x00000458   Code   RO         1837    .text               light_controller_app.o
    0x008170fc   0x008170fc   0x0000030c   Code   RO         1864    .text               light_ctl_hsl_server_app.o
    0x00817408   0x00817408   0x0000016c   Code   RO         1890    .text               light_effect_app.o
    0x00817574   0x00817574   0x000000b4   Code   RO         1918    .text               light_storage_app.o
    0x00817628   0x00817628   0x00000940   Code   RO         1946    .text               light_cwrgb_app.o
    0x00817f68   0x00817f68   0x00000168   Code   RO         1992    .text               light_swtimer.o
    0x008180d0   0x008180d0   0x00000088   Code   RO         2344    .text               gap_utils.lib(gap_lib.o)
    0x00818158   0x00818158   0x00000154   Code   RO         2373    .text               gap_utils.lib(gap_lib_patch.o)
    0x008182ac   0x008182ac   0x000000b4   Code   RO         2418    .text               mesh_dev.lib(platform_os.o)
    0x00818360   0x00818360   0x00000230   Code   RO         2458    .text               mesh_dev.lib(platform_misc.o)
    0x00818590   0x00818590   0x00000018   Code   RO         2539    .text               mesh_dev.lib(platform_diagnose.o)
    0x008185a8   0x008185a8   0x00000394   Code   RO         2560    .text               mesh_dev.lib(data_uart.o)
    0x0081893c   0x0081893c   0x00000a88   Code   RO         2605    .text               mesh_dev.lib(gap_scheduler.o)
    0x008193c4   0x008193c4   0x00000830   Code   RO         2773    .text               mesh_dev.lib(mesh_access.o)
    0x00819bf4   0x00819bf4   0x00000368   Code   RO         2826    .text               mesh_dev.lib(mesh_bearer.o)
    0x00819f5c   0x00819f5c   0x00000538   Code   RO         2896    .text               mesh_dev.lib(mesh_beacon.o)
    0x0081a494   0x0081a494   0x0000037c   Code   RO         2931    .text               mesh_dev.lib(mesh_common.o)
    0x0081a810   0x0081a810   0x00000a50   Code   RO         2970    .text               mesh_dev.lib(mesh_provision.o)
    0x0081b260   0x0081b260   0x000004d4   Code   RO         3037    .text               mesh_dev.lib(mesh_service.o)
    0x0081b734   0x0081b734   0x00001a0c   Code   RO         3085    .text               mesh_dev.lib(mesh_node.o)
    0x0081d140   0x0081d140   0x000008a8   Code   RO         3147    .text               mesh_dev.lib(provision_device.o)
    0x0081d9e8   0x0081d9e8   0x00000e54   Code   RO         3173    .text               mesh_dev.lib(mesh_flash.o)
    0x0081e83c   0x0081e83c   0x00000110   Code   RO         3312    .text               gap_utils.lib(gap_vendor_cmd.o)
    0x0081e94c   0x0081e94c   0x00000072   Code   RO         3328    .text               mesh_dev.lib(platform_list.o)
    0x0081e9be   0x0081e9be   0x00000002   PAD
    0x0081e9c0   0x0081e9c0   0x00000174   Code   RO         3340    .text               mesh_dev.lib(aes_cmac.o)
    0x0081eb34   0x0081eb34   0x0000033a   Code   RO         3356    .text               mesh_dev.lib(ccm.o)
    0x0081ee6e   0x0081ee6e   0x00000002   PAD
    0x0081ee70   0x0081ee70   0x00000dba   Code   RO         3371    .text               mesh_dev.lib(ecc.o)
    0x0081fc2a   0x0081fc2a   0x00000002   PAD
    0x0081fc2c   0x0081fc2c   0x00000168   Code   RO         3397    .text               mesh_dev.lib(provision_server.o)
    0x0081fd94   0x0081fd94   0x00000098   Code   RO         3429    .text               mesh_dev.lib(provision_service.o)
    0x0081fe2c   0x0081fe2c   0x00000178   Code   RO         3461    .text               mesh_dev.lib(proxy_server.o)
    0x0081ffa4   0x0081ffa4   0x000000ac   Code   RO         3490    .text               mesh_dev.lib(proxy_service.o)
    0x00820050   0x00820050   0x00000c64   Code   RO         3520    .text               mesh_dev.lib(mesh_transport.o)
    0x00820cb4   0x00820cb4   0x0000078c   Code   RO         3550    .text               mesh_dev.lib(mesh_network.o)
    0x00821440   0x00821440   0x00000e78   Code   RO         3578    .text               mesh_dev.lib(mesh_security.o)
    0x008222b8   0x008222b8   0x000001f4   Code   RO         3604    .text               mesh_dev.lib(mesh_rpl.o)
    0x008224ac   0x008224ac   0x00000c94   Code   RO         3636    .text               mesh_dev.lib(provision_adv.o)
    0x00823140   0x00823140   0x00000aa4   Code   RO         3669    .text               mesh_dev.lib(proxy_protocol.o)
    0x00823be4   0x00823be4   0x000018dc   Code   RO         3699    .text               mesh_dev.lib(friendship_fn.o)
    0x008254c0   0x008254c0   0x00000db4   Code   RO         3728    .text               mesh_dev.lib(friendship_lpn.o)
    0x00826274   0x00826274   0x00000440   Code   RO         3756    .text               mesh_dev.lib(heartbeat.o)
    0x008266b4   0x008266b4   0x00001c04   Code   RO         3815    .text               mesh_dev.lib(configuration_server.o)
    0x008282b8   0x008282b8   0x000006d4   Code   RO         3871    .text               mesh_dev.lib(aes.o)
    0x0082898c   0x0082898c   0x00000048   Code   RO         3889    .text               mesh_dev.lib(crc8ets.o)
    0x008289d4   0x008289d4   0x000001e4   Code   RO         3918    .text               mesh_dev.lib(transport_ping.o)
    0x00828bb8   0x00828bb8   0x00000026   Code   RO         3942    .text               c_w.l(llshl.o)
    0x00828bde   0x00828bde   0x00000026   Code   RO         3944    .text               c_w.l(llushr.o)
    0x00828c04   0x00828c04   0x00000028   Code   RO         3948    .text               c_w.l(noretval__2sprintf.o)
    0x00828c2c   0x00828c2c   0x0000004e   Code   RO         3952    .text               c_w.l(_printf_pad.o)
    0x00828c7a   0x00828c7a   0x00000002   PAD
    0x00828c7c   0x00828c7c   0x00000058   Code   RO         3957    .text               c_w.l(_printf_hex_int.o)
    0x00828cd4   0x00828cd4   0x00000138   Code   RO         3987    .text               c_w.l(__printf_flags_wp.o)
    0x00828e0c   0x00828e0c   0x00000096   Code   RO         3997    .text               c_w.l(strncmp.o)
    0x00828ea2   0x00828ea2   0x00000016   Code   RO         4050    .text               c_w.l(_rserrno.o)
    0x00828eb8   0x00828eb8   0x000000b2   Code   RO         4052    .text               c_w.l(_printf_intcommon.o)
    0x00828f6a   0x00828f6a   0x00000002   PAD
    0x00828f6c   0x00828f6c   0x00000030   Code   RO         4054    .text               c_w.l(_printf_char_common.o)
    0x00828f9c   0x00828f9c   0x0000000a   Code   RO         4056    .text               c_w.l(_sputc.o)
    0x00828fa6   0x00828fa6   0x00000002   PAD
    0x00828fa8   0x00828fa8   0x00000008   Code   RO         4089    .text               c_w.l(rt_errno_addr.o)
    0x00828fb0   0x00828fb0   0x00000060   Code   RO         2249    i.UpdateMAC         bee2_sdk.lib(rtl876x_lib_platform.o)
    0x00829010   0x00829010   0x00000118   Code   RO         4031    i.__hardfp_ceil     m_wm.l(ceil.o)
    0x00829128   0x00829128   0x0000007a   Code   RO         4037    i.__hardfp_sqrt     m_wm.l(sqrt.o)
    0x008291a2   0x008291a2   0x00000002   PAD
    0x008291a4   0x008291a4   0x0000004c   Code   RO         3199    i._cfg_check_header_valid  bee2_sdk.lib(rtl876x_lib_cfg_int.o)
    0x008291f0   0x008291f0   0x00000090   Code   RO         3200    i._cfg_write_to_flash  bee2_sdk.lib(rtl876x_lib_cfg_int.o)
    0x00829280   0x00829280   0x0000000e   Code   RO         3985    i._is_digit         c_w.l(__printf_wp.o)
    0x0082928e   0x0082928e   0x00000002   PAD
    0x00829290   0x00829290   0x00000134   Code   RO         3201    i.cfg_add_item      bee2_sdk.lib(rtl876x_lib_cfg_int.o)
    0x008293c4   0x008293c4   0x000000e0   Code   RO         3203    i.cfg_find_item     bee2_sdk.lib(rtl876x_lib_cfg_int.o)
    0x008294a4   0x008294a4   0x0000004c   Code   RO         2022    i.flash_lock_new    bee2_sdk.lib(rtl8762c_lib_flash.o)
    0x008294f0   0x008294f0   0x00000026   Code   RO         2034    i.flash_set_block_protect_locked  bee2_sdk.lib(rtl8762c_lib_flash.o)
    0x00829516   0x00829516   0x0000002a   Code   RO         2035    i.flash_sw_protect_unlock_by_addr_locked  bee2_sdk.lib(rtl8762c_lib_flash.o)
    0x00829540   0x00829540   0x00000038   Code   RO         2036    i.flash_unlock_new  bee2_sdk.lib(rtl8762c_lib_flash.o)
    0x00829578   0x00829578   0x00000062   Code   RO         4001    x$fpl$d2f           fz_wm.l(d2f.o)
    0x008295da   0x008295da   0x00000002   PAD
    0x008295dc   0x008295dc   0x00000150   Code   RO         4003    x$fpl$dadd          fz_wm.l(daddsub_clz.o)
    0x0082972c   0x0082972c   0x00000018   Code   RO         4096    x$fpl$dcmpinf       fz_wm.l(dcmpi.o)
    0x00829744   0x00829744   0x000002b0   Code   RO         4010    x$fpl$ddiv          fz_wm.l(ddiv.o)
    0x008299f4   0x008299f4   0x0000005e   Code   RO         4013    x$fpl$dfix          fz_wm.l(dfix.o)
    0x00829a52   0x00829a52   0x00000002   PAD
    0x00829a54   0x00829a54   0x0000005a   Code   RO         4017    x$fpl$dfixu         fz_wm.l(dfixu.o)
    0x00829aae   0x00829aae   0x0000002e   Code   RO         4022    x$fpl$dflt          fz_wm.l(dflt_clz.o)
    0x00829adc   0x00829adc   0x00000026   Code   RO         4021    x$fpl$dfltu         fz_wm.l(dflt_clz.o)
    0x00829b02   0x00829b02   0x00000002   PAD
    0x00829b04   0x00829b04   0x00000078   Code   RO         4059    x$fpl$dleqf         fz_wm.l(dleqf.o)
    0x00829b7c   0x00829b7c   0x00000154   Code   RO         4027    x$fpl$dmul          fz_wm.l(dmul.o)
    0x00829cd0   0x00829cd0   0x0000009c   Code   RO         4061    x$fpl$dnaninf       fz_wm.l(dnaninf.o)
    0x00829d6c   0x00829d6c   0x0000000c   Code   RO         4063    x$fpl$dretinf       fz_wm.l(dretinf.o)
    0x00829d78   0x00829d78   0x0000006c   Code   RO         4065    x$fpl$drleqf        fz_wm.l(drleqf.o)
    0x00829de4   0x00829de4   0x00000016   Code   RO         4004    x$fpl$drsb          fz_wm.l(daddsub_clz.o)
    0x00829dfa   0x00829dfa   0x00000002   PAD
    0x00829dfc   0x00829dfc   0x00000198   Code   RO         4067    x$fpl$dsqrt         fz_wm.l(dsqrt_umaal.o)
    0x00829f94   0x00829f94   0x000001d4   Code   RO         4005    x$fpl$dsub          fz_wm.l(daddsub_clz.o)
    0x0082a168   0x0082a168   0x00000056   Code   RO         4029    x$fpl$f2d           fz_wm.l(f2d.o)
    0x0082a1be   0x0082a1be   0x0000008c   Code   RO         4069    x$fpl$fnaninf       fz_wm.l(fnaninf.o)
    0x0082a24a   0x0082a24a   0x0000000a   Code   RO         4154    x$fpl$fpinit        fz_wm.l(fpinit.o)
    0x0082a254   0x0082a254   0x0000000a   Code   RO         4071    x$fpl$fretinf       fz_wm.l(fretinf.o)
    0x0082a25e   0x0082a25e   0x00000000   Code   RO         4073    x$fpl$usenofp       fz_wm.l(usenofp.o)
    0x0082a25e   0x0082a25e   0x00000002   PAD
    0x0082a260   0x0082a260   0x00000020   Data   RO           22    .constdata          system_rtl8762c.o
    0x0082a280   0x0082a280   0x000000f4   Data   RO           23    .constdata          system_rtl8762c.o
    0x0082a374   0x0082a374   0x00000010   Data   RO          320    .constdata          dfu_server.o
    0x0082a384   0x0082a384   0x000000dd   Data   RO          321    .constdata          dfu_server.o
    0x0082a461   0x0082a461   0x00000003   PAD
    0x0082a464   0x0082a464   0x0000004e   Data   RO          525    .constdata          dfu_client.o
    0x0082a4b2   0x0082a4b2   0x00000010   Data   RO          567    .constdata          ota_server.o
    0x0082a4c2   0x0082a4c2   0x00000002   PAD
    0x0082a4c4   0x0082a4c4   0x00000220   Data   RO          568    .constdata          ota_server.o
    0x0082a6e4   0x0082a6e4   0x000001c4   Data   RO          600    .constdata          ais_server.o
    0x0082a8a8   0x0082a8a8   0x00000220   Data   RO          655    .constdata          dis.o
    0x0082aac8   0x0082aac8   0x00000035   Data   RO          685    .constdata          health_server.o
    0x0082aafd   0x0082aafd   0x00000037   Data   RO          715    .constdata          firmware_update_server.o
    0x0082ab34   0x0082ab34   0x0000006d   Data   RO          748    .constdata          object_transfer_server.o
    0x0082aba1   0x0082aba1   0x0000001a   Data   RO          780    .constdata          generic_on_off_server.o
    0x0082abbb   0x0082abbb   0x00000001   PAD
    0x0082abbc   0x0082abbc   0x0000001a   Data   RO          901    .constdata          generic_transition_time.o
    0x0082abd6   0x0082abd6   0x0000001b   Data   RO          932    .constdata          light_lightness_server.o
    0x0082abf1   0x0082abf1   0x00000015   Data   RO          994    .constdata          light_ctl_server.o
    0x0082ac06   0x0082ac06   0x00000021   Data   RO         1024    .constdata          light_ctl_temperature_server.o
    0x0082ac27   0x0082ac27   0x00000015   Data   RO         1050    .constdata          light_hsl_server.o
    0x0082ac3c   0x0082ac3c   0x00000019   Data   RO         1080    .constdata          light_hsl_hue_server.o
    0x0082ac55   0x0082ac55   0x00000020   Data   RO         1106    .constdata          light_hsl_saturation_server.o
    0x0082ac75   0x0082ac75   0x00000027   Data   RO         1216    .constdata          scene_server.o
    0x0082ac9c   0x0082ac9c   0x00000017   Data   RO         1271    .constdata          scene_setup_server.o
    0x0082acb3   0x0082acb3   0x00000001   PAD
    0x0082acb4   0x0082acb4   0x0000002e   Data   RO         1332    .constdata          main.o
    0x0082ace2   0x0082ace2   0x00000038   Data   RO         1429    .constdata          app_task.o
    0x0082ad1a   0x0082ad1a   0x0000000c   Data   RO         1702    .constdata          mp_cmd_parse.o
    0x0082ad26   0x0082ad26   0x00000002   PAD
    0x0082ad28   0x0082ad28   0x00000010   Data   RO         1729    .constdata          mp_cmd.o
    0x0082ad38   0x0082ad38   0x0000000a   Data   RO         1891    .constdata          light_effect_app.o
    0x0082ad42   0x0082ad42   0x00000002   PAD
    0x0082ad44   0x0082ad44   0x0000000c   Data   RO         1919    .constdata          light_storage_app.o
    0x0082ad50   0x0082ad50   0x00000014   Data   RO         2419    .constdata          mesh_dev.lib(platform_os.o)
    0x0082ad64   0x0082ad64   0x00000025   Data   RO         2608    .constdata          mesh_dev.lib(gap_scheduler.o)
    0x0082ad89   0x0082ad89   0x0000000f   Data   RO         2775    .constdata          mesh_dev.lib(mesh_access.o)
    0x0082ad98   0x0082ad98   0x00000015   Data   RO         2829    .constdata          mesh_dev.lib(mesh_bearer.o)
    0x0082adad   0x0082adad   0x0000002a   Data   RO         2934    .constdata          mesh_dev.lib(mesh_common.o)
    0x0082add7   0x0082add7   0x0000000e   Data   RO         2973    .constdata          mesh_dev.lib(mesh_provision.o)
    0x0082ade5   0x0082ade5   0x0000000b   Data   RO         3040    .constdata          mesh_dev.lib(mesh_service.o)
    0x0082adf0   0x0082adf0   0x00000093   Data   RO         3088    .constdata          mesh_dev.lib(mesh_node.o)
    0x0082ae83   0x0082ae83   0x00000001   PAD
    0x0082ae84   0x0082ae84   0x00000004   Data   RO         3149    .constdata          mesh_dev.lib(provision_device.o)
    0x0082ae88   0x0082ae88   0x00000035   Data   RO         3176    .constdata          mesh_dev.lib(mesh_flash.o)
    0x0082aebd   0x0082aebd   0x0000002e   Data   RO         3204    .constdata          bee2_sdk.lib(rtl876x_lib_cfg_int.o)
    0x0082aeeb   0x0082aeeb   0x00000005   PAD
    0x0082aef0   0x0082aef0   0x00000060   Data   RO         3372    .constdata          mesh_dev.lib(ecc.o)
    0x0082af50   0x0082af50   0x000000b4   Data   RO         3400    .constdata          mesh_dev.lib(provision_server.o)
    0x0082b004   0x0082b004   0x000000b4   Data   RO         3464    .constdata          mesh_dev.lib(proxy_server.o)
    0x0082b0b8   0x0082b0b8   0x00000019   Data   RO         3523    .constdata          mesh_dev.lib(mesh_transport.o)
    0x0082b0d1   0x0082b0d1   0x00000009   Data   RO         3607    .constdata          mesh_dev.lib(mesh_rpl.o)
    0x0082b0da   0x0082b0da   0x0000001b   Data   RO         3639    .constdata          mesh_dev.lib(provision_adv.o)
    0x0082b0f5   0x0082b0f5   0x0000005d   Data   RO         3672    .constdata          mesh_dev.lib(proxy_protocol.o)
    0x0082b152   0x0082b152   0x00000017   Data   RO         3702    .constdata          mesh_dev.lib(friendship_fn.o)
    0x0082b169   0x0082b169   0x00000009   Data   RO         3731    .constdata          mesh_dev.lib(friendship_lpn.o)
    0x0082b172   0x0082b172   0x00000002   PAD
    0x0082b174   0x0082b174   0x00000004   Data   RO         3759    .constdata          mesh_dev.lib(heartbeat.o)
    0x0082b178   0x0082b178   0x000000d8   Data   RO         3818    .constdata          mesh_dev.lib(configuration_server.o)
    0x0082b250   0x0082b250   0x000002ff   Data   RO         3873    .constdata          mesh_dev.lib(aes.o)
    0x0082b54f   0x0082b54f   0x00000100   Data   RO         3890    .constdata          mesh_dev.lib(crc8ets.o)
    0x0082b64f   0x0082b64f   0x00000028   Data   RO         3958    .constdata          c_w.l(_printf_hex_int.o)
    0x0082b677   0x0082b677   0x00000011   Data   RO         3988    .constdata          c_w.l(__printf_flags_wp.o)
    0x0082b688   0x0082b688   0x00000220   Data   RO           24    .conststring        system_rtl8762c.o
    0x0082b8a8   0x0082b8a8   0x00000019   Data   RO         1818    .conststring        overlay_mgr.o
    0x0082b8c1   0x0082b8c1   0x00000003   PAD
    0x0082b8c4   0x0082b8c4   0x00000040   Data   RO         4203    Region$$Table       anon$$obj.o



  Load Region LOAD_APP_TRACE (Base: 0x08800000, Size: 0x00008c64, Max: 0x00400000, ABSOLUTE)

    Execution Region App.trace (Exec base: 0x08800000, Load base: 0x08800000, Size: 0x00008c64, Max: 0x00400000, ABSOLUTE)

    Exec Addr    Load Addr    Size         Type   Attr      Idx    E Section Name        Object

    0x08800000   0x08800000   0x000000e6   Data   RO           19    .TRACE              system_rtl8762c.o
    0x088000e6   0x088000e6   0x00000002   PAD
    0x088000e8   0x088000e8   0x0000002a   Data   RO          171    .TRACE              rtl876x_io_dlps.o
    0x08800112   0x08800112   0x00000002   PAD
    0x08800114   0x08800114   0x0000063b   Data   RO          316    .TRACE              dfu_server.o
    0x0880074f   0x0880074f   0x00000001   PAD
    0x08800750   0x08800750   0x000007a0   Data   RO          523    .TRACE              dfu_client.o
    0x08800ef0   0x08800ef0   0x00000153   Data   RO          564    .TRACE              ota_server.o
    0x08801043   0x08801043   0x00000001   PAD
    0x08801044   0x08801044   0x00000315   Data   RO          598    .TRACE              ais_server.o
    0x08801359   0x08801359   0x00000003   PAD
    0x0880135c   0x0880135c   0x0000009e   Data   RO          653    .TRACE              dis.o
    0x088013fa   0x088013fa   0x00000002   PAD
    0x088013fc   0x088013fc   0x0000005a   Data   RO          684    .TRACE              health_server.o
    0x08801456   0x08801456   0x00000002   PAD
    0x08801458   0x08801458   0x00000090   Data   RO          713    .TRACE              firmware_update_server.o
    0x088014e8   0x088014e8   0x0000030b   Data   RO          745    .TRACE              object_transfer_server.o
    0x088017f3   0x088017f3   0x00000001   PAD
    0x088017f4   0x088017f4   0x000000b1   Data   RO          779    .TRACE              generic_on_off_server.o
    0x088018a5   0x088018a5   0x00000003   PAD
    0x088018a8   0x088018a8   0x00000053   Data   RO          814    .TRACE              generic_power_on_off_server.o
    0x088018fb   0x088018fb   0x00000001   PAD
    0x088018fc   0x088018fc   0x00000059   Data   RO          842    .TRACE              generic_power_on_off_setup_server.o
    0x08801955   0x08801955   0x00000003   PAD
    0x08801958   0x08801958   0x000000b0   Data   RO          870    .TRACE              generic_level_server.o
    0x08801a08   0x08801a08   0x0000006b   Data   RO          899    .TRACE              generic_transition_time.o
    0x08801a73   0x08801a73   0x00000001   PAD
    0x08801a74   0x08801a74   0x000000b2   Data   RO          931    .TRACE              light_lightness_server.o
    0x08801b26   0x08801b26   0x00000002   PAD
    0x08801b28   0x08801b28   0x00000054   Data   RO          965    .TRACE              light_lightness_setup_server.o
    0x08801b7c   0x08801b7c   0x000000a8   Data   RO          993    .TRACE              light_ctl_server.o
    0x08801c24   0x08801c24   0x000000c0   Data   RO         1023    .TRACE              light_ctl_temperature_server.o
    0x08801ce4   0x08801ce4   0x000000a8   Data   RO         1049    .TRACE              light_hsl_server.o
    0x08801d8c   0x08801d8c   0x000000b0   Data   RO         1079    .TRACE              light_hsl_hue_server.o
    0x08801e3c   0x08801e3c   0x000000bb   Data   RO         1105    .TRACE              light_hsl_saturation_server.o
    0x08801ef7   0x08801ef7   0x00000001   PAD
    0x08801ef8   0x08801ef8   0x0000004e   Data   RO         1131    .TRACE              light_hsl_setup_server.o
    0x08801f46   0x08801f46   0x00000002   PAD
    0x08801f48   0x08801f48   0x00000058   Data   RO         1186    .TRACE              generic_default_transition_time_server.o
    0x08801fa0   0x08801fa0   0x000000a0   Data   RO         1215    .TRACE              scene_server.o
    0x08802040   0x08802040   0x0000004e   Data   RO         1245    .TRACE              light_ctl_setup_server.o
    0x0880208e   0x0880208e   0x00000002   PAD
    0x08802090   0x08802090   0x000000a4   Data   RO         1270    .TRACE              scene_setup_server.o
    0x08802134   0x08802134   0x000000e1   Data   RO         1299    .TRACE              delay_execution.o
    0x08802215   0x08802215   0x00000003   PAD
    0x08802218   0x08802218   0x00000038   Data   RO         1427    .TRACE              app_task.o
    0x08802250   0x08802250   0x00000c1c   Data   RO         1466    .TRACE              light_app.o
    0x08802e6c   0x08802e6c   0x00000133   Data   RO         1645    .TRACE              dfu_updater_app.o
    0x08802f9f   0x08802f9f   0x00000001   PAD
    0x08802fa0   0x08802fa0   0x0000007e   Data   RO         1673    .TRACE              dimmable_light.o
    0x0880301e   0x0880301e   0x00000002   PAD
    0x08803020   0x08803020   0x000000e6   Data   RO         1700    .TRACE              mp_cmd_parse.o
    0x08803106   0x08803106   0x00000002   PAD
    0x08803108   0x08803108   0x0000007d   Data   RO         1728    .TRACE              mp_cmd.o
    0x08803185   0x08803185   0x00000003   PAD
    0x08803188   0x08803188   0x00000233   Data   RO         1766    .TRACE              user_flash.o
    0x088033bb   0x088033bb   0x00000001   PAD
    0x088033bc   0x088033bc   0x0000005e   Data   RO         1838    .TRACE              light_controller_app.o
    0x0880341a   0x0880341a   0x00000002   PAD
    0x0880341c   0x0880341c   0x0000009a   Data   RO         1993    .TRACE              light_swtimer.o
    0x088034b6   0x088034b6   0x00000002   PAD
    0x088034b8   0x088034b8   0x00000193   Data   RO         2287    .TRACE              gap_utils.lib(gap_config.o)
    0x0880364b   0x0880364b   0x00000001   PAD
    0x0880364c   0x0880364c   0x00000191   Data   RO         2345    .TRACE              gap_utils.lib(gap_lib.o)
    0x088037dd   0x088037dd   0x00000003   PAD
    0x088037e0   0x088037e0   0x00000085   Data   RO         2374    .TRACE              gap_utils.lib(gap_lib_patch.o)
    0x08803865   0x08803865   0x00000003   PAD
    0x08803868   0x08803868   0x00000027   Data   RO         2459    .TRACE              mesh_dev.lib(platform_misc.o)
    0x0880388f   0x0880388f   0x00000001   PAD
    0x08803890   0x08803890   0x00000034   Data   RO         2561    .TRACE              mesh_dev.lib(data_uart.o)
    0x088038c4   0x088038c4   0x00000375   Data   RO         2606    .TRACE              mesh_dev.lib(gap_scheduler.o)
    0x08803c39   0x08803c39   0x00000003   PAD
    0x08803c3c   0x08803c3c   0x00000300   Data   RO         2774    .TRACE              mesh_dev.lib(mesh_access.o)
    0x08803f3c   0x08803f3c   0x000000f6   Data   RO         2827    .TRACE              mesh_dev.lib(mesh_bearer.o)
    0x08804032   0x08804032   0x00000002   PAD
    0x08804034   0x08804034   0x000001b8   Data   RO         2897    .TRACE              mesh_dev.lib(mesh_beacon.o)
    0x088041ec   0x088041ec   0x00000226   Data   RO         2932    .TRACE              mesh_dev.lib(mesh_common.o)
    0x08804412   0x08804412   0x00000002   PAD
    0x08804414   0x08804414   0x000006d7   Data   RO         2971    .TRACE              mesh_dev.lib(mesh_provision.o)
    0x08804aeb   0x08804aeb   0x00000001   PAD
    0x08804aec   0x08804aec   0x000001af   Data   RO         3038    .TRACE              mesh_dev.lib(mesh_service.o)
    0x08804c9b   0x08804c9b   0x00000001   PAD
    0x08804c9c   0x08804c9c   0x000007f9   Data   RO         3086    .TRACE              mesh_dev.lib(mesh_node.o)
    0x08805495   0x08805495   0x00000003   PAD
    0x08805498   0x08805498   0x000002e4   Data   RO         3148    .TRACE              mesh_dev.lib(provision_device.o)
    0x0880577c   0x0880577c   0x000001ae   Data   RO         3174    .TRACE              mesh_dev.lib(mesh_flash.o)
    0x0880592a   0x0880592a   0x00000002   PAD
    0x0880592c   0x0880592c   0x00000029   Data   RO         3274    .TRACE              bee2_sdk.lib(xtx_flash_otp.o)
    0x08805955   0x08805955   0x00000003   PAD
    0x08805958   0x08805958   0x00000102   Data   RO         3398    .TRACE              mesh_dev.lib(provision_server.o)
    0x08805a5a   0x08805a5a   0x00000002   PAD
    0x08805a5c   0x08805a5c   0x00000033   Data   RO         3430    .TRACE              mesh_dev.lib(provision_service.o)
    0x08805a8f   0x08805a8f   0x00000001   PAD
    0x08805a90   0x08805a90   0x0000012b   Data   RO         3462    .TRACE              mesh_dev.lib(proxy_server.o)
    0x08805bbb   0x08805bbb   0x00000001   PAD
    0x08805bbc   0x08805bbc   0x00000489   Data   RO         3521    .TRACE              mesh_dev.lib(mesh_transport.o)
    0x08806045   0x08806045   0x00000003   PAD
    0x08806048   0x08806048   0x000003b3   Data   RO         3551    .TRACE              mesh_dev.lib(mesh_network.o)
    0x088063fb   0x088063fb   0x00000001   PAD
    0x088063fc   0x088063fc   0x00000b8a   Data   RO         3579    .TRACE              mesh_dev.lib(mesh_security.o)
    0x08806f86   0x08806f86   0x00000002   PAD
    0x08806f88   0x08806f88   0x000000d5   Data   RO         3605    .TRACE              mesh_dev.lib(mesh_rpl.o)
    0x0880705d   0x0880705d   0x00000003   PAD
    0x08807060   0x08807060   0x00000864   Data   RO         3637    .TRACE              mesh_dev.lib(provision_adv.o)
    0x088078c4   0x088078c4   0x000003dd   Data   RO         3670    .TRACE              mesh_dev.lib(proxy_protocol.o)
    0x08807ca1   0x08807ca1   0x00000003   PAD
    0x08807ca4   0x08807ca4   0x000009f9   Data   RO         3700    .TRACE              mesh_dev.lib(friendship_fn.o)
    0x0880869d   0x0880869d   0x00000003   PAD
    0x088086a0   0x088086a0   0x00000392   Data   RO         3729    .TRACE              mesh_dev.lib(friendship_lpn.o)
    0x08808a32   0x08808a32   0x00000002   PAD
    0x08808a34   0x08808a34   0x0000015b   Data   RO         3757    .TRACE              mesh_dev.lib(heartbeat.o)
    0x08808b8f   0x08808b8f   0x00000001   PAD
    0x08808b90   0x08808b90   0x00000038   Data   RO         3816    .TRACE              mesh_dev.lib(configuration_server.o)
    0x08808bc8   0x08808bc8   0x00000099   Data   RO         3919    .TRACE              mesh_dev.lib(transport_ping.o)


==============================================================================

Image component sizes


      Code (inc. data)   RO Data    RW Data    ZI Data      Debug   Object Name

      1872        100       1241          0         40      12252   ais_server.o
       360         24        112          0         12       3651   app_task.o
         0          0        225          0          0       3506   delay_execution.o
      3508        344       2030          2         60      25954   dfu_client.o
      2892        198       1832          1         76      91702   dfu_server.o
       744         54        307          0         40       4400   dfu_updater_app.o
       556         46        126          0          8       4448   dimmable_light.o
       644         50        702         46        132       5756   dis.o
      1208         38        199          0         80       9626   firmware_update_server.o
         0          0         88          0          0       4687   generic_default_transition_time_server.o
         0          0        176          0          0       7665   generic_level_server.o
       676         32        203          0          0       8387   generic_on_off_server.o
         0          0         83          0          0       4287   generic_power_on_off_server.o
         0          0         89          0          0       3320   generic_power_on_off_setup_server.o
       568         26        133          0          8       6271   generic_transition_time.o
      1172         36        143          0          0      14715   health_server.o
      2696        404       3100          0         10      16293   light_app.o
      1112         36         94          0        244       7002   light_controller_app.o
       780         46          0          0        400       4719   light_ctl_hsl_server_app.o
      1372         78        189          0          0      14266   light_ctl_server.o
       672         46          0         56        324       9831   light_ctl_server_app.o
       312         22         78          0          0       2105   light_ctl_setup_server.o
       732         34        225          0          0       5029   light_ctl_temperature_server.o
      2368         62          0         60         12      11505   light_cwrgb_app.o
        88          4          0          0          0       2634   light_cwrgb_server.o
       152         16          0          0         40       2974   light_cwrgb_server_app.o
       364          6         10          0          0       3850   light_effect_app.o
       736         34        201          0          0       5602   light_hsl_hue_server.o
       716         32        219          0          0       5845   light_hsl_saturation_server.o
      1300         34        189          0          0      13971   light_hsl_server.o
       620         36          0          0        280       4699   light_hsl_server_app.o
       288         22         78          0          0       8349   light_hsl_setup_server.o
      1492         54        205          0          0      15238   light_lightness_server.o
       292         26          0          0        120       3149   light_lightness_server_app.o
       244         20         84          0          0       6659   light_lightness_setup_server.o
       180          4         12          0          0       3186   light_storage_app.o
       360         62        154          0          8       3228   light_swtimer.o
       698         48         46          0         40       8093   main.o
       116         16        141          0          0       2129   mp_cmd.o
       544         20        242          0         12       3551   mp_cmd_parse.o
      1972         52        888          0         96      13324   object_transfer_server.o
       668         22        899          0         56       5116   ota_server.o
       124         10         25        108          8       3556   overlay_mgr.o
         0          0         42          0          0       6048   rtl876x_io_dlps.o
       856         32          0          0          0       3161   rtl876x_rcc.o
       412         12          0          0          0       6397   rtl876x_tim.o
       488         34          0          0          0       3321   rtl876x_uart.o
      1052         32        199          0          0      10296   scene_server.o
       464         26        187          0          0       5995   scene_setup_server.o
        88         66        244          0          0       1012   startup_rtl8762c.o
      1260        230       2074          4         12      78372   system_rtl8762c.o
       168         10          0          0          0       2259   user_data.o
      1168        136        563          1          3       9205   user_flash.o

    ----------------------------------------------------------------------
     41156       2772      18200        284       2124     522596   Object Totals
         0          0         64          0          0          0   (incl. Generated)
         2          0         59          6          3          0   (incl. Padding)

    ----------------------------------------------------------------------

      Code (inc. data)   RO Data    RW Data    ZI Data      Debug   Library Member Name

       212         26          0          0          0      45757   rtl8762c_lib_flash.o
       752        204         46          0          0       6142   rtl876x_lib_cfg_int.o
        96         28          0          0          0       2220   rtl876x_lib_platform.o
         0          0         41          0          0      10764   xtx_flash_otp.o
         8          0          0          0          0         68   __main.o
       312          4         17          0          0         92   __printf_flags_wp.o
        14          0          0          0          0         68   __printf_wp.o
         0          0          0          0          0          0   __rtentry.o
        12          0          0          0          0          0   __rtentry2.o
         6          0          0          0          0          0   __rtentry4.o
        52          8          0          0          0          0   __scatter.o
        26          0          0          0          0          0   __scatter_copy.o
        28          0          0          0          0          0   __scatter_zi.o
        48          6          0          0          0         96   _printf_char_common.o
        88          4         40          0          0         88   _printf_hex_int.o
       178          0          0          0          0         88   _printf_intcommon.o
        78          0          0          0          0        108   _printf_pad.o
         0          0          0          0          0          0   _printf_percent.o
         4          0          0          0          0          0   _printf_percent_end.o
         6          0          0          0          0          0   _printf_x.o
        22          0          0          0          0        100   _rserrno.o
        10          0          0          0          0         68   _sputc.o
         2          0          0          0          0          0   libinit.o
         6          0          0          0          0          0   libinit2.o
        38          0          0          0          0         68   llshl.o
        38          0          0          0          0         68   llushr.o
        40          6          0          0          0         84   noretval__2sprintf.o
         8          4          0          0          4         68   rt_errno_addr.o
       150          0          0          0          0         80   strncmp.o
        98          4          0          0          0        140   d2f.o
       826         16          0          0          0        492   daddsub_clz.o
        24          0          0          0          0        116   dcmpi.o
       688        140          0          0          0        256   ddiv.o
        94          4          0          0          0        140   dfix.o
        90          4          0          0          0        140   dfixu.o
        84          0          0          0          0        232   dflt_clz.o
       120          4          0          0          0        140   dleqf.o
       340         12          0          0          0        152   dmul.o
       156          4          0          0          0        140   dnaninf.o
        12          0          0          0          0        116   dretinf.o
       108          0          0          0          0        128   drleqf.o
       408         56          0          0          0        168   dsqrt_umaal.o
        86          4          0          0          0        132   f2d.o
       140          4          0          0          0        132   fnaninf.o
        10          0          0          0          0        116   fpinit.o
        10          0          0          0          0        116   fretinf.o
         0          0          0          0          0          0   usenofp.o
       220          8        403          0          0      63959   gap_config.o
       136         10        401          0          0       8950   gap_lib.o
       340         20        133          0          0       5208   gap_lib_patch.o
       272         14          0          0          0       3767   gap_vendor_cmd.o
       280         28          0          0          0        156   ceil.o
       122          0          0          0          0        148   sqrt.o
      1748         24        767          0        192       4900   aes.o
       372          6          0         16          0       3317   aes_cmac.o
       826          0          0          0          0       4224   ccm.o
      7172        130        272          0         40      54556   configuration_server.o
        72          6        256          0          0       2122   crc8ets.o
       916         50         52          0          8      10836   data_uart.o
      3514         12         96          0          0      14926   ecc.o
      6364        168       2576          0         12      18994   friendship_fn.o
      3508        100        923          0         12      11318   friendship_lpn.o
      2696         82        922         33         88      59633   gap_scheduler.o
      1088         32        351          0         36      39039   heartbeat.o
      2096         48        783          0          0      39733   mesh_access.o
      1336         56        440          0          8       6238   mesh_beacon.o
       872         28        267          0          4      34124   mesh_bearer.o
       892         68        592          0         28      11084   mesh_common.o
      3668        112        483          0         24       9995   mesh_flash.o
      1932         48        947          0        772       6799   mesh_network.o
      6668        208       2188          0        148      58643   mesh_node.o
      2640        120       1765          0         28      46882   mesh_provision.o
       500         24        222          0         12       3204   mesh_rpl.o
      3704        144       2954          0          0      13273   mesh_security.o
      1236         70        442          0         16       5666   mesh_service.o
      3172        110       1186          0        184      10937   mesh_transport.o
        24          4          0         16          0       1511   platform_diagnose.o
       114          0          0          0          0       2181   platform_list.o
       560         16         39          0          0      30239   platform_misc.o
       180         10         20          0          0       4084   platform_os.o
      3220        124       2175          0         76      13964   provision_adv.o
      2216         86        744          0          0       7758   provision_device.o
       360         38        438          0          2       5392   provision_server.o
       152         20         51          1          4       2380   provision_service.o
      2724        104       1082          0          8      12703   proxy_protocol.o
       376         36        479          0          2       3571   proxy_server.o
       172          6          0          1          0       2304   proxy_service.o
       484         22        153          0          8       3532   transport_ping.o

    ----------------------------------------------------------------------
     74500       2734      24804         68       1720     711133   Library Totals
        28          0         58          1          4          0   (incl. Padding)

    ----------------------------------------------------------------------

      Code (inc. data)   RO Data    RW Data    ZI Data      Debug   Library Name

      1060        258         87          0          0      64883   bee2_sdk.lib
      1174         32         57          0          4       1144   c_w.l
      3294        252          0          0          0       2856   fz_wm.l
       968         52        937          0          0      81884   gap_utils.lib
       402         28          0          0          0        304   m_wm.l
     67574       2112      23665         67       1712     560062   mesh_dev.lib

    ----------------------------------------------------------------------
     74500       2734      24804         68       1720     711133   Library Totals

    ----------------------------------------------------------------------

==============================================================================


      Code (inc. data)   RO Data    RW Data    ZI Data      Debug   

    115656       5506      43004        352       3844    1214509   Grand Totals
    115656       5506      43004        352       3844    1214509   ELF Image Totals
    115656       5506      43004        352          0          0   ROM Totals

==============================================================================

    Total RO  Size (Code + RO Data)               158660 ( 154.94kB)
    Total RW  Size (RW Data + ZI Data)              4196 (   4.10kB)
    Total ROM Size (Code + RO Data + RW Data)     159012 ( 155.29kB)

==============================================================================

