<html>
<body>
<pre>
<h1>礦ision Build Log</h1>
<h2>Tool Versions:</h2>
IDE-Version: μVision V5.24.2.0
Copyright (C) 2017 ARM Ltd and ARM Germany GmbH. All rights reserved.
License Information: 1 1, 1, LIC=IK12Z-J6XE4-M9NGG-V4N3Y-ZXPRG-ZNU77
 
Tool Versions:
Toolchain:       MDK-ARM Plus  Version: 5.24.1
Toolchain Path:  C:\Keil_v5\ARM\ARMCC\Bin
C Compiler:      Armcc.exe V5.06 update 5 (build 528)
Assembler:       Armasm.exe V5.06 update 5 (build 528)
Linker/Locator:  ArmLink.exe V5.06 update 5 (build 528)
Library Manager: ArmAr.exe V5.06 update 5 (build 528)
Hex Converter:   FromElf.exe V5.06 update 5 (build 528)
CPU DLL:         SARMCM3.DLL V5.24.1
Dialog DLL:      DCM.DLL V1.16.0.0
Target DLL:      Segger\JL2CM3.dll V2.74.0.0
Dialog DLL:      TCM.DLL V1.32.0.0
 
<h2>Project:</h2>
D:\Sun\mesh_light_pro\mesh_light_pro\board\evb\mesh_ali_light\mesh_ali_light.uvprojx
Project File Date:  11/04/2019

<h2>Output:</h2>
*** Using Compiler 'V5.06 update 5 (build 528)', folder: 'C:\Keil_v5\ARM\ARMCC\Bin'
Build target 'mesh_ali_light'
Before Build - User command #1: ..\..\..\tool\before_build_common.bat C:\Keil_v5\
before_build_common bat
'#bash.exe' 不是内部或外部命令，也不是可运行的程序
或批处理文件。
Before Build - User command #2: before_build_special.bat
build_before_special bat
assembling startup_rtl8762c.s...
compiling system_rtl8762c.c...
compiling app_task.c...
compiling ais_server.c...
compiling dfu_client.c...
compiling main.c...
compiling dfu_server.c...
compiling light_app.c...
compiling light_swtimer.c...
compiling dfu_updater_app.c...
linking...
Program Size: Code=115656 RO-data=43004 RW-data=352 ZI-data=3844  
FromELF: creating hex file...
After Build - User command #1: ..\..\..\tool\after_build_common.bat C:\Keil_v5\ARM\ARMCC\include D:\Sun\mesh_light_pro\mesh_light_pro\board\evb\mesh_ali_light\objects\app.axf app
Plain text image.
Generating SHA256...
SHA256 = A4B0A1EF03AEB05091CE3A26CE43FB8BBFAC5CDC4F8DB63686CEDD615EC2AE8D
MP header appending start...
No BinDependence...
No Comment...
No Author...
No Date...
MP header appending OK!
go encrypt.
Output Image: bin\app-e7b9865255e6fb2e4f08174c20012a6e.bin
Backup Disasm: bin\app-e7b9865255e6fb2e4f08174c20012a6e.disasm
Output Image: bin\app_MP_sdk#####_1.0.3.7_6ad54d90-3761b433f0f912e8c900436f0ffaf088.bin
After Build - User command #2: after_build_special.bat
build_after_special bat
".\objects\app.axf" - 0 Error(s), 0 Warning(s).

<h2>Software Packages used:</h2>

Package Vendor: ARM
                http://www.keil.com/pack/ARM.CMSIS.5.6.0.pack
                ARM.CMSIS.5.6.0
                CMSIS (Cortex Microcontroller Software Interface Standard)

<h2>Collection of Component include folders:</h2>
  .\RTE\_mesh_ali_light
  C:\Keil_v5\ARM\PACK\ARM\CMSIS\5.6.0\Device\ARM\ARMCM4\Include

<h2>Collection of Component Files used:</h2>
Build Time Elapsed:  00:00:15
</pre>
</body>
</html>
