<!doctype html public "-//w3c//dtd html 4.0 transitional//en">
<html><head>
<title>Static Call Graph - [.\objects\app.axf]</title></head>
<body><HR>
<H1>Static Call Graph for image .\objects\app.axf</H1><HR>
<BR><P>#&#060CALLGRAPH&#062# ARM Linker, 5060528: Last Updated: Mon Nov 04 18:42:21 2019
<BR><P>
<H3>Maximum Stack Usage =       1048 bytes + Unknown(Cycles, Untraceable Function Pointers)</H3><H3>
Call chain for Maximum Stack Depth:</H3>
device_prov_cb &rArr; device_receive &rArr; prov_handle_public_key &rArr; prov_ecdh_secret_gen &rArr; ecdh_shared_secret &rArr; ecc_point_mult &rArr; xycz_add_c &rArr; vli_mod_square_fast &rArr; vli_square &rArr; mul_64_64
<P>
<H3>
Mutually Recursive functions
</H3> <LI><a href="#[3ca]">fn_frnd_queue_add_frnd_upd</a>&nbsp;&nbsp;&nbsp;&rArr;&nbsp;&nbsp;&nbsp;<a href="#[334]">mesh_seq_use</a><BR>
</UL>
<P>
<H3>
Function Pointers
</H3><UL>
 <LI><a href="#[7a]">ADC_Handler</a> from startup_rtl8762c.o(.text) referenced from startup_rtl8762c.o(VECTOR)
 <LI><a href="#[6b]">BTMAC_Handler</a> from startup_rtl8762c.o(.text) referenced from startup_rtl8762c.o(VECTOR)
 <LI><a href="#[63]">BusFault_Handler</a> from startup_rtl8762c.o(.text) referenced from startup_rtl8762c.o(VECTOR)
 <LI><a href="#[66]">DebugMon_Handler</a> from startup_rtl8762c.o(.text) referenced from startup_rtl8762c.o(VECTOR)
 <LI><a href="#[95]">Default_Handler</a> from startup_rtl8762c.o(.text) referenced from system_rtl8762c.o(.app.overlay_a)
 <LI><a href="#[7c]">GDMA0_Channel0_Handler</a> from startup_rtl8762c.o(.text) referenced from startup_rtl8762c.o(VECTOR)
 <LI><a href="#[7d]">GDMA0_Channel1_Handler</a> from startup_rtl8762c.o(.text) referenced from startup_rtl8762c.o(VECTOR)
 <LI><a href="#[7e]">GDMA0_Channel2_Handler</a> from startup_rtl8762c.o(.text) referenced from startup_rtl8762c.o(VECTOR)
 <LI><a href="#[7f]">GDMA0_Channel3_Handler</a> from startup_rtl8762c.o(.text) referenced from startup_rtl8762c.o(VECTOR)
 <LI><a href="#[80]">GDMA0_Channel4_Handler</a> from startup_rtl8762c.o(.text) referenced from startup_rtl8762c.o(VECTOR)
 <LI><a href="#[81]">GDMA0_Channel5_Handler</a> from startup_rtl8762c.o(.text) referenced from startup_rtl8762c.o(VECTOR)
 <LI><a href="#[71]">GPIO4_Handler</a> from startup_rtl8762c.o(.text) referenced from startup_rtl8762c.o(VECTOR)
 <LI><a href="#[72]">GPIO5_Handler</a> from startup_rtl8762c.o(.text) referenced from startup_rtl8762c.o(VECTOR)
 <LI><a href="#[86]">GPIO_Group0_Handler</a> from system_rtl8762c.o(.ram.dataon.data) referenced from startup_rtl8762c.o(VECTOR)
 <LI><a href="#[85]">GPIO_Group1_Handler</a> from system_rtl8762c.o(.ram.dataon.data) referenced from startup_rtl8762c.o(VECTOR)
 <LI><a href="#[83]">GPIO_Group2_Handler</a> from system_rtl8762c.o(.ram.dataon.data) referenced from startup_rtl8762c.o(VECTOR)
 <LI><a href="#[82]">GPIO_Group3_Handler</a> from system_rtl8762c.o(.ram.dataon.data) referenced from startup_rtl8762c.o(VECTOR)
 <LI><a href="#[61]">HardFault_Handler</a> from startup_rtl8762c.o(.text) referenced 2 times from startup_rtl8762c.o(VECTOR)
 <LI><a href="#[78]">I2C0_Handler</a> from startup_rtl8762c.o(.text) referenced from startup_rtl8762c.o(VECTOR)
 <LI><a href="#[79]">I2C1_Handler</a> from startup_rtl8762c.o(.text) referenced from startup_rtl8762c.o(VECTOR)
 <LI><a href="#[6f]">I2S0_RX_Handler</a> from startup_rtl8762c.o(.text) referenced from startup_rtl8762c.o(VECTOR)
 <LI><a href="#[6e]">I2S0_TX_Handler</a> from startup_rtl8762c.o(.text) referenced from startup_rtl8762c.o(VECTOR)
 <LI><a href="#[93]">I2S1_RX_Handler</a> from startup_rtl8762c.o(.text) referenced from startup_rtl8762c.o(VECTOR)
 <LI><a href="#[92]">I2S1_TX_Handler</a> from startup_rtl8762c.o(.text) referenced from startup_rtl8762c.o(VECTOR)
 <LI><a href="#[84]">IR_Handler</a> from startup_rtl8762c.o(.text) referenced from startup_rtl8762c.o(VECTOR)
 <LI><a href="#[8e]">Keyscan_Handler</a> from startup_rtl8762c.o(.text) referenced from startup_rtl8762c.o(VECTOR)
 <LI><a href="#[94]">LCD_Handler</a> from startup_rtl8762c.o(.text) referenced from startup_rtl8762c.o(VECTOR)
 <LI><a href="#[90]">LPCOMP_Handler</a> from startup_rtl8762c.o(.text) referenced from startup_rtl8762c.o(VECTOR)
 <LI><a href="#[62]">MemManage_Handler</a> from startup_rtl8762c.o(.text) referenced from startup_rtl8762c.o(VECTOR)
 <LI><a href="#[60]">NMI_Handler</a> from startup_rtl8762c.o(.text) referenced from startup_rtl8762c.o(VECTOR)
 <LI><a href="#[91]">PTA_Mailbox_Handler</a> from startup_rtl8762c.o(.text) referenced from startup_rtl8762c.o(VECTOR)
 <LI><a href="#[67]">PendSV_Handler</a> from startup_rtl8762c.o(.text) referenced from startup_rtl8762c.o(VECTOR)
 <LI><a href="#[7b]">Peripheral_Handler</a> from startup_rtl8762c.o(.text) referenced from startup_rtl8762c.o(VECTOR)
 <LI><a href="#[8d]">Qdecode_Handler</a> from startup_rtl8762c.o(.text) referenced from startup_rtl8762c.o(VECTOR)
 <LI><a href="#[75]">RTC_Handler</a> from startup_rtl8762c.o(.text) referenced from startup_rtl8762c.o(VECTOR)
 <LI><a href="#[5f]">Reset_Handler</a> from startup_rtl8762c.o(RESET) referenced from startup_rtl8762c.o(VECTOR)
 <LI><a href="#[76]">SPI0_Handler</a> from startup_rtl8762c.o(.text) referenced from startup_rtl8762c.o(VECTOR)
 <LI><a href="#[77]">SPI1_Handler</a> from startup_rtl8762c.o(.text) referenced from startup_rtl8762c.o(VECTOR)
 <LI><a href="#[8f]">SPI2W_Handler</a> from startup_rtl8762c.o(.text) referenced from startup_rtl8762c.o(VECTOR)
 <LI><a href="#[8c]">SPI_Flash_Handler</a> from startup_rtl8762c.o(.text) referenced from startup_rtl8762c.o(VECTOR)
 <LI><a href="#[65]">SVC_Handler</a> from startup_rtl8762c.o(.text) referenced from startup_rtl8762c.o(VECTOR)
 <LI><a href="#[68]">SysTick_Handler</a> from startup_rtl8762c.o(.text) referenced from startup_rtl8762c.o(VECTOR)
 <LI><a href="#[1]">SystemInit</a> from system_rtl8762c.o(.app.flash.text) referenced from startup_rtl8762c.o(RESET)
 <LI><a href="#[69]">System_Handler</a> from startup_rtl8762c.o(.text) referenced from startup_rtl8762c.o(VECTOR)
 <LI><a href="#[6d]">Timer2_Handler</a> from startup_rtl8762c.o(.text) referenced from startup_rtl8762c.o(VECTOR)
 <LI><a href="#[6c]">Timer3_Handler</a> from startup_rtl8762c.o(.text) referenced from startup_rtl8762c.o(VECTOR)
 <LI><a href="#[70]">Timer4_7_Handler</a> from startup_rtl8762c.o(.text) referenced from startup_rtl8762c.o(VECTOR)
 <LI><a href="#[88]">Timer4_Handler</a> from startup_rtl8762c.o(.text) referenced from startup_rtl8762c.o(VECTOR)
 <LI><a href="#[89]">Timer5_Handler</a> from startup_rtl8762c.o(.text) referenced from startup_rtl8762c.o(VECTOR)
 <LI><a href="#[8a]">Timer6_Handler</a> from startup_rtl8762c.o(.text) referenced from startup_rtl8762c.o(VECTOR)
 <LI><a href="#[8b]">Timer7_Handler</a> from startup_rtl8762c.o(.text) referenced from startup_rtl8762c.o(VECTOR)
 <LI><a href="#[74]">UART0_Handler</a> from data_uart.o(.text) referenced from startup_rtl8762c.o(VECTOR)
 <LI><a href="#[73]">UART1_Handler</a> from startup_rtl8762c.o(.text) referenced from startup_rtl8762c.o(VECTOR)
 <LI><a href="#[87]">UART2_Handler</a> from startup_rtl8762c.o(.text) referenced from startup_rtl8762c.o(VECTOR)
 <LI><a href="#[64]">UsageFault_Handler</a> from startup_rtl8762c.o(.text) referenced from startup_rtl8762c.o(VECTOR)
 <LI><a href="#[6a]">WDG_Handler</a> from startup_rtl8762c.o(.text) referenced from startup_rtl8762c.o(VECTOR)
 <LI><a href="#[4a]">_printf_input_char</a> from _printf_char_common.o(.text) referenced from _printf_char_common.o(.text)
 <LI><a href="#[49]">_sputc</a> from _sputc.o(.text) referenced from noretval__2sprintf.o(.text)
 <LI><a href="#[58]">ais_server_cccd_update_cb</a> from ais_server.o(.text) referenced from ais_server.o(.constdata)
 <LI><a href="#[56]">ais_server_read_cb</a> from ais_server.o(.text) referenced from ais_server.o(.constdata)
 <LI><a href="#[5]">ais_server_timeout_cb</a> from ais_server.o(.text) referenced from ais_server.o(.text)
 <LI><a href="#[57]">ais_server_write_cb</a> from ais_server.o(.text) referenced from ais_server.o(.constdata)
 <LI><a href="#[4b]">app_cb0_wdg_reset</a> from system_rtl8762c.o(.text) referenced from system_rtl8762c.o(.constdata)
 <LI><a href="#[4c]">app_cb5_dfu_status</a> from system_rtl8762c.o(.text) referenced from system_rtl8762c.o(.constdata)
 <LI><a href="#[28]">app_client_callback</a> from light_app.o(.text) referenced from main.o(.text)
 <LI><a href="#[26]">app_gap_callback</a> from light_app.o(.text) referenced from main.o(.text)
 <LI><a href="#[1c6]">app_main_task</a> from app_task.o(.text) referenced from app_task.o(.text)
 <LI><a href="#[27]">app_profile_callback</a> from light_app.o(.text) referenced from main.o(.text)
 <LI><a href="#[1c5]">app_send_uart_msg</a> from app_task.o(.text) referenced from app_task.o(.text)
 <LI><a href="#[33b]">attn_timeout_cb</a> from mesh_node.o(.text) referenced from mesh_node.o(.text)
 <LI><a href="#[3c]">beacon_timeout_cb</a> from mesh_beacon.o(.text) referenced from mesh_beacon.o(.text)
 <LI><a href="#[421]">cfg_server_receive</a> from configuration_server.o(.text) referenced from configuration_server.o(.text)
 <LI><a href="#[3b]">change_scan_param_timeout_cb</a> from light_swtimer.o(.text) referenced from light_swtimer.o(.text)
 <LI><a href="#[2]">common_main</a> from system_rtl8762c.o(.text) referenced from system_rtl8762c.o(.app.flash.text)
 <LI><a href="#[353]">device_prov_cb</a> from provision_device.o(.text) referenced 2 times from provision_device.o(.text)
 <LI><a href="#[4d]">dfu_attr_write_cb</a> from dfu_server.o(.text) referenced from dfu_server.o(.constdata)
 <LI><a href="#[4e]">dfu_cccd_update_cb</a> from dfu_server.o(.text) referenced from dfu_server.o(.constdata)
 <LI><a href="#[50]">dfu_client_disc_result_cb</a> from dfu_client.o(.text) referenced from dfu_client.o(.constdata)
 <LI><a href="#[4f]">dfu_client_disc_state_cb</a> from dfu_client.o(.text) referenced from dfu_client.o(.constdata)
 <LI><a href="#[104]">dfu_client_handle_msg</a> from dfu_client.o(.text) referenced from dfu_client.o(.text)
 <LI><a href="#[53]">dfu_client_notify_indicate_cb</a> from dfu_client.o(.text) referenced from dfu_client.o(.constdata)
 <LI><a href="#[51]">dfu_client_read_result_cb</a> from dfu_client.o(.text) referenced from dfu_client.o(.constdata)
 <LI><a href="#[52]">dfu_client_write_result_cb</a> from dfu_client.o(.text) referenced from dfu_client.o(.constdata)
 <LI><a href="#[4]">dfu_server_timeout_cb</a> from dfu_server.o(.text) referenced from dfu_server.o(.text)
 <LI><a href="#[59]">dis_attr_read_cb</a> from dis.o(.text) referenced from dis.o(.constdata)
 <LI><a href="#[47]">fn_timeout_cb</a> from friendship_fn.o(.text) referenced from friendship_fn.o(.text)
 <LI><a href="#[213]">fw_update_server_data_cb</a> from dfu_updater_app.o(.text) referenced from dfu_updater_app.o(.text)
 <LI><a href="#[135]">fw_update_server_receive</a> from firmware_update_server.o(.text) referenced from firmware_update_server.o(.text)
 <LI><a href="#[266]">gap_lib_handle_btif_msg</a> from gap_lib.o(.text) referenced from gap_lib.o(.text)
 <LI><a href="#[290]">gap_sched_timer_cb</a> from gap_scheduler.o(.text) referenced from gap_scheduler.o(.text)
 <LI><a href="#[29]">generic_on_off_server_data</a> from light_ctl_server_app.o(.text) referenced 4 times from light_ctl_server_app.o(.text)
 <LI><a href="#[a]">generic_on_off_server_publish</a> from generic_on_off_server.o(.text) referenced from generic_on_off_server.o(.text)
 <LI><a href="#[9]">generic_on_off_server_receive</a> from generic_on_off_server.o(.text) referenced from generic_on_off_server.o(.text)
 <LI><a href="#[8]">generic_on_off_trans_step_change</a> from generic_on_off_server.o(.text) referenced from generic_on_off_server.o(.text)
 <LI><a href="#[3ec]">hb_timer_cb</a> from heartbeat.o(.text) referenced from heartbeat.o(.text)
 <LI><a href="#[7]">health_server_publish</a> from health_server.o(.text) referenced from health_server.o(.text)
 <LI><a href="#[6]">health_server_receive</a> from health_server.o(.text) referenced from health_server.o(.text)
 <LI><a href="#[338]">iv_index_timeout_cb</a> from mesh_node.o(.text) referenced from mesh_node.o(.text)
 <LI><a href="#[2b]">light_ctl_server_data</a> from light_ctl_server_app.o(.text) referenced 2 times from light_ctl_server_app.o(.text)
 <LI><a href="#[11]">light_ctl_server_publish</a> from light_ctl_server.o(.text) referenced from light_ctl_server.o(.text)
 <LI><a href="#[10]">light_ctl_server_receive</a> from light_ctl_server.o(.text) referenced from light_ctl_server.o(.text)
 <LI><a href="#[23]">light_ctl_setup_server_receive</a> from light_ctl_setup_server.o(.text) referenced from light_ctl_setup_server.o(.text)
 <LI><a href="#[14]">light_ctl_temperature_server_publish</a> from light_ctl_temperature_server.o(.text) referenced from light_ctl_temperature_server.o(.text)
 <LI><a href="#[13]">light_ctl_temperature_server_receive</a> from light_ctl_temperature_server.o(.text) referenced from light_ctl_temperature_server.o(.text)
 <LI><a href="#[15]">light_ctl_temperature_trans_step_change</a> from light_ctl_temperature_server.o(.text) referenced from light_ctl_temperature_server.o(.text)
 <LI><a href="#[35]">light_ctl_timeout_handle</a> from light_controller_app.o(.text) referenced from light_controller_app.o(.text)
 <LI><a href="#[12]">light_ctl_trans_step_change</a> from light_ctl_server.o(.text) referenced from light_ctl_server.o(.text)
 <LI><a href="#[33]">light_cwrgb_server_receive</a> from light_cwrgb_server_app.o(.text) referenced from light_cwrgb_server_app.o(.text)
 <LI><a href="#[1a]">light_hsl_hue_server_receive</a> from light_hsl_hue_server.o(.text) referenced from light_hsl_hue_server.o(.text)
 <LI><a href="#[19]">light_hsl_hue_trans_step_change</a> from light_hsl_hue_server.o(.text) referenced from light_hsl_hue_server.o(.text)
 <LI><a href="#[1d]">light_hsl_saturation_server_receive</a> from light_hsl_saturation_server.o(.text) referenced from light_hsl_saturation_server.o(.text)
 <LI><a href="#[1c]">light_hsl_saturation_trans_step_change</a> from light_hsl_saturation_server.o(.text) referenced from light_hsl_saturation_server.o(.text)
 <LI><a href="#[2f]">light_hsl_server_data</a> from light_hsl_server_app.o(.text) referenced 2 times from light_hsl_server_app.o(.text)
 <LI><a href="#[17]">light_hsl_server_publish</a> from light_hsl_server.o(.text) referenced from light_hsl_server.o(.text)
 <LI><a href="#[16]">light_hsl_server_receive</a> from light_hsl_server.o(.text) referenced from light_hsl_server.o(.text)
 <LI><a href="#[1f]">light_hsl_setup_server_receive</a> from light_hsl_setup_server.o(.text) referenced from light_hsl_setup_server.o(.text)
 <LI><a href="#[18]">light_hsl_trans_step_change</a> from light_hsl_server.o(.text) referenced from light_hsl_server.o(.text)
 <LI><a href="#[1b]">light_hue_server_publish</a> from light_hsl_hue_server.o(.text) referenced from light_hsl_hue_server.o(.text)
 <LI><a href="#[30]">light_lightness_change_done</a> from light_lightness_server_app.o(.text) referenced from light_lightness_server_app.o(.text)
 <LI><a href="#[2a]">light_lightness_server_data</a> from light_ctl_server_app.o(.text) referenced 4 times from light_ctl_server_app.o(.text)
 <LI><a href="#[e]">light_lightness_server_publish</a> from light_lightness_server.o(.text) referenced from light_lightness_server.o(.text)
 <LI><a href="#[d]">light_lightness_server_receive</a> from light_lightness_server.o(.text) referenced from light_lightness_server.o(.text)
 <LI><a href="#[f]">light_lightness_setup_server_receive</a> from light_lightness_setup_server.o(.text) referenced from light_lightness_setup_server.o(.text)
 <LI><a href="#[c]">light_lightness_trans_step_change</a> from light_lightness_server.o(.text) referenced from light_lightness_server.o(.text)
 <LI><a href="#[34]">light_power_on_timeout_cb</a> from dimmable_light.o(.text) referenced from dimmable_light.o(.text)
 <LI><a href="#[1e]">light_saturation_server_publish</a> from light_hsl_saturation_server.o(.text) referenced from light_hsl_saturation_server.o(.text)
 <LI><a href="#[3]">log_direct</a> from ROM.lib(ABSOLUTE) referenced from startup_rtl8762c.o(.text)
 <LI><a href="#[48]">lpn_timeout_cb</a> from friendship_lpn.o(.text) referenced from friendship_lpn.o(.text)
 <LI><a href="#[325]">mesh_model_pub_timeout_cb</a> from mesh_node.o(.text) referenced from mesh_node.o(.text)
 <LI><a href="#[2e8]">mesh_reboot_timer_cb</a> from mesh_common.o(.text) referenced from mesh_common.o(.text)
 <LI><a href="#[3e]">mesh_service_timeout_cb</a> from mesh_service.o(.text) referenced 2 times from mesh_service.o(.text)
 <LI><a href="#[5a]">mp_cmd_update_ali_data</a> from mp_cmd.o(.text) referenced from mp_cmd.o(.constdata)
 <LI><a href="#[44]">msg_ack_done</a> from provision_adv.o(.text) referenced from provision_adv.o(.text)
 <LI><a href="#[215]">obj_transfer_server_data_cb</a> from dfu_updater_app.o(.text) referenced from dfu_updater_app.o(.text)
 <LI><a href="#[144]">obj_transfer_server_receive</a> from object_transfer_server.o(.text) referenced from object_transfer_server.o(.text)
 <LI><a href="#[54]">ota_attr_read_cb</a> from ota_server.o(.text) referenced from ota_server.o(.constdata)
 <LI><a href="#[55]">ota_attr_write_cb</a> from ota_server.o(.text) referenced from ota_server.o(.constdata)
 <LI><a href="#[45]">pb_adv_timeout_cb</a> from provision_adv.o(.text) referenced 2 times from provision_adv.o(.text)
 <LI><a href="#[ac]">pre_main</a> from system_rtl8762c.o(.app.flash.text) referenced from system_rtl8762c.o(.app.flash.text)
 <LI><a href="#[25]">prov_cb</a> from light_app.o(.text) referenced from main.o(.text)
 <LI><a href="#[5c]">prov_server_cccd_update_cb</a> from provision_server.o(.text) referenced from provision_server.o(.constdata)
 <LI><a href="#[40]">prov_server_handle_disconnect</a> from provision_server.o(.text) referenced from provision_server.o(.text)
 <LI><a href="#[383]">prov_server_notify</a> from provision_server.o(.text) referenced from provision_server.o(.text)
 <LI><a href="#[5b]">prov_server_write_cb</a> from provision_server.o(.text) referenced from provision_server.o(.constdata)
 <LI><a href="#[3f]">prov_service_receive</a> from provision_service.o(.text) referenced from provision_server.o(.text)
 <LI><a href="#[2f7]">prov_timeout_cb</a> from mesh_provision.o(.text) referenced from mesh_provision.o(.text)
 <LI><a href="#[46]">proxy_rx_timeout_cb</a> from proxy_protocol.o(.text) referenced from proxy_protocol.o(.text)
 <LI><a href="#[5e]">proxy_server_cccd_update_cb</a> from proxy_server.o(.text) referenced from proxy_server.o(.constdata)
 <LI><a href="#[42]">proxy_server_handle_disconnect</a> from proxy_server.o(.text) referenced from proxy_server.o(.text)
 <LI><a href="#[389]">proxy_server_notify</a> from proxy_server.o(.text) referenced from proxy_server.o(.text)
 <LI><a href="#[5d]">proxy_server_write_cb</a> from proxy_server.o(.text) referenced from proxy_server.o(.constdata)
 <LI><a href="#[41]">proxy_service_receive</a> from proxy_service.o(.text) referenced from proxy_server.o(.text)
 <LI><a href="#[2c]">scene_server_data</a> from light_ctl_server_app.o(.text) referenced from light_ctl_server_app.o(.text)
 <LI><a href="#[21]">scene_server_publish</a> from scene_server.o(.text) referenced from scene_server.o(.text)
 <LI><a href="#[20]">scene_server_receive</a> from scene_server.o(.text) referenced from scene_server.o(.text)
 <LI><a href="#[24]">scene_setup_server_receive</a> from scene_setup_server.o(.text) referenced from scene_setup_server.o(.text)
 <LI><a href="#[22]">scene_trans_step_change</a> from scene_server.o(.text) referenced from scene_server.o(.text)
 <LI><a href="#[3d]">tick_timer_cb</a> from mesh_common.o(.text) referenced from mesh_common.o(.text)
 <LI><a href="#[397]">trans_send_seg</a> from mesh_transport.o(.text) referenced from mesh_transport.o(.text)
 <LI><a href="#[b]">trans_time_timeout_handle</a> from generic_transition_time.o(.text) referenced from generic_transition_time.o(.text)
 <LI><a href="#[43]">trans_timeout_cb</a> from mesh_transport.o(.text) referenced from mesh_transport.o(.text)
 <LI><a href="#[3a]">unprov_timeout_cb</a> from light_swtimer.o(.text) referenced from light_swtimer.o(.text)
</UL>
<P>
<H3>
Global Symbols
</H3>
<P><STRONG><a name="[235]"></a>get_active_ota_bank_addr</STRONG> (Thumb, 0 bytes, Stack size 0 bytes, ROM.lib(ABSOLUTE))
<BR><BR>[Called By]<UL><LI><a href="#[231]">&gt;&gt;</a>&nbsp;&nbsp;&nbsp;get_temp_ota_bank_size_by_img_id
</UL>

<P><STRONG><a name="[1f5]"></a>SHA256_Init</STRONG> (Thumb, 0 bytes, Stack size 0 bytes, ROM.lib(ABSOLUTE))
<BR><BR>[Called By]<UL><LI><a href="#[25]">&gt;&gt;</a>&nbsp;&nbsp;&nbsp;prov_cb
</UL>

<P><STRONG><a name="[1f6]"></a>SHA256_Update</STRONG> (Thumb, 0 bytes, Stack size 0 bytes, ROM.lib(ABSOLUTE))
<BR><BR>[Called By]<UL><LI><a href="#[25]">&gt;&gt;</a>&nbsp;&nbsp;&nbsp;prov_cb
</UL>

<P><STRONG><a name="[1f7]"></a>SHA256_Final</STRONG> (Thumb, 0 bytes, Stack size 0 bytes, ROM.lib(ABSOLUTE))
<BR><BR>[Called By]<UL><LI><a href="#[25]">&gt;&gt;</a>&nbsp;&nbsp;&nbsp;prov_cb
</UL>

<P><STRONG><a name="[462]"></a>RamVectorTableInit</STRONG> (Thumb, 0 bytes, Stack size 0 bytes, ROM.lib(ABSOLUTE))
<BR><BR>[Called By]<UL><LI><a href="#[b1]">&gt;&gt;</a>&nbsp;&nbsp;&nbsp;AppUpdateVectorTable
</UL>

<P><STRONG><a name="[b8]"></a>SystemCall</STRONG> (Thumb, 0 bytes, Stack size 0 bytes, ROM.lib(ABSOLUTE))
<BR><BR>[Called By]<UL><LI><a href="#[b7]">&gt;&gt;</a>&nbsp;&nbsp;&nbsp;WDG_SystemReset
</UL>

<P><STRONG><a name="[22a]"></a>btxfcs</STRONG> (Thumb, 0 bytes, Stack size 0 bytes, ROM.lib(ABSOLUTE))
<BR><BR>[Called By]<UL><LI><a href="#[229]">&gt;&gt;</a>&nbsp;&nbsp;&nbsp;mp_cmd_response
<LI><a href="#[1e2]">&gt;&gt;</a>&nbsp;&nbsp;&nbsp;mp_cmd_parse
</UL>

<P><STRONG><a name="[bd]"></a>platform_random</STRONG> (Thumb, 0 bytes, Stack size 0 bytes, ROM.lib(ABSOLUTE))
<BR><BR>[Called By]<UL><LI><a href="#[bc]">&gt;&gt;</a>&nbsp;&nbsp;&nbsp;rand
<LI><a href="#[1a2]">&gt;&gt;</a>&nbsp;&nbsp;&nbsp;mesh_stack_init
<LI><a href="#[27c]">&gt;&gt;</a>&nbsp;&nbsp;&nbsp;plt_rand
</UL>

<P><STRONG><a name="[3]"></a>log_direct</STRONG> (Thumb, 0 bytes, Stack size 0 bytes, ROM.lib(ABSOLUTE))
<BR><BR>[Called By]<UL><LI><a href="#[2]">&gt;&gt;</a>&nbsp;&nbsp;&nbsp;common_main
<LI><a href="#[117]">&gt;&gt;</a>&nbsp;&nbsp;&nbsp;ais_server_handle_msg
<LI><a href="#[d9]">&gt;&gt;</a>&nbsp;&nbsp;&nbsp;dfu_server_handle_cp
<LI><a href="#[483]">&gt;&gt;</a>&nbsp;&nbsp;&nbsp;app_flash_wait_busy
<LI><a href="#[481]">&gt;&gt;</a>&nbsp;&nbsp;&nbsp;app_flash_cmd_tx
<LI><a href="#[22c]">&gt;&gt;</a>&nbsp;&nbsp;&nbsp;UpdateMAC
<LI><a href="#[213]">&gt;&gt;</a>&nbsp;&nbsp;&nbsp;fw_update_server_data_cb
<LI><a href="#[43f]">&gt;&gt;</a>&nbsp;&nbsp;&nbsp;cfg_add_item
<LI><a href="#[448]">&gt;&gt;</a>&nbsp;&nbsp;&nbsp;cfg_find_item
<LI><a href="#[444]">&gt;&gt;</a>&nbsp;&nbsp;&nbsp;_cfg_write_to_flash
<LI><a href="#[443]">&gt;&gt;</a>&nbsp;&nbsp;&nbsp;_cfg_check_header_valid
</UL>
<BR>[Address Reference Count : 1]<UL><LI> startup_rtl8762c.o(.text)
</UL>
<P><STRONG><a name="[aa]"></a>log_buffer</STRONG> (Thumb, 0 bytes, Stack size 0 bytes, ROM.lib(ABSOLUTE))
<BR><BR>[Called By]<UL><LI><a href="#[ac]">&gt;&gt;</a>&nbsp;&nbsp;&nbsp;pre_main
<LI><a href="#[a9]">&gt;&gt;</a>&nbsp;&nbsp;&nbsp;print_reset_reason
<LI><a href="#[b1]">&gt;&gt;</a>&nbsp;&nbsp;&nbsp;AppUpdateVectorTable
<LI><a href="#[131]">&gt;&gt;</a>&nbsp;&nbsp;&nbsp;fw_update_server_handle_fw_update_prepare
<LI><a href="#[12c]">&gt;&gt;</a>&nbsp;&nbsp;&nbsp;mesh_model_reg
<LI><a href="#[11f]">&gt;&gt;</a>&nbsp;&nbsp;&nbsp;access_send
<LI><a href="#[11e]">&gt;&gt;</a>&nbsp;&nbsp;&nbsp;access_cfg
<LI><a href="#[12a]">&gt;&gt;</a>&nbsp;&nbsp;&nbsp;health_server_reg
<LI><a href="#[11a]">&gt;&gt;</a>&nbsp;&nbsp;&nbsp;dis_add_service
<LI><a href="#[59]">&gt;&gt;</a>&nbsp;&nbsp;&nbsp;dis_attr_read_cb
<LI><a href="#[119]">&gt;&gt;</a>&nbsp;&nbsp;&nbsp;dis_set_parameter
<LI><a href="#[118]">&gt;&gt;</a>&nbsp;&nbsp;&nbsp;ais_server_add
<LI><a href="#[58]">&gt;&gt;</a>&nbsp;&nbsp;&nbsp;ais_server_cccd_update_cb
<LI><a href="#[57]">&gt;&gt;</a>&nbsp;&nbsp;&nbsp;ais_server_write_cb
<LI><a href="#[117]">&gt;&gt;</a>&nbsp;&nbsp;&nbsp;ais_server_handle_msg
<LI><a href="#[114]">&gt;&gt;</a>&nbsp;&nbsp;&nbsp;ais_server_notify
<LI><a href="#[110]">&gt;&gt;</a>&nbsp;&nbsp;&nbsp;ais_server_indicate
<LI><a href="#[10f]">&gt;&gt;</a>&nbsp;&nbsp;&nbsp;ais_server_adv
<LI><a href="#[10d]">&gt;&gt;</a>&nbsp;&nbsp;&nbsp;ais_server_timer_start
<LI><a href="#[10c]">&gt;&gt;</a>&nbsp;&nbsp;&nbsp;ota_server_add
<LI><a href="#[54]">&gt;&gt;</a>&nbsp;&nbsp;&nbsp;ota_attr_read_cb
<LI><a href="#[55]">&gt;&gt;</a>&nbsp;&nbsp;&nbsp;ota_attr_write_cb
<LI><a href="#[109]">&gt;&gt;</a>&nbsp;&nbsp;&nbsp;dfu_client_add
<LI><a href="#[106]">&gt;&gt;</a>&nbsp;&nbsp;&nbsp;dfu_client_handle_adv_pkt
<LI><a href="#[104]">&gt;&gt;</a>&nbsp;&nbsp;&nbsp;dfu_client_handle_msg
<LI><a href="#[103]">&gt;&gt;</a>&nbsp;&nbsp;&nbsp;dfu_client_handle_cp_msg
<LI><a href="#[101]">&gt;&gt;</a>&nbsp;&nbsp;&nbsp;dfu_client_push_image
<LI><a href="#[f7]">&gt;&gt;</a>&nbsp;&nbsp;&nbsp;dfu_client_data_write
<LI><a href="#[f5]">&gt;&gt;</a>&nbsp;&nbsp;&nbsp;dfu_client_cp_write
<LI><a href="#[f3]">&gt;&gt;</a>&nbsp;&nbsp;&nbsp;dfu_client_cp_cccd_set
<LI><a href="#[f1]">&gt;&gt;</a>&nbsp;&nbsp;&nbsp;dfu_client_read_by_uuid
<LI><a href="#[ef]">&gt;&gt;</a>&nbsp;&nbsp;&nbsp;dfu_client_read_by_handle
<LI><a href="#[ed]">&gt;&gt;</a>&nbsp;&nbsp;&nbsp;dfu_client_start_discovery
<LI><a href="#[51]">&gt;&gt;</a>&nbsp;&nbsp;&nbsp;dfu_client_read_result_cb
<LI><a href="#[50]">&gt;&gt;</a>&nbsp;&nbsp;&nbsp;dfu_client_disc_result_cb
<LI><a href="#[4f]">&gt;&gt;</a>&nbsp;&nbsp;&nbsp;dfu_client_disc_state_cb
<LI><a href="#[d1]">&gt;&gt;</a>&nbsp;&nbsp;&nbsp;unlock_flash_all
<LI><a href="#[d2]">&gt;&gt;</a>&nbsp;&nbsp;&nbsp;sil_dfu_update
<LI><a href="#[e3]">&gt;&gt;</a>&nbsp;&nbsp;&nbsp;mesh_reboot
<LI><a href="#[c6]">&gt;&gt;</a>&nbsp;&nbsp;&nbsp;gap_sched_task_get
<LI><a href="#[eb]">&gt;&gt;</a>&nbsp;&nbsp;&nbsp;dfu_server_add
<LI><a href="#[4e]">&gt;&gt;</a>&nbsp;&nbsp;&nbsp;dfu_cccd_update_cb
<LI><a href="#[4d]">&gt;&gt;</a>&nbsp;&nbsp;&nbsp;dfu_attr_write_cb
<LI><a href="#[e7]">&gt;&gt;</a>&nbsp;&nbsp;&nbsp;dfu_server_handle_data
<LI><a href="#[d9]">&gt;&gt;</a>&nbsp;&nbsp;&nbsp;dfu_server_handle_cp
<LI><a href="#[cf]">&gt;&gt;</a>&nbsp;&nbsp;&nbsp;dfu_server_buffer_check
<LI><a href="#[ca]">&gt;&gt;</a>&nbsp;&nbsp;&nbsp;dfu_server_timer_start
<LI><a href="#[c4]">&gt;&gt;</a>&nbsp;&nbsp;&nbsp;dfu_server_adv_send
<LI><a href="#[19a]">&gt;&gt;</a>&nbsp;&nbsp;&nbsp;light_ctl_setup_server_reg
<LI><a href="#[199]">&gt;&gt;</a>&nbsp;&nbsp;&nbsp;scene_server_reg
<LI><a href="#[18f]">&gt;&gt;</a>&nbsp;&nbsp;&nbsp;light_hsl_setup_server_reg
<LI><a href="#[18e]">&gt;&gt;</a>&nbsp;&nbsp;&nbsp;light_hsl_saturation_server_reg
<LI><a href="#[18a]">&gt;&gt;</a>&nbsp;&nbsp;&nbsp;light_hsl_hue_server_reg
<LI><a href="#[186]">&gt;&gt;</a>&nbsp;&nbsp;&nbsp;light_hsl_server_reg
<LI><a href="#[17e]">&gt;&gt;</a>&nbsp;&nbsp;&nbsp;light_ctl_temperature_server_reg
<LI><a href="#[17a]">&gt;&gt;</a>&nbsp;&nbsp;&nbsp;light_ctl_server_reg
<LI><a href="#[169]">&gt;&gt;</a>&nbsp;&nbsp;&nbsp;light_lightness_setup_server_reg
<LI><a href="#[168]">&gt;&gt;</a>&nbsp;&nbsp;&nbsp;light_lightness_server_reg
<LI><a href="#[155]">&gt;&gt;</a>&nbsp;&nbsp;&nbsp;mesh_tick_timer_start
<LI><a href="#[b]">&gt;&gt;</a>&nbsp;&nbsp;&nbsp;trans_time_timeout_handle
<LI><a href="#[152]">&gt;&gt;</a>&nbsp;&nbsp;&nbsp;trans_time_insert
<LI><a href="#[150]">&gt;&gt;</a>&nbsp;&nbsp;&nbsp;generic_on_off_server_reg
<LI><a href="#[148]">&gt;&gt;</a>&nbsp;&nbsp;&nbsp;obj_transfer_server_load
<LI><a href="#[144]">&gt;&gt;</a>&nbsp;&nbsp;&nbsp;obj_transfer_server_receive
<LI><a href="#[13f]">&gt;&gt;</a>&nbsp;&nbsp;&nbsp;obj_transfer_server_handle_obj_chunk_transfer
<LI><a href="#[13e]">&gt;&gt;</a>&nbsp;&nbsp;&nbsp;obj_transfer_server_handle_obj_block_transfer_start
<LI><a href="#[135]">&gt;&gt;</a>&nbsp;&nbsp;&nbsp;fw_update_server_receive
<LI><a href="#[5a]">&gt;&gt;</a>&nbsp;&nbsp;&nbsp;mp_cmd_update_ali_data
<LI><a href="#[226]">&gt;&gt;</a>&nbsp;&nbsp;&nbsp;light_flash_read
<LI><a href="#[225]">&gt;&gt;</a>&nbsp;&nbsp;&nbsp;light_flash_write
<LI><a href="#[215]">&gt;&gt;</a>&nbsp;&nbsp;&nbsp;obj_transfer_server_data_cb
<LI><a href="#[213]">&gt;&gt;</a>&nbsp;&nbsp;&nbsp;fw_update_server_data_cb
<LI><a href="#[20f]">&gt;&gt;</a>&nbsp;&nbsp;&nbsp;dfu_updater_nvm_load
<LI><a href="#[1e2]">&gt;&gt;</a>&nbsp;&nbsp;&nbsp;mp_cmd_parse
<LI><a href="#[1dd]">&gt;&gt;</a>&nbsp;&nbsp;&nbsp;gap_sched_handle_bt_status_msg
<LI><a href="#[1dc]">&gt;&gt;</a>&nbsp;&nbsp;&nbsp;app_handle_gap_msg
<LI><a href="#[1db]">&gt;&gt;</a>&nbsp;&nbsp;&nbsp;app_handle_dev_state_evt
<LI><a href="#[1d5]">&gt;&gt;</a>&nbsp;&nbsp;&nbsp;app_handle_conn_state_evt
<LI><a href="#[1d4]">&gt;&gt;</a>&nbsp;&nbsp;&nbsp;app_handle_conn_mtu_info_evt
<LI><a href="#[1d3]">&gt;&gt;</a>&nbsp;&nbsp;&nbsp;app_handle_conn_param_update_evt
<LI><a href="#[1d2]">&gt;&gt;</a>&nbsp;&nbsp;&nbsp;app_handle_authen_state_evt
<LI><a href="#[1cb]">&gt;&gt;</a>&nbsp;&nbsp;&nbsp;mp_cmd_init
<LI><a href="#[1d0]">&gt;&gt;</a>&nbsp;&nbsp;&nbsp;mesh_inner_msg_handle
<LI><a href="#[1c4]">&gt;&gt;</a>&nbsp;&nbsp;&nbsp;app_send_msg_to_apptask
<LI><a href="#[25]">&gt;&gt;</a>&nbsp;&nbsp;&nbsp;prov_cb
<LI><a href="#[1a6]">&gt;&gt;</a>&nbsp;&nbsp;&nbsp;plt_srand
<LI><a href="#[1ae]">&gt;&gt;</a>&nbsp;&nbsp;&nbsp;mesh_element_create
<LI><a href="#[1c3]">&gt;&gt;</a>&nbsp;&nbsp;&nbsp;gap_lib_init
<LI><a href="#[1b1]">&gt;&gt;</a>&nbsp;&nbsp;&nbsp;compo_data_page0_gen
<LI><a href="#[27]">&gt;&gt;</a>&nbsp;&nbsp;&nbsp;app_profile_callback
<LI><a href="#[26]">&gt;&gt;</a>&nbsp;&nbsp;&nbsp;app_gap_callback
<LI><a href="#[28]">&gt;&gt;</a>&nbsp;&nbsp;&nbsp;app_client_callback
<LI><a href="#[19b]">&gt;&gt;</a>&nbsp;&nbsp;&nbsp;scene_setup_server_reg
<LI><a href="#[272]">&gt;&gt;</a>&nbsp;&nbsp;&nbsp;le_bond_get_sec_level
<LI><a href="#[26f]">&gt;&gt;</a>&nbsp;&nbsp;&nbsp;le_check_privacy_bond
<LI><a href="#[262]">&gt;&gt;</a>&nbsp;&nbsp;&nbsp;change_scan_param_timer_start
<LI><a href="#[261]">&gt;&gt;</a>&nbsp;&nbsp;&nbsp;unprov_timer_stop
<LI><a href="#[25e]">&gt;&gt;</a>&nbsp;&nbsp;&nbsp;unprov_timer_start
<LI><a href="#[23f]">&gt;&gt;</a>&nbsp;&nbsp;&nbsp;light_controller_init
<LI><a href="#[237]">&gt;&gt;</a>&nbsp;&nbsp;&nbsp;check_dfu_update_image_length
<LI><a href="#[488]">&gt;&gt;</a>&nbsp;&nbsp;&nbsp;sil_dfu_flash_erase
<LI><a href="#[484]">&gt;&gt;</a>&nbsp;&nbsp;&nbsp;flash_erase_sector
<LI><a href="#[2d9]">&gt;&gt;</a>&nbsp;&nbsp;&nbsp;trans_handle_timeout
<LI><a href="#[2dd]">&gt;&gt;</a>&nbsp;&nbsp;&nbsp;proxy_handle_timeout
<LI><a href="#[2d8]">&gt;&gt;</a>&nbsp;&nbsp;&nbsp;pb_adv_handle_timeout
<LI><a href="#[2e6]">&gt;&gt;</a>&nbsp;&nbsp;&nbsp;mesh_service_identity_adv_start
<LI><a href="#[2e5]">&gt;&gt;</a>&nbsp;&nbsp;&nbsp;mesh_service_adv_start
<LI><a href="#[2d4]">&gt;&gt;</a>&nbsp;&nbsp;&nbsp;mesh_service_adv_send
<LI><a href="#[2e7]">&gt;&gt;</a>&nbsp;&nbsp;&nbsp;mesh_model_pub_start
<LI><a href="#[2e0]">&gt;&gt;</a>&nbsp;&nbsp;&nbsp;mesh_flash_restore
<LI><a href="#[2db]">&gt;&gt;</a>&nbsp;&nbsp;&nbsp;lpn_handle_timeout
<LI><a href="#[2d3]">&gt;&gt;</a>&nbsp;&nbsp;&nbsp;iv_index_handle_timeout
<LI><a href="#[2da]">&gt;&gt;</a>&nbsp;&nbsp;&nbsp;fn_handle_timeout
<LI><a href="#[3d]">&gt;&gt;</a>&nbsp;&nbsp;&nbsp;tick_timer_cb
<LI><a href="#[2d1]">&gt;&gt;</a>&nbsp;&nbsp;&nbsp;mesh_key_refresh
<LI><a href="#[2d0]">&gt;&gt;</a>&nbsp;&nbsp;&nbsp;iv_index_update_try
<LI><a href="#[2cc]">&gt;&gt;</a>&nbsp;&nbsp;&nbsp;beacon_handle_snb
<LI><a href="#[2cb]">&gt;&gt;</a>&nbsp;&nbsp;&nbsp;beacon_start
<LI><a href="#[2c9]">&gt;&gt;</a>&nbsp;&nbsp;&nbsp;beacon_snb_send_via_proxy
<LI><a href="#[2c7]">&gt;&gt;</a>&nbsp;&nbsp;&nbsp;beacon_snb_send
<LI><a href="#[2c2]">&gt;&gt;</a>&nbsp;&nbsp;&nbsp;beacon_udb_send
<LI><a href="#[2be]">&gt;&gt;</a>&nbsp;&nbsp;&nbsp;pb_adv_receive
<LI><a href="#[2bb]">&gt;&gt;</a>&nbsp;&nbsp;&nbsp;net_receive
<LI><a href="#[2b7]">&gt;&gt;</a>&nbsp;&nbsp;&nbsp;bearer_send_mesh_msg
<LI><a href="#[2ae]">&gt;&gt;</a>&nbsp;&nbsp;&nbsp;trans_send
<LI><a href="#[2b4]">&gt;&gt;</a>&nbsp;&nbsp;&nbsp;rpl_check
<LI><a href="#[2aa]">&gt;&gt;</a>&nbsp;&nbsp;&nbsp;app_nonce_gen
<LI><a href="#[2ad]">&gt;&gt;</a>&nbsp;&nbsp;&nbsp;app_encrypt
<LI><a href="#[2b3]">&gt;&gt;</a>&nbsp;&nbsp;&nbsp;app_decrypt
<LI><a href="#[2b2]">&gt;&gt;</a>&nbsp;&nbsp;&nbsp;access_receive
<LI><a href="#[2af]">&gt;&gt;</a>&nbsp;&nbsp;&nbsp;access_dispatch
<LI><a href="#[28d]">&gt;&gt;</a>&nbsp;&nbsp;&nbsp;mesh_inner_msg_send
<LI><a href="#[29f]">&gt;&gt;</a>&nbsp;&nbsp;&nbsp;gap_sched_quit
<LI><a href="#[29d]">&gt;&gt;</a>&nbsp;&nbsp;&nbsp;gap_sched_try
<LI><a href="#[298]">&gt;&gt;</a>&nbsp;&nbsp;&nbsp;gap_sched_run
<LI><a href="#[28e]">&gt;&gt;</a>&nbsp;&nbsp;&nbsp;gap_sched_task_free
<LI><a href="#[28c]">&gt;&gt;</a>&nbsp;&nbsp;&nbsp;gap_sched_task_available
<LI><a href="#[74]">&gt;&gt;</a>&nbsp;&nbsp;&nbsp;UART0_Handler
<LI><a href="#[387]">&gt;&gt;</a>&nbsp;&nbsp;&nbsp;proxy_send
<LI><a href="#[382]">&gt;&gt;</a>&nbsp;&nbsp;&nbsp;proxy_receive
<LI><a href="#[386]">&gt;&gt;</a>&nbsp;&nbsp;&nbsp;proxy_ctx_allocate
<LI><a href="#[3f]">&gt;&gt;</a>&nbsp;&nbsp;&nbsp;prov_service_receive
<LI><a href="#[5c]">&gt;&gt;</a>&nbsp;&nbsp;&nbsp;prov_server_cccd_update_cb
<LI><a href="#[5b]">&gt;&gt;</a>&nbsp;&nbsp;&nbsp;prov_server_write_cb
<LI><a href="#[357]">&gt;&gt;</a>&nbsp;&nbsp;&nbsp;flash_init
<LI><a href="#[348]">&gt;&gt;</a>&nbsp;&nbsp;&nbsp;pb_adv_send
<LI><a href="#[349]">&gt;&gt;</a>&nbsp;&nbsp;&nbsp;pb_adv_link_close
<LI><a href="#[34e]">&gt;&gt;</a>&nbsp;&nbsp;&nbsp;device_receive
<LI><a href="#[351]">&gt;&gt;</a>&nbsp;&nbsp;&nbsp;prov_handle_confirmation
<LI><a href="#[34f]">&gt;&gt;</a>&nbsp;&nbsp;&nbsp;prov_handle_start
<LI><a href="#[34c]">&gt;&gt;</a>&nbsp;&nbsp;&nbsp;prov_handle_data
<LI><a href="#[34a]">&gt;&gt;</a>&nbsp;&nbsp;&nbsp;prov_handle_invite
<LI><a href="#[346]">&gt;&gt;</a>&nbsp;&nbsp;&nbsp;prov_send
<LI><a href="#[307]">&gt;&gt;</a>&nbsp;&nbsp;&nbsp;vir_addr_gen
<LI><a href="#[33f]">&gt;&gt;</a>&nbsp;&nbsp;&nbsp;rpl_init
<LI><a href="#[317]">&gt;&gt;</a>&nbsp;&nbsp;&nbsp;mesh_k4
<LI><a href="#[30e]">&gt;&gt;</a>&nbsp;&nbsp;&nbsp;mesh_k3
<LI><a href="#[30d]">&gt;&gt;</a>&nbsp;&nbsp;&nbsp;mesh_k2
<LI><a href="#[309]">&gt;&gt;</a>&nbsp;&nbsp;&nbsp;mesh_flash_store
<LI><a href="#[30f]">&gt;&gt;</a>&nbsp;&nbsp;&nbsp;identity_key_gen
<LI><a href="#[310]">&gt;&gt;</a>&nbsp;&nbsp;&nbsp;beacon_key_gen
<LI><a href="#[338]">&gt;&gt;</a>&nbsp;&nbsp;&nbsp;iv_index_timeout_cb
<LI><a href="#[330]">&gt;&gt;</a>&nbsp;&nbsp;&nbsp;iv_index_update
<LI><a href="#[326]">&gt;&gt;</a>&nbsp;&nbsp;&nbsp;mesh_model_sub
<LI><a href="#[316]">&gt;&gt;</a>&nbsp;&nbsp;&nbsp;app_key_update
<LI><a href="#[314]">&gt;&gt;</a>&nbsp;&nbsp;&nbsp;frnd_key_update
<LI><a href="#[30c]">&gt;&gt;</a>&nbsp;&nbsp;&nbsp;net_key_update
<LI><a href="#[304]">&gt;&gt;</a>&nbsp;&nbsp;&nbsp;proxy_server_add
<LI><a href="#[303]">&gt;&gt;</a>&nbsp;&nbsp;&nbsp;prov_server_add
<LI><a href="#[301]">&gt;&gt;</a>&nbsp;&nbsp;&nbsp;identity_hash_gen
<LI><a href="#[300]">&gt;&gt;</a>&nbsp;&nbsp;&nbsp;mesh_service_identity_adv_send
<LI><a href="#[3e]">&gt;&gt;</a>&nbsp;&nbsp;&nbsp;mesh_service_timeout_cb
<LI><a href="#[2f8]">&gt;&gt;</a>&nbsp;&nbsp;&nbsp;prov_disconnect
<LI><a href="#[2fe]">&gt;&gt;</a>&nbsp;&nbsp;&nbsp;prov_allocate
<LI><a href="#[2f7]">&gt;&gt;</a>&nbsp;&nbsp;&nbsp;prov_timeout_cb
<LI><a href="#[2f4]">&gt;&gt;</a>&nbsp;&nbsp;&nbsp;prov_data_crypto
<LI><a href="#[2f3]">&gt;&gt;</a>&nbsp;&nbsp;&nbsp;prov_data_keys_gen
<LI><a href="#[2f2]">&gt;&gt;</a>&nbsp;&nbsp;&nbsp;prov_confirmation_gen
<LI><a href="#[2ef]">&gt;&gt;</a>&nbsp;&nbsp;&nbsp;prov_conf_keys_gen
<LI><a href="#[2ed]">&gt;&gt;</a>&nbsp;&nbsp;&nbsp;prov_ecdh_secret_gen
<LI><a href="#[2eb]">&gt;&gt;</a>&nbsp;&nbsp;&nbsp;prov_ecc_key_validate
<LI><a href="#[2e9]">&gt;&gt;</a>&nbsp;&nbsp;&nbsp;prov_ecc_key_gen
<LI><a href="#[3e4]">&gt;&gt;</a>&nbsp;&nbsp;&nbsp;hb_msg_send
<LI><a href="#[3e9]">&gt;&gt;</a>&nbsp;&nbsp;&nbsp;lpn_init
<LI><a href="#[3e7]">&gt;&gt;</a>&nbsp;&nbsp;&nbsp;lpn_req
<LI><a href="#[3e3]">&gt;&gt;</a>&nbsp;&nbsp;&nbsp;lpn_handle_frnd_upd
<LI><a href="#[3e2]">&gt;&gt;</a>&nbsp;&nbsp;&nbsp;lpn_handle_frnd_offer
<LI><a href="#[3dd]">&gt;&gt;</a>&nbsp;&nbsp;&nbsp;frnd_poll
<LI><a href="#[3db]">&gt;&gt;</a>&nbsp;&nbsp;&nbsp;frnd_req
<LI><a href="#[3df]">&gt;&gt;</a>&nbsp;&nbsp;&nbsp;frnd_clear
<LI><a href="#[3da]">&gt;&gt;</a>&nbsp;&nbsp;&nbsp;fn_init
<LI><a href="#[3d9]">&gt;&gt;</a>&nbsp;&nbsp;&nbsp;fn_clear
<LI><a href="#[3d5]">&gt;&gt;</a>&nbsp;&nbsp;&nbsp;fn_handle_frnd_clear_conf
<LI><a href="#[3d4]">&gt;&gt;</a>&nbsp;&nbsp;&nbsp;fn_handle_frnd_clear
<LI><a href="#[3d0]">&gt;&gt;</a>&nbsp;&nbsp;&nbsp;fn_handle_frnd_req
<LI><a href="#[3cc]">&gt;&gt;</a>&nbsp;&nbsp;&nbsp;fn_lpn_sub_remove
<LI><a href="#[3cb]">&gt;&gt;</a>&nbsp;&nbsp;&nbsp;fn_lpn_sub_add
<LI><a href="#[3c8]">&gt;&gt;</a>&nbsp;&nbsp;&nbsp;fn_frnd_queue_add
<LI><a href="#[3c7]">&gt;&gt;</a>&nbsp;&nbsp;&nbsp;fn_frnd_queue_delete
<LI><a href="#[3c6]">&gt;&gt;</a>&nbsp;&nbsp;&nbsp;frnd_update
<LI><a href="#[3d6]">&gt;&gt;</a>&nbsp;&nbsp;&nbsp;fn_handle_frnd_poll
<LI><a href="#[3c3]">&gt;&gt;</a>&nbsp;&nbsp;&nbsp;frnd_clear
<LI><a href="#[3b8]">&gt;&gt;</a>&nbsp;&nbsp;&nbsp;pb_adv_link_open
<LI><a href="#[3b3]">&gt;&gt;</a>&nbsp;&nbsp;&nbsp;msg_ack
<LI><a href="#[3b1]">&gt;&gt;</a>&nbsp;&nbsp;&nbsp;msg_send
<LI><a href="#[3b0]">&gt;&gt;</a>&nbsp;&nbsp;&nbsp;link_close
<LI><a href="#[3af]">&gt;&gt;</a>&nbsp;&nbsp;&nbsp;link_ack
<LI><a href="#[3ae]">&gt;&gt;</a>&nbsp;&nbsp;&nbsp;link_open
<LI><a href="#[3ad]">&gt;&gt;</a>&nbsp;&nbsp;&nbsp;proxy_nonce_gen
<LI><a href="#[3a9]">&gt;&gt;</a>&nbsp;&nbsp;&nbsp;privacy_counter_gen
<LI><a href="#[3aa]">&gt;&gt;</a>&nbsp;&nbsp;&nbsp;net_obfuscate
<LI><a href="#[3a7]">&gt;&gt;</a>&nbsp;&nbsp;&nbsp;net_nonce_gen
<LI><a href="#[3a8]">&gt;&gt;</a>&nbsp;&nbsp;&nbsp;net_encrypt
<LI><a href="#[3ab]">&gt;&gt;</a>&nbsp;&nbsp;&nbsp;net_decrypt
<LI><a href="#[3a5]">&gt;&gt;</a>&nbsp;&nbsp;&nbsp;nmc_check
<LI><a href="#[3a1]">&gt;&gt;</a>&nbsp;&nbsp;&nbsp;trans_handle_ping_pong_msg
<LI><a href="#[396]">&gt;&gt;</a>&nbsp;&nbsp;&nbsp;net_send
<LI><a href="#[3a3]">&gt;&gt;</a>&nbsp;&nbsp;&nbsp;lpn_handle_msg
<LI><a href="#[39e]">&gt;&gt;</a>&nbsp;&nbsp;&nbsp;lpn_handle_cache_pkt
<LI><a href="#[39f]">&gt;&gt;</a>&nbsp;&nbsp;&nbsp;fn_cache
<LI><a href="#[39a]">&gt;&gt;</a>&nbsp;&nbsp;&nbsp;trans_receive
<LI><a href="#[398]">&gt;&gt;</a>&nbsp;&nbsp;&nbsp;trans_retransmit
<LI><a href="#[397]">&gt;&gt;</a>&nbsp;&nbsp;&nbsp;trans_send_seg
<LI><a href="#[394]">&gt;&gt;</a>&nbsp;&nbsp;&nbsp;trans_seg_ack
<LI><a href="#[392]">&gt;&gt;</a>&nbsp;&nbsp;&nbsp;trans_rx_incomplete_timer_start
<LI><a href="#[390]">&gt;&gt;</a>&nbsp;&nbsp;&nbsp;trans_rx_timer_start
<LI><a href="#[38e]">&gt;&gt;</a>&nbsp;&nbsp;&nbsp;trans_tx_timer_start
<LI><a href="#[38b]">&gt;&gt;</a>&nbsp;&nbsp;&nbsp;proxy_filter
<LI><a href="#[38c]">&gt;&gt;</a>&nbsp;&nbsp;&nbsp;proxy_cfg_receive
<LI><a href="#[38d]">&gt;&gt;</a>&nbsp;&nbsp;&nbsp;proxy_cfg_handle_msg
<LI><a href="#[5e]">&gt;&gt;</a>&nbsp;&nbsp;&nbsp;proxy_server_cccd_update_cb
<LI><a href="#[5d]">&gt;&gt;</a>&nbsp;&nbsp;&nbsp;proxy_server_write_cb
<LI><a href="#[421]">&gt;&gt;</a>&nbsp;&nbsp;&nbsp;cfg_server_receive
<LI><a href="#[3ee]">&gt;&gt;</a>&nbsp;&nbsp;&nbsp;hb_timer_stop
<LI><a href="#[3ed]">&gt;&gt;</a>&nbsp;&nbsp;&nbsp;hb_timer_start
<LI><a href="#[3ec]">&gt;&gt;</a>&nbsp;&nbsp;&nbsp;hb_timer_cb
</UL>

<P><STRONG><a name="[1d7]"></a>trace_bdaddr</STRONG> (Thumb, 0 bytes, Stack size 0 bytes, ROM.lib(ABSOLUTE))
<BR><BR>[Called By]<UL><LI><a href="#[1d5]">&gt;&gt;</a>&nbsp;&nbsp;&nbsp;app_handle_conn_state_evt
<LI><a href="#[26]">&gt;&gt;</a>&nbsp;&nbsp;&nbsp;app_gap_callback
</UL>

<P><STRONG><a name="[b0]"></a>trace_string</STRONG> (Thumb, 0 bytes, Stack size 0 bytes, ROM.lib(ABSOLUTE))
<BR><BR>[Called By]<UL><LI><a href="#[ac]">&gt;&gt;</a>&nbsp;&nbsp;&nbsp;pre_main
<LI><a href="#[b1]">&gt;&gt;</a>&nbsp;&nbsp;&nbsp;AppUpdateVectorTable
<LI><a href="#[25]">&gt;&gt;</a>&nbsp;&nbsp;&nbsp;prov_cb
</UL>

<P><STRONG><a name="[f6]"></a>trace_binary</STRONG> (Thumb, 0 bytes, Stack size 0 bytes, ROM.lib(ABSOLUTE))
<BR><BR>[Called By]<UL><LI><a href="#[11f]">&gt;&gt;</a>&nbsp;&nbsp;&nbsp;access_send
<LI><a href="#[117]">&gt;&gt;</a>&nbsp;&nbsp;&nbsp;ais_server_handle_msg
<LI><a href="#[114]">&gt;&gt;</a>&nbsp;&nbsp;&nbsp;ais_server_notify
<LI><a href="#[110]">&gt;&gt;</a>&nbsp;&nbsp;&nbsp;ais_server_indicate
<LI><a href="#[f5]">&gt;&gt;</a>&nbsp;&nbsp;&nbsp;dfu_client_cp_write
<LI><a href="#[144]">&gt;&gt;</a>&nbsp;&nbsp;&nbsp;obj_transfer_server_receive
<LI><a href="#[13e]">&gt;&gt;</a>&nbsp;&nbsp;&nbsp;obj_transfer_server_handle_obj_block_transfer_start
<LI><a href="#[213]">&gt;&gt;</a>&nbsp;&nbsp;&nbsp;fw_update_server_data_cb
<LI><a href="#[25]">&gt;&gt;</a>&nbsp;&nbsp;&nbsp;prov_cb
<LI><a href="#[1b1]">&gt;&gt;</a>&nbsp;&nbsp;&nbsp;compo_data_page0_gen
<LI><a href="#[2cc]">&gt;&gt;</a>&nbsp;&nbsp;&nbsp;beacon_handle_snb
<LI><a href="#[2c9]">&gt;&gt;</a>&nbsp;&nbsp;&nbsp;beacon_snb_send_via_proxy
<LI><a href="#[2c7]">&gt;&gt;</a>&nbsp;&nbsp;&nbsp;beacon_snb_send
<LI><a href="#[2c2]">&gt;&gt;</a>&nbsp;&nbsp;&nbsp;beacon_udb_send
<LI><a href="#[2aa]">&gt;&gt;</a>&nbsp;&nbsp;&nbsp;app_nonce_gen
<LI><a href="#[2ad]">&gt;&gt;</a>&nbsp;&nbsp;&nbsp;app_encrypt
<LI><a href="#[2b3]">&gt;&gt;</a>&nbsp;&nbsp;&nbsp;app_decrypt
<LI><a href="#[2af]">&gt;&gt;</a>&nbsp;&nbsp;&nbsp;access_dispatch
<LI><a href="#[382]">&gt;&gt;</a>&nbsp;&nbsp;&nbsp;proxy_receive
<LI><a href="#[34e]">&gt;&gt;</a>&nbsp;&nbsp;&nbsp;device_receive
<LI><a href="#[346]">&gt;&gt;</a>&nbsp;&nbsp;&nbsp;prov_send
<LI><a href="#[307]">&gt;&gt;</a>&nbsp;&nbsp;&nbsp;vir_addr_gen
<LI><a href="#[317]">&gt;&gt;</a>&nbsp;&nbsp;&nbsp;mesh_k4
<LI><a href="#[30e]">&gt;&gt;</a>&nbsp;&nbsp;&nbsp;mesh_k3
<LI><a href="#[30d]">&gt;&gt;</a>&nbsp;&nbsp;&nbsp;mesh_k2
<LI><a href="#[30f]">&gt;&gt;</a>&nbsp;&nbsp;&nbsp;identity_key_gen
<LI><a href="#[310]">&gt;&gt;</a>&nbsp;&nbsp;&nbsp;beacon_key_gen
<LI><a href="#[301]">&gt;&gt;</a>&nbsp;&nbsp;&nbsp;identity_hash_gen
<LI><a href="#[2f4]">&gt;&gt;</a>&nbsp;&nbsp;&nbsp;prov_data_crypto
<LI><a href="#[2f3]">&gt;&gt;</a>&nbsp;&nbsp;&nbsp;prov_data_keys_gen
<LI><a href="#[2f2]">&gt;&gt;</a>&nbsp;&nbsp;&nbsp;prov_confirmation_gen
<LI><a href="#[2ef]">&gt;&gt;</a>&nbsp;&nbsp;&nbsp;prov_conf_keys_gen
<LI><a href="#[2ed]">&gt;&gt;</a>&nbsp;&nbsp;&nbsp;prov_ecdh_secret_gen
<LI><a href="#[2e9]">&gt;&gt;</a>&nbsp;&nbsp;&nbsp;prov_ecc_key_gen
<LI><a href="#[3ad]">&gt;&gt;</a>&nbsp;&nbsp;&nbsp;proxy_nonce_gen
<LI><a href="#[3a9]">&gt;&gt;</a>&nbsp;&nbsp;&nbsp;privacy_counter_gen
<LI><a href="#[3aa]">&gt;&gt;</a>&nbsp;&nbsp;&nbsp;net_obfuscate
<LI><a href="#[3a7]">&gt;&gt;</a>&nbsp;&nbsp;&nbsp;net_nonce_gen
<LI><a href="#[3a8]">&gt;&gt;</a>&nbsp;&nbsp;&nbsp;net_encrypt
<LI><a href="#[3ab]">&gt;&gt;</a>&nbsp;&nbsp;&nbsp;net_decrypt
<LI><a href="#[396]">&gt;&gt;</a>&nbsp;&nbsp;&nbsp;net_send
<LI><a href="#[38d]">&gt;&gt;</a>&nbsp;&nbsp;&nbsp;proxy_cfg_handle_msg
</UL>

<P><STRONG><a name="[1a4]"></a>log_module_trace_set</STRONG> (Thumb, 0 bytes, Stack size 0 bytes, ROM.lib(ABSOLUTE))
<BR><BR>[Called By]<UL><LI><a href="#[1a2]">&gt;&gt;</a>&nbsp;&nbsp;&nbsp;mesh_stack_init
</UL>

<P><STRONG><a name="[1a3]"></a>log_module_bitmap_trace_set</STRONG> (Thumb, 0 bytes, Stack size 0 bytes, ROM.lib(ABSOLUTE))
<BR><BR>[Called By]<UL><LI><a href="#[1a2]">&gt;&gt;</a>&nbsp;&nbsp;&nbsp;mesh_stack_init
</UL>

<P><STRONG><a name="[100]"></a>aes256_ecb_encrypt_msb2lsb</STRONG> (Thumb, 0 bytes, Stack size 0 bytes, ROM.lib(ABSOLUTE))
<BR><BR>[Called By]<UL><LI><a href="#[ff]">&gt;&gt;</a>&nbsp;&nbsp;&nbsp;dfu_encrypt
</UL>

<P><STRONG><a name="[c3]"></a>aes256_ecb_decrypt_msb2lsb</STRONG> (Thumb, 0 bytes, Stack size 0 bytes, ROM.lib(ABSOLUTE))
<BR><BR>[Called By]<UL><LI><a href="#[c1]">&gt;&gt;</a>&nbsp;&nbsp;&nbsp;dfu_decrypt
</UL>

<P><STRONG><a name="[489]"></a>flash_cmd_rx</STRONG> (Thumb, 0 bytes, Stack size 0 bytes, ROM.lib(ABSOLUTE))
<BR><BR>[Called By]<UL><LI><a href="#[483]">&gt;&gt;</a>&nbsp;&nbsp;&nbsp;app_flash_wait_busy
</UL>

<P><STRONG><a name="[485]"></a>flash_write_enable</STRONG> (Thumb, 0 bytes, Stack size 0 bytes, ROM.lib(ABSOLUTE))
<BR><BR>[Called By]<UL><LI><a href="#[484]">&gt;&gt;</a>&nbsp;&nbsp;&nbsp;flash_erase_sector
</UL>

<P><STRONG><a name="[de]"></a>flash_lock</STRONG> (Thumb, 0 bytes, Stack size 0 bytes, ROM.lib(ABSOLUTE))
<BR><BR>[Called By]<UL><LI><a href="#[117]">&gt;&gt;</a>&nbsp;&nbsp;&nbsp;ais_server_handle_msg
<LI><a href="#[d9]">&gt;&gt;</a>&nbsp;&nbsp;&nbsp;dfu_server_handle_cp
<LI><a href="#[213]">&gt;&gt;</a>&nbsp;&nbsp;&nbsp;fw_update_server_data_cb
<LI><a href="#[484]">&gt;&gt;</a>&nbsp;&nbsp;&nbsp;flash_erase_sector
</UL>

<P><STRONG><a name="[e0]"></a>flash_unlock</STRONG> (Thumb, 0 bytes, Stack size 0 bytes, ROM.lib(ABSOLUTE))
<BR><BR>[Called By]<UL><LI><a href="#[117]">&gt;&gt;</a>&nbsp;&nbsp;&nbsp;ais_server_handle_msg
<LI><a href="#[d9]">&gt;&gt;</a>&nbsp;&nbsp;&nbsp;dfu_server_handle_cp
<LI><a href="#[213]">&gt;&gt;</a>&nbsp;&nbsp;&nbsp;fw_update_server_data_cb
<LI><a href="#[484]">&gt;&gt;</a>&nbsp;&nbsp;&nbsp;flash_erase_sector
</UL>

<P><STRONG><a name="[487]"></a>flash_auto_write</STRONG> (Thumb, 0 bytes, Stack size 0 bytes, ROM.lib(ABSOLUTE))
<BR><BR>[Called By]<UL><LI><a href="#[d2]">&gt;&gt;</a>&nbsp;&nbsp;&nbsp;sil_dfu_update
</UL>

<P><STRONG><a name="[44b]"></a>flash_set_block_protect</STRONG> (Thumb, 0 bytes, Stack size 0 bytes, ROM.lib(ABSOLUTE))
<BR><BR>[Called By]<UL><LI><a href="#[447]">&gt;&gt;</a>&nbsp;&nbsp;&nbsp;flash_set_block_protect_locked
</UL>

<P><STRONG><a name="[44d]"></a>flash_sw_protect_unlock_by_addr</STRONG> (Thumb, 0 bytes, Stack size 0 bytes, ROM.lib(ABSOLUTE))
<BR><BR>[Called By]<UL><LI><a href="#[446]">&gt;&gt;</a>&nbsp;&nbsp;&nbsp;flash_sw_protect_unlock_by_addr_locked
</UL>

<P><STRONG><a name="[210]"></a>ftl_load</STRONG> (Thumb, 0 bytes, Stack size 0 bytes, ROM.lib(ABSOLUTE))
<BR><BR>[Called By]<UL><LI><a href="#[226]">&gt;&gt;</a>&nbsp;&nbsp;&nbsp;light_flash_read
<LI><a href="#[217]">&gt;&gt;</a>&nbsp;&nbsp;&nbsp;mesh_node_state_restore
<LI><a href="#[211]">&gt;&gt;</a>&nbsp;&nbsp;&nbsp;dfu_updater_nvm_clear
<LI><a href="#[20f]">&gt;&gt;</a>&nbsp;&nbsp;&nbsp;dfu_updater_nvm_load
<LI><a href="#[2e0]">&gt;&gt;</a>&nbsp;&nbsp;&nbsp;mesh_flash_restore
<LI><a href="#[309]">&gt;&gt;</a>&nbsp;&nbsp;&nbsp;mesh_flash_store
<LI><a href="#[341]">&gt;&gt;</a>&nbsp;&nbsp;&nbsp;mesh_flash_clear
</UL>

<P><STRONG><a name="[212]"></a>ftl_save</STRONG> (Thumb, 0 bytes, Stack size 0 bytes, ROM.lib(ABSOLUTE))
<BR><BR>[Called By]<UL><LI><a href="#[225]">&gt;&gt;</a>&nbsp;&nbsp;&nbsp;light_flash_write
<LI><a href="#[215]">&gt;&gt;</a>&nbsp;&nbsp;&nbsp;obj_transfer_server_data_cb
<LI><a href="#[211]">&gt;&gt;</a>&nbsp;&nbsp;&nbsp;dfu_updater_nvm_clear
<LI><a href="#[309]">&gt;&gt;</a>&nbsp;&nbsp;&nbsp;mesh_flash_store
<LI><a href="#[341]">&gt;&gt;</a>&nbsp;&nbsp;&nbsp;mesh_flash_clear
</UL>

<P><STRONG><a name="[234]"></a>flash_get_bank_addr</STRONG> (Thumb, 0 bytes, Stack size 0 bytes, ROM.lib(ABSOLUTE))
<BR><BR>[Called By]<UL><LI><a href="#[231]">&gt;&gt;</a>&nbsp;&nbsp;&nbsp;get_temp_ota_bank_size_by_img_id
</UL>

<P><STRONG><a name="[233]"></a>flash_get_bank_size</STRONG> (Thumb, 0 bytes, Stack size 0 bytes, ROM.lib(ABSOLUTE))
<BR><BR>[Called By]<UL><LI><a href="#[231]">&gt;&gt;</a>&nbsp;&nbsp;&nbsp;get_temp_ota_bank_size_by_img_id
</UL>

<P><STRONG><a name="[22f]"></a>flash_erase_locked</STRONG> (Thumb, 0 bytes, Stack size 0 bytes, ROM.lib(ABSOLUTE))
<BR><BR>[Called By]<UL><LI><a href="#[22d]">&gt;&gt;</a>&nbsp;&nbsp;&nbsp;user_data_write_ali_data
<LI><a href="#[444]">&gt;&gt;</a>&nbsp;&nbsp;&nbsp;_cfg_write_to_flash
</UL>

<P><STRONG><a name="[ab]"></a>flash_ioctl</STRONG> (Thumb, 0 bytes, Stack size 0 bytes, ROM.lib(ABSOLUTE))
<BR><BR>[Called By]<UL><LI><a href="#[b9]">&gt;&gt;</a>&nbsp;&nbsp;&nbsp;flash_try_high_speed
<LI><a href="#[a9]">&gt;&gt;</a>&nbsp;&nbsp;&nbsp;print_reset_reason
</UL>

<P><STRONG><a name="[230]"></a>flash_write_locked</STRONG> (Thumb, 0 bytes, Stack size 0 bytes, ROM.lib(ABSOLUTE))
<BR><BR>[Called By]<UL><LI><a href="#[22d]">&gt;&gt;</a>&nbsp;&nbsp;&nbsp;user_data_write_ali_data
<LI><a href="#[444]">&gt;&gt;</a>&nbsp;&nbsp;&nbsp;_cfg_write_to_flash
</UL>

<P><STRONG><a name="[22e]"></a>flash_read_locked</STRONG> (Thumb, 0 bytes, Stack size 0 bytes, ROM.lib(ABSOLUTE))
<BR><BR>[Called By]<UL><LI><a href="#[1f3]">&gt;&gt;</a>&nbsp;&nbsp;&nbsp;user_data_read_ali_secret_key
<LI><a href="#[1a9]">&gt;&gt;</a>&nbsp;&nbsp;&nbsp;user_data_read_ali_product_id
<LI><a href="#[1a8]">&gt;&gt;</a>&nbsp;&nbsp;&nbsp;user_data_contains_ali_data
</UL>

<P><STRONG><a name="[b2]"></a>check_hci_mode_flag</STRONG> (Thumb, 0 bytes, Stack size 0 bytes, ROM.lib(ABSOLUTE))
<BR><BR>[Called By]<UL><LI><a href="#[1]">&gt;&gt;</a>&nbsp;&nbsp;&nbsp;SystemInit
</UL>

<P><STRONG><a name="[236]"></a>check_header_valid</STRONG> (Thumb, 0 bytes, Stack size 0 bytes, ROM.lib(ABSOLUTE))
<BR><BR>[Called By]<UL><LI><a href="#[231]">&gt;&gt;</a>&nbsp;&nbsp;&nbsp;get_temp_ota_bank_size_by_img_id
</UL>

<P><STRONG><a name="[c7]"></a>get_header_addr_by_img_id</STRONG> (Thumb, 0 bytes, Stack size 0 bytes, ROM.lib(ABSOLUTE))
<BR><BR>[Called By]<UL><LI><a href="#[116]">&gt;&gt;</a>&nbsp;&nbsp;&nbsp;ais_server_get_image_ver
<LI><a href="#[54]">&gt;&gt;</a>&nbsp;&nbsp;&nbsp;ota_attr_read_cb
<LI><a href="#[103]">&gt;&gt;</a>&nbsp;&nbsp;&nbsp;dfu_client_handle_cp_msg
<LI><a href="#[101]">&gt;&gt;</a>&nbsp;&nbsp;&nbsp;dfu_client_push_image
<LI><a href="#[fd]">&gt;&gt;</a>&nbsp;&nbsp;&nbsp;dfu_client_init
<LI><a href="#[d9]">&gt;&gt;</a>&nbsp;&nbsp;&nbsp;dfu_server_handle_cp
<LI><a href="#[c4]">&gt;&gt;</a>&nbsp;&nbsp;&nbsp;dfu_server_adv_send
</UL>

<P><STRONG><a name="[232]"></a>is_ota_support_bank_switch</STRONG> (Thumb, 0 bytes, Stack size 0 bytes, ROM.lib(ABSOLUTE))
<BR><BR>[Called By]<UL><LI><a href="#[231]">&gt;&gt;</a>&nbsp;&nbsp;&nbsp;get_temp_ota_bank_size_by_img_id
</UL>

<P><STRONG><a name="[486]"></a>get_temp_ota_bank_addr_by_img_id</STRONG> (Thumb, 0 bytes, Stack size 0 bytes, ROM.lib(ABSOLUTE))
<BR><BR>[Called By]<UL><LI><a href="#[d2]">&gt;&gt;</a>&nbsp;&nbsp;&nbsp;sil_dfu_update
<LI><a href="#[488]">&gt;&gt;</a>&nbsp;&nbsp;&nbsp;sil_dfu_flash_erase
</UL>

<P><STRONG><a name="[288]"></a>NVIC_Init</STRONG> (Thumb, 0 bytes, Stack size 0 bytes, ROM.lib(ABSOLUTE))
<BR><BR>[Called By]<UL><LI><a href="#[1cc]">&gt;&gt;</a>&nbsp;&nbsp;&nbsp;data_uart_init
</UL>

<P><STRONG><a name="[21c]"></a>Pinmux_Config</STRONG> (Thumb, 0 bytes, Stack size 0 bytes, ROM.lib(ABSOLUTE))
<BR><BR>[Called By]<UL><LI><a href="#[21a]">&gt;&gt;</a>&nbsp;&nbsp;&nbsp;light_pin_config
<LI><a href="#[1cc]">&gt;&gt;</a>&nbsp;&nbsp;&nbsp;data_uart_init
</UL>

<P><STRONG><a name="[21b]"></a>Pad_Config</STRONG> (Thumb, 0 bytes, Stack size 0 bytes, ROM.lib(ABSOLUTE))
<BR><BR>[Called By]<UL><LI><a href="#[220]">&gt;&gt;</a>&nbsp;&nbsp;&nbsp;light_pin_dlps_config
<LI><a href="#[21a]">&gt;&gt;</a>&nbsp;&nbsp;&nbsp;light_pin_config
<LI><a href="#[1cc]">&gt;&gt;</a>&nbsp;&nbsp;&nbsp;data_uart_init
</UL>

<P><STRONG><a name="[b5]"></a>WDG_Disable</STRONG> (Thumb, 0 bytes, Stack size 0 bytes, ROM.lib(ABSOLUTE))
<BR><BR>[Called By]<UL><LI><a href="#[2]">&gt;&gt;</a>&nbsp;&nbsp;&nbsp;common_main
</UL>

<P><STRONG><a name="[35d]"></a>btif_vendor_cmd_req</STRONG> (Thumb, 0 bytes, Stack size 0 bytes, ROM.lib(ABSOLUTE))
<BR><BR>[Called By]<UL><LI><a href="#[2a6]">&gt;&gt;</a>&nbsp;&nbsp;&nbsp;le_vendor_modify_bt_le_fw_policy
<LI><a href="#[35e]">&gt;&gt;</a>&nbsp;&nbsp;&nbsp;gap_vendor_cmd_req
<LI><a href="#[35c]">&gt;&gt;</a>&nbsp;&nbsp;&nbsp;gap_set_lps_bootup_active_time
</UL>

<P><STRONG><a name="[271]"></a>btif_just_work_req_cfm</STRONG> (Thumb, 0 bytes, Stack size 0 bytes, ROM.lib(ABSOLUTE))
<BR><BR>[Called By]<UL><LI><a href="#[1de]">&gt;&gt;</a>&nbsp;&nbsp;&nbsp;le_bond_just_work_confirm
</UL>

<P><STRONG><a name="[26d]"></a>btif_sw_reset_req</STRONG> (Thumb, 0 bytes, Stack size 0 bytes, ROM.lib(ABSOLUTE), UNUSED)
<BR><BR>[Called By]<UL><LI><a href="#[26b]">&gt;&gt;</a>&nbsp;&nbsp;&nbsp;gap_sw_reset_req
</UL>

<P><STRONG><a name="[e8]"></a>os_mem_alloc_intern</STRONG> (Thumb, 0 bytes, Stack size 0 bytes, ROM.lib(ABSOLUTE))
<BR><BR>[Called By]<UL><LI><a href="#[131]">&gt;&gt;</a>&nbsp;&nbsp;&nbsp;fw_update_server_handle_fw_update_prepare
<LI><a href="#[12d]">&gt;&gt;</a>&nbsp;&nbsp;&nbsp;fw_info_stat
<LI><a href="#[12c]">&gt;&gt;</a>&nbsp;&nbsp;&nbsp;mesh_model_reg
<LI><a href="#[12a]">&gt;&gt;</a>&nbsp;&nbsp;&nbsp;health_server_reg
<LI><a href="#[120]">&gt;&gt;</a>&nbsp;&nbsp;&nbsp;health_fault_stat
<LI><a href="#[11b]">&gt;&gt;</a>&nbsp;&nbsp;&nbsp;health_curt_stat
<LI><a href="#[101]">&gt;&gt;</a>&nbsp;&nbsp;&nbsp;dfu_client_push_image
<LI><a href="#[4e]">&gt;&gt;</a>&nbsp;&nbsp;&nbsp;dfu_cccd_update_cb
<LI><a href="#[199]">&gt;&gt;</a>&nbsp;&nbsp;&nbsp;scene_server_reg
<LI><a href="#[194]">&gt;&gt;</a>&nbsp;&nbsp;&nbsp;scene_register_status
<LI><a href="#[18e]">&gt;&gt;</a>&nbsp;&nbsp;&nbsp;light_hsl_saturation_server_reg
<LI><a href="#[18a]">&gt;&gt;</a>&nbsp;&nbsp;&nbsp;light_hsl_hue_server_reg
<LI><a href="#[186]">&gt;&gt;</a>&nbsp;&nbsp;&nbsp;light_hsl_server_reg
<LI><a href="#[17e]">&gt;&gt;</a>&nbsp;&nbsp;&nbsp;light_ctl_temperature_server_reg
<LI><a href="#[17a]">&gt;&gt;</a>&nbsp;&nbsp;&nbsp;light_ctl_server_reg
<LI><a href="#[168]">&gt;&gt;</a>&nbsp;&nbsp;&nbsp;light_lightness_server_reg
<LI><a href="#[152]">&gt;&gt;</a>&nbsp;&nbsp;&nbsp;trans_time_insert
<LI><a href="#[150]">&gt;&gt;</a>&nbsp;&nbsp;&nbsp;generic_on_off_server_reg
<LI><a href="#[148]">&gt;&gt;</a>&nbsp;&nbsp;&nbsp;obj_transfer_server_load
<LI><a href="#[144]">&gt;&gt;</a>&nbsp;&nbsp;&nbsp;obj_transfer_server_receive
<LI><a href="#[143]">&gt;&gt;</a>&nbsp;&nbsp;&nbsp;obj_transfer_server_handle_obj_block_get
<LI><a href="#[13c]">&gt;&gt;</a>&nbsp;&nbsp;&nbsp;obj_block_stat
<LI><a href="#[1cb]">&gt;&gt;</a>&nbsp;&nbsp;&nbsp;mp_cmd_init
<LI><a href="#[1ad]">&gt;&gt;</a>&nbsp;&nbsp;&nbsp;mesh_node_cfg
<LI><a href="#[1ae]">&gt;&gt;</a>&nbsp;&nbsp;&nbsp;mesh_element_create
<LI><a href="#[1b1]">&gt;&gt;</a>&nbsp;&nbsp;&nbsp;compo_data_page0_gen
<LI><a href="#[19b]">&gt;&gt;</a>&nbsp;&nbsp;&nbsp;scene_setup_server_reg
<LI><a href="#[2e0]">&gt;&gt;</a>&nbsp;&nbsp;&nbsp;mesh_flash_restore
<LI><a href="#[2be]">&gt;&gt;</a>&nbsp;&nbsp;&nbsp;pb_adv_receive
<LI><a href="#[2b7]">&gt;&gt;</a>&nbsp;&nbsp;&nbsp;bearer_send_mesh_msg
<LI><a href="#[2ae]">&gt;&gt;</a>&nbsp;&nbsp;&nbsp;trans_send
<LI><a href="#[2b2]">&gt;&gt;</a>&nbsp;&nbsp;&nbsp;access_receive
<LI><a href="#[2a8]">&gt;&gt;</a>&nbsp;&nbsp;&nbsp;gap_sched_init
<LI><a href="#[2a0]">&gt;&gt;</a>&nbsp;&nbsp;&nbsp;gap_sched_disc_cb_reg
<LI><a href="#[387]">&gt;&gt;</a>&nbsp;&nbsp;&nbsp;proxy_send
<LI><a href="#[386]">&gt;&gt;</a>&nbsp;&nbsp;&nbsp;proxy_ctx_allocate
<LI><a href="#[348]">&gt;&gt;</a>&nbsp;&nbsp;&nbsp;pb_adv_send
<LI><a href="#[33f]">&gt;&gt;</a>&nbsp;&nbsp;&nbsp;rpl_init
<LI><a href="#[33e]">&gt;&gt;</a>&nbsp;&nbsp;&nbsp;proxy_ctx_init
<LI><a href="#[309]">&gt;&gt;</a>&nbsp;&nbsp;&nbsp;mesh_flash_store
<LI><a href="#[341]">&gt;&gt;</a>&nbsp;&nbsp;&nbsp;mesh_flash_clear
<LI><a href="#[326]">&gt;&gt;</a>&nbsp;&nbsp;&nbsp;mesh_model_sub
<LI><a href="#[316]">&gt;&gt;</a>&nbsp;&nbsp;&nbsp;app_key_update
<LI><a href="#[314]">&gt;&gt;</a>&nbsp;&nbsp;&nbsp;frnd_key_update
<LI><a href="#[30c]">&gt;&gt;</a>&nbsp;&nbsp;&nbsp;net_key_update
<LI><a href="#[2fe]">&gt;&gt;</a>&nbsp;&nbsp;&nbsp;prov_allocate
<LI><a href="#[3e9]">&gt;&gt;</a>&nbsp;&nbsp;&nbsp;lpn_init
<LI><a href="#[3da]">&gt;&gt;</a>&nbsp;&nbsp;&nbsp;fn_init
<LI><a href="#[3cb]">&gt;&gt;</a>&nbsp;&nbsp;&nbsp;fn_lpn_sub_add
<LI><a href="#[3bd]">&gt;&gt;</a>&nbsp;&nbsp;&nbsp;proxy_cfg_add_remove_addr
<LI><a href="#[3b9]">&gt;&gt;</a>&nbsp;&nbsp;&nbsp;proxy_filter_add_addr
<LI><a href="#[39a]">&gt;&gt;</a>&nbsp;&nbsp;&nbsp;trans_receive
<LI><a href="#[41e]">&gt;&gt;</a>&nbsp;&nbsp;&nbsp;cfg_server_handle_model_app_get
<LI><a href="#[41a]">&gt;&gt;</a>&nbsp;&nbsp;&nbsp;cfg_server_handle_app_key_get
<LI><a href="#[414]">&gt;&gt;</a>&nbsp;&nbsp;&nbsp;cfg_server_handle_net_key_get
<LI><a href="#[40f]">&gt;&gt;</a>&nbsp;&nbsp;&nbsp;cfg_server_handle_model_sub_get
<LI><a href="#[400]">&gt;&gt;</a>&nbsp;&nbsp;&nbsp;cfg_model_app_list
<LI><a href="#[3fd]">&gt;&gt;</a>&nbsp;&nbsp;&nbsp;cfg_app_key_list
<LI><a href="#[3fb]">&gt;&gt;</a>&nbsp;&nbsp;&nbsp;cfg_net_key_list
<LI><a href="#[3f9]">&gt;&gt;</a>&nbsp;&nbsp;&nbsp;cfg_model_sub_list
<LI><a href="#[3f1]">&gt;&gt;</a>&nbsp;&nbsp;&nbsp;cfg_compo_data_stat
</UL>

<P><STRONG><a name="[445]"></a>os_mem_zalloc_intern</STRONG> (Thumb, 0 bytes, Stack size 0 bytes, ROM.lib(ABSOLUTE))
<BR><BR>[Called By]<UL><LI><a href="#[43f]">&gt;&gt;</a>&nbsp;&nbsp;&nbsp;cfg_add_item
<LI><a href="#[444]">&gt;&gt;</a>&nbsp;&nbsp;&nbsp;_cfg_write_to_flash
</UL>

<P><STRONG><a name="[ea]"></a>os_mem_free</STRONG> (Thumb, 0 bytes, Stack size 0 bytes, ROM.lib(ABSOLUTE))
<BR><BR>[Called By]<UL><LI><a href="#[133]">&gt;&gt;</a>&nbsp;&nbsp;&nbsp;fw_update_server_handle_fw_update_abort
<LI><a href="#[131]">&gt;&gt;</a>&nbsp;&nbsp;&nbsp;fw_update_server_handle_fw_update_prepare
<LI><a href="#[12d]">&gt;&gt;</a>&nbsp;&nbsp;&nbsp;fw_info_stat
<LI><a href="#[130]">&gt;&gt;</a>&nbsp;&nbsp;&nbsp;fw_update_server_apply
<LI><a href="#[12c]">&gt;&gt;</a>&nbsp;&nbsp;&nbsp;mesh_model_reg
<LI><a href="#[120]">&gt;&gt;</a>&nbsp;&nbsp;&nbsp;health_fault_stat
<LI><a href="#[11b]">&gt;&gt;</a>&nbsp;&nbsp;&nbsp;health_curt_stat
<LI><a href="#[101]">&gt;&gt;</a>&nbsp;&nbsp;&nbsp;dfu_client_push_image
<LI><a href="#[e9]">&gt;&gt;</a>&nbsp;&nbsp;&nbsp;dfu_server_disconnect_cb
<LI><a href="#[194]">&gt;&gt;</a>&nbsp;&nbsp;&nbsp;scene_register_status
<LI><a href="#[b]">&gt;&gt;</a>&nbsp;&nbsp;&nbsp;trans_time_timeout_handle
<LI><a href="#[149]">&gt;&gt;</a>&nbsp;&nbsp;&nbsp;obj_transfer_server_clear
<LI><a href="#[144]">&gt;&gt;</a>&nbsp;&nbsp;&nbsp;obj_transfer_server_receive
<LI><a href="#[143]">&gt;&gt;</a>&nbsp;&nbsp;&nbsp;obj_transfer_server_handle_obj_block_get
<LI><a href="#[13f]">&gt;&gt;</a>&nbsp;&nbsp;&nbsp;obj_transfer_server_handle_obj_chunk_transfer
<LI><a href="#[13c]">&gt;&gt;</a>&nbsp;&nbsp;&nbsp;obj_block_stat
<LI><a href="#[43f]">&gt;&gt;</a>&nbsp;&nbsp;&nbsp;cfg_add_item
<LI><a href="#[2d9]">&gt;&gt;</a>&nbsp;&nbsp;&nbsp;trans_handle_timeout
<LI><a href="#[2e0]">&gt;&gt;</a>&nbsp;&nbsp;&nbsp;mesh_flash_restore
<LI><a href="#[2be]">&gt;&gt;</a>&nbsp;&nbsp;&nbsp;pb_adv_receive
<LI><a href="#[2ba]">&gt;&gt;</a>&nbsp;&nbsp;&nbsp;bearer_loopback_receive
<LI><a href="#[2b7]">&gt;&gt;</a>&nbsp;&nbsp;&nbsp;bearer_send_mesh_msg
<LI><a href="#[2b2]">&gt;&gt;</a>&nbsp;&nbsp;&nbsp;access_receive
<LI><a href="#[387]">&gt;&gt;</a>&nbsp;&nbsp;&nbsp;proxy_send
<LI><a href="#[444]">&gt;&gt;</a>&nbsp;&nbsp;&nbsp;_cfg_write_to_flash
<LI><a href="#[309]">&gt;&gt;</a>&nbsp;&nbsp;&nbsp;mesh_flash_store
<LI><a href="#[341]">&gt;&gt;</a>&nbsp;&nbsp;&nbsp;mesh_flash_clear
<LI><a href="#[32b]">&gt;&gt;</a>&nbsp;&nbsp;&nbsp;mesh_model_sub_clear
<LI><a href="#[328]">&gt;&gt;</a>&nbsp;&nbsp;&nbsp;mesh_model_unsub
<LI><a href="#[31a]">&gt;&gt;</a>&nbsp;&nbsp;&nbsp;app_key_delete
<LI><a href="#[318]">&gt;&gt;</a>&nbsp;&nbsp;&nbsp;app_key_refresh
<LI><a href="#[313]">&gt;&gt;</a>&nbsp;&nbsp;&nbsp;net_key_delete
<LI><a href="#[311]">&gt;&gt;</a>&nbsp;&nbsp;&nbsp;net_key_refresh
<LI><a href="#[2ff]">&gt;&gt;</a>&nbsp;&nbsp;&nbsp;prov_free
<LI><a href="#[3cd]">&gt;&gt;</a>&nbsp;&nbsp;&nbsp;fn_lpn_sub_clear
<LI><a href="#[3cc]">&gt;&gt;</a>&nbsp;&nbsp;&nbsp;fn_lpn_sub_remove
<LI><a href="#[3c0]">&gt;&gt;</a>&nbsp;&nbsp;&nbsp;proxy_ctx_deinit
<LI><a href="#[3bf]">&gt;&gt;</a>&nbsp;&nbsp;&nbsp;proxy_ctx_free
<LI><a href="#[3bd]">&gt;&gt;</a>&nbsp;&nbsp;&nbsp;proxy_cfg_add_remove_addr
<LI><a href="#[3ba]">&gt;&gt;</a>&nbsp;&nbsp;&nbsp;proxy_filter_remove_addr
<LI><a href="#[3b5]">&gt;&gt;</a>&nbsp;&nbsp;&nbsp;pb_adv_receive_sar
<LI><a href="#[3b4]">&gt;&gt;</a>&nbsp;&nbsp;&nbsp;pb_adv_clear
<LI><a href="#[39a]">&gt;&gt;</a>&nbsp;&nbsp;&nbsp;trans_receive
<LI><a href="#[398]">&gt;&gt;</a>&nbsp;&nbsp;&nbsp;trans_retransmit
<LI><a href="#[388]">&gt;&gt;</a>&nbsp;&nbsp;&nbsp;proxy_filter_free
<LI><a href="#[41e]">&gt;&gt;</a>&nbsp;&nbsp;&nbsp;cfg_server_handle_model_app_get
<LI><a href="#[41a]">&gt;&gt;</a>&nbsp;&nbsp;&nbsp;cfg_server_handle_app_key_get
<LI><a href="#[414]">&gt;&gt;</a>&nbsp;&nbsp;&nbsp;cfg_server_handle_net_key_get
<LI><a href="#[40f]">&gt;&gt;</a>&nbsp;&nbsp;&nbsp;cfg_server_handle_model_sub_get
<LI><a href="#[400]">&gt;&gt;</a>&nbsp;&nbsp;&nbsp;cfg_model_app_list
<LI><a href="#[3fd]">&gt;&gt;</a>&nbsp;&nbsp;&nbsp;cfg_app_key_list
<LI><a href="#[3fb]">&gt;&gt;</a>&nbsp;&nbsp;&nbsp;cfg_net_key_list
<LI><a href="#[3f9]">&gt;&gt;</a>&nbsp;&nbsp;&nbsp;cfg_model_sub_list
<LI><a href="#[3f1]">&gt;&gt;</a>&nbsp;&nbsp;&nbsp;cfg_compo_data_stat
</UL>

<P><STRONG><a name="[1c7]"></a>os_msg_queue_create_intern</STRONG> (Thumb, 0 bytes, Stack size 0 bytes, ROM.lib(ABSOLUTE))
<BR><BR>[Called By]<UL><LI><a href="#[1c6]">&gt;&gt;</a>&nbsp;&nbsp;&nbsp;app_main_task
<LI><a href="#[274]">&gt;&gt;</a>&nbsp;&nbsp;&nbsp;plt_os_queue_create
</UL>

<P><STRONG><a name="[c9]"></a>os_msg_send_intern</STRONG> (Thumb, 0 bytes, Stack size 0 bytes, ROM.lib(ABSOLUTE))
<BR><BR>[Called By]<UL><LI><a href="#[5]">&gt;&gt;</a>&nbsp;&nbsp;&nbsp;ais_server_timeout_cb
<LI><a href="#[4]">&gt;&gt;</a>&nbsp;&nbsp;&nbsp;dfu_server_timeout_cb
<LI><a href="#[1c5]">&gt;&gt;</a>&nbsp;&nbsp;&nbsp;app_send_uart_msg
<LI><a href="#[1c4]">&gt;&gt;</a>&nbsp;&nbsp;&nbsp;app_send_msg_to_apptask
<LI><a href="#[28d]">&gt;&gt;</a>&nbsp;&nbsp;&nbsp;mesh_inner_msg_send
</UL>

<P><STRONG><a name="[1cd]"></a>os_msg_recv_intern</STRONG> (Thumb, 0 bytes, Stack size 0 bytes, ROM.lib(ABSOLUTE))
<BR><BR>[Called By]<UL><LI><a href="#[1d0]">&gt;&gt;</a>&nbsp;&nbsp;&nbsp;mesh_inner_msg_handle
<LI><a href="#[1c6]">&gt;&gt;</a>&nbsp;&nbsp;&nbsp;app_main_task
</UL>

<P><STRONG><a name="[e1]"></a>os_delay</STRONG> (Thumb, 0 bytes, Stack size 0 bytes, ROM.lib(ABSOLUTE))
<BR><BR>[Called By]<UL><LI><a href="#[d2]">&gt;&gt;</a>&nbsp;&nbsp;&nbsp;sil_dfu_update
<LI><a href="#[d9]">&gt;&gt;</a>&nbsp;&nbsp;&nbsp;dfu_server_handle_cp
<LI><a href="#[483]">&gt;&gt;</a>&nbsp;&nbsp;&nbsp;app_flash_wait_busy
</UL>

<P><STRONG><a name="[27d]"></a>os_sys_time_get</STRONG> (Thumb, 0 bytes, Stack size 0 bytes, ROM.lib(ABSOLUTE))
<BR><BR>[Called By]<UL><LI><a href="#[27c]">&gt;&gt;</a>&nbsp;&nbsp;&nbsp;plt_rand
</UL>

<P><STRONG><a name="[b6]"></a>os_sched_start</STRONG> (Thumb, 0 bytes, Stack size 0 bytes, ROM.lib(ABSOLUTE))
<BR><BR>[Called By]<UL><LI><a href="#[a4]">&gt;&gt;</a>&nbsp;&nbsp;&nbsp;main
<LI><a href="#[2]">&gt;&gt;</a>&nbsp;&nbsp;&nbsp;common_main
</UL>

<P><STRONG><a name="[d4]"></a>os_lock</STRONG> (Thumb, 0 bytes, Stack size 0 bytes, ROM.lib(ABSOLUTE))
<BR><BR>[Called By]<UL><LI><a href="#[cf]">&gt;&gt;</a>&nbsp;&nbsp;&nbsp;dfu_server_buffer_check
<LI><a href="#[292]">&gt;&gt;</a>&nbsp;&nbsp;&nbsp;gap_sched_timer_stop
</UL>

<P><STRONG><a name="[d6]"></a>os_unlock</STRONG> (Thumb, 0 bytes, Stack size 0 bytes, ROM.lib(ABSOLUTE))
<BR><BR>[Called By]<UL><LI><a href="#[cf]">&gt;&gt;</a>&nbsp;&nbsp;&nbsp;dfu_server_buffer_check
<LI><a href="#[292]">&gt;&gt;</a>&nbsp;&nbsp;&nbsp;gap_sched_timer_stop
</UL>

<P><STRONG><a name="[44a]"></a>os_sem_take</STRONG> (Thumb, 0 bytes, Stack size 0 bytes, ROM.lib(ABSOLUTE))
<BR><BR>[Called By]<UL><LI><a href="#[449]">&gt;&gt;</a>&nbsp;&nbsp;&nbsp;flash_lock_new
</UL>

<P><STRONG><a name="[44e]"></a>os_sem_give</STRONG> (Thumb, 0 bytes, Stack size 0 bytes, ROM.lib(ABSOLUTE))
<BR><BR>[Called By]<UL><LI><a href="#[44c]">&gt;&gt;</a>&nbsp;&nbsp;&nbsp;flash_unlock_new
</UL>

<P><STRONG><a name="[276]"></a>os_mutex_create</STRONG> (Thumb, 0 bytes, Stack size 0 bytes, ROM.lib(ABSOLUTE), UNUSED)
<BR><BR>[Called By]<UL><LI><a href="#[275]">&gt;&gt;</a>&nbsp;&nbsp;&nbsp;plt_mutex_create
</UL>

<P><STRONG><a name="[1d1]"></a>os_task_create</STRONG> (Thumb, 0 bytes, Stack size 0 bytes, ROM.lib(ABSOLUTE))
<BR><BR>[Called By]<UL><LI><a href="#[1c1]">&gt;&gt;</a>&nbsp;&nbsp;&nbsp;app_task_init
</UL>

<P><STRONG><a name="[279]"></a>os_timer_id_get</STRONG> (Thumb, 0 bytes, Stack size 0 bytes, ROM.lib(ABSOLUTE))
<BR><BR>[Called By]<UL><LI><a href="#[278]">&gt;&gt;</a>&nbsp;&nbsp;&nbsp;plt_timer_get_id
</UL>

<P><STRONG><a name="[277]"></a>os_timer_create</STRONG> (Thumb, 0 bytes, Stack size 0 bytes, ROM.lib(ABSOLUTE))
<BR><BR>[Called By]<UL><LI><a href="#[cb]">&gt;&gt;</a>&nbsp;&nbsp;&nbsp;plt_timer_create
</UL>

<P><STRONG><a name="[cc]"></a>os_timer_start</STRONG> (Thumb, 0 bytes, Stack size 0 bytes, ROM.lib(ABSOLUTE))
<BR><BR>[Called By]<UL><LI><a href="#[126]">&gt;&gt;</a>&nbsp;&nbsp;&nbsp;attn_timer_start
<LI><a href="#[10d]">&gt;&gt;</a>&nbsp;&nbsp;&nbsp;ais_server_timer_start
<LI><a href="#[e3]">&gt;&gt;</a>&nbsp;&nbsp;&nbsp;mesh_reboot
<LI><a href="#[ca]">&gt;&gt;</a>&nbsp;&nbsp;&nbsp;dfu_server_timer_start
<LI><a href="#[155]">&gt;&gt;</a>&nbsp;&nbsp;&nbsp;mesh_tick_timer_start
<LI><a href="#[227]">&gt;&gt;</a>&nbsp;&nbsp;&nbsp;light_power_on_count_check
<LI><a href="#[262]">&gt;&gt;</a>&nbsp;&nbsp;&nbsp;change_scan_param_timer_start
<LI><a href="#[25e]">&gt;&gt;</a>&nbsp;&nbsp;&nbsp;unprov_timer_start
<LI><a href="#[23f]">&gt;&gt;</a>&nbsp;&nbsp;&nbsp;light_controller_init
<LI><a href="#[23c]">&gt;&gt;</a>&nbsp;&nbsp;&nbsp;light_controller_timer_start
<LI><a href="#[2d8]">&gt;&gt;</a>&nbsp;&nbsp;&nbsp;pb_adv_handle_timeout
<LI><a href="#[2e6]">&gt;&gt;</a>&nbsp;&nbsp;&nbsp;mesh_service_identity_adv_start
<LI><a href="#[2e5]">&gt;&gt;</a>&nbsp;&nbsp;&nbsp;mesh_service_adv_start
<LI><a href="#[2e7]">&gt;&gt;</a>&nbsp;&nbsp;&nbsp;mesh_model_pub_start
<LI><a href="#[2cb]">&gt;&gt;</a>&nbsp;&nbsp;&nbsp;beacon_start
<LI><a href="#[2be]">&gt;&gt;</a>&nbsp;&nbsp;&nbsp;pb_adv_receive
<LI><a href="#[382]">&gt;&gt;</a>&nbsp;&nbsp;&nbsp;proxy_receive
<LI><a href="#[339]">&gt;&gt;</a>&nbsp;&nbsp;&nbsp;iv_index_timer_start
<LI><a href="#[2fc]">&gt;&gt;</a>&nbsp;&nbsp;&nbsp;prov_timer_restart
<LI><a href="#[3e7]">&gt;&gt;</a>&nbsp;&nbsp;&nbsp;lpn_req
<LI><a href="#[3e3]">&gt;&gt;</a>&nbsp;&nbsp;&nbsp;lpn_handle_frnd_upd
<LI><a href="#[3d0]">&gt;&gt;</a>&nbsp;&nbsp;&nbsp;fn_handle_frnd_req
<LI><a href="#[3d6]">&gt;&gt;</a>&nbsp;&nbsp;&nbsp;fn_handle_frnd_poll
<LI><a href="#[3b8]">&gt;&gt;</a>&nbsp;&nbsp;&nbsp;pb_adv_link_open
<LI><a href="#[3b5]">&gt;&gt;</a>&nbsp;&nbsp;&nbsp;pb_adv_receive_sar
<LI><a href="#[39e]">&gt;&gt;</a>&nbsp;&nbsp;&nbsp;lpn_handle_cache_pkt
<LI><a href="#[3a2]">&gt;&gt;</a>&nbsp;&nbsp;&nbsp;fn_handle_msg
<LI><a href="#[392]">&gt;&gt;</a>&nbsp;&nbsp;&nbsp;trans_rx_incomplete_timer_start
<LI><a href="#[390]">&gt;&gt;</a>&nbsp;&nbsp;&nbsp;trans_rx_timer_start
<LI><a href="#[38e]">&gt;&gt;</a>&nbsp;&nbsp;&nbsp;trans_tx_timer_start
<LI><a href="#[3ed]">&gt;&gt;</a>&nbsp;&nbsp;&nbsp;hb_timer_start
</UL>

<P><STRONG><a name="[125]"></a>os_timer_restart</STRONG> (Thumb, 0 bytes, Stack size 0 bytes, ROM.lib(ABSOLUTE))
<BR><BR>[Called By]<UL><LI><a href="#[124]">&gt;&gt;</a>&nbsp;&nbsp;&nbsp;health_server_fault_register
<LI><a href="#[2e5]">&gt;&gt;</a>&nbsp;&nbsp;&nbsp;mesh_service_adv_start
<LI><a href="#[2e7]">&gt;&gt;</a>&nbsp;&nbsp;&nbsp;mesh_model_pub_start
<LI><a href="#[2df]">&gt;&gt;</a>&nbsp;&nbsp;&nbsp;mesh_model_handle_pub_timeout
<LI><a href="#[2db]">&gt;&gt;</a>&nbsp;&nbsp;&nbsp;lpn_handle_timeout
<LI><a href="#[2da]">&gt;&gt;</a>&nbsp;&nbsp;&nbsp;fn_handle_timeout
<LI><a href="#[2cb]">&gt;&gt;</a>&nbsp;&nbsp;&nbsp;beacon_start
<LI><a href="#[3c]">&gt;&gt;</a>&nbsp;&nbsp;&nbsp;beacon_timeout_cb
<LI><a href="#[2be]">&gt;&gt;</a>&nbsp;&nbsp;&nbsp;pb_adv_receive
<LI><a href="#[291]">&gt;&gt;</a>&nbsp;&nbsp;&nbsp;gap_sched_timer_start
<LI><a href="#[348]">&gt;&gt;</a>&nbsp;&nbsp;&nbsp;pb_adv_send
<LI><a href="#[3e7]">&gt;&gt;</a>&nbsp;&nbsp;&nbsp;lpn_req
<LI><a href="#[3e3]">&gt;&gt;</a>&nbsp;&nbsp;&nbsp;lpn_handle_frnd_upd
<LI><a href="#[3e2]">&gt;&gt;</a>&nbsp;&nbsp;&nbsp;lpn_handle_frnd_offer
<LI><a href="#[3d0]">&gt;&gt;</a>&nbsp;&nbsp;&nbsp;fn_handle_frnd_req
<LI><a href="#[3d6]">&gt;&gt;</a>&nbsp;&nbsp;&nbsp;fn_handle_frnd_poll
<LI><a href="#[3ed]">&gt;&gt;</a>&nbsp;&nbsp;&nbsp;hb_timer_start
</UL>

<P><STRONG><a name="[23a]"></a>os_timer_stop</STRONG> (Thumb, 0 bytes, Stack size 0 bytes, ROM.lib(ABSOLUTE))
<BR><BR>[Called By]<UL><LI><a href="#[261]">&gt;&gt;</a>&nbsp;&nbsp;&nbsp;unprov_timer_stop
<LI><a href="#[35]">&gt;&gt;</a>&nbsp;&nbsp;&nbsp;light_ctl_timeout_handle
<LI><a href="#[292]">&gt;&gt;</a>&nbsp;&nbsp;&nbsp;gap_sched_timer_stop
<LI><a href="#[382]">&gt;&gt;</a>&nbsp;&nbsp;&nbsp;proxy_receive
<LI><a href="#[2f9]">&gt;&gt;</a>&nbsp;&nbsp;&nbsp;prov_timer_stop
</UL>

<P><STRONG><a name="[ce]"></a>os_timer_delete</STRONG> (Thumb, 0 bytes, Stack size 0 bytes, ROM.lib(ABSOLUTE))
<BR><BR>[Called By]<UL><LI><a href="#[10e]">&gt;&gt;</a>&nbsp;&nbsp;&nbsp;ais_server_timer_stop
<LI><a href="#[cd]">&gt;&gt;</a>&nbsp;&nbsp;&nbsp;dfu_server_timer_stop
<LI><a href="#[153]">&gt;&gt;</a>&nbsp;&nbsp;&nbsp;mesh_tick_timer_stop
<LI><a href="#[34]">&gt;&gt;</a>&nbsp;&nbsp;&nbsp;light_power_on_timeout_cb
<LI><a href="#[265]">&gt;&gt;</a>&nbsp;&nbsp;&nbsp;mesh_service_adv_stop
<LI><a href="#[264]">&gt;&gt;</a>&nbsp;&nbsp;&nbsp;beacon_stop
<LI><a href="#[240]">&gt;&gt;</a>&nbsp;&nbsp;&nbsp;light_controller_deinit
<LI><a href="#[2d5]">&gt;&gt;</a>&nbsp;&nbsp;&nbsp;mesh_service_identity_adv_rr
<LI><a href="#[2e7]">&gt;&gt;</a>&nbsp;&nbsp;&nbsp;mesh_model_pub_start
<LI><a href="#[2df]">&gt;&gt;</a>&nbsp;&nbsp;&nbsp;mesh_model_handle_pub_timeout
<LI><a href="#[2db]">&gt;&gt;</a>&nbsp;&nbsp;&nbsp;lpn_handle_timeout
<LI><a href="#[2da]">&gt;&gt;</a>&nbsp;&nbsp;&nbsp;fn_handle_timeout
<LI><a href="#[33c]">&gt;&gt;</a>&nbsp;&nbsp;&nbsp;attn_timer_stop
<LI><a href="#[33a]">&gt;&gt;</a>&nbsp;&nbsp;&nbsp;iv_index_timer_stop
<LI><a href="#[2ff]">&gt;&gt;</a>&nbsp;&nbsp;&nbsp;prov_free
<LI><a href="#[3e6]">&gt;&gt;</a>&nbsp;&nbsp;&nbsp;lpn_ctx_clear
<LI><a href="#[3d5]">&gt;&gt;</a>&nbsp;&nbsp;&nbsp;fn_handle_frnd_clear_conf
<LI><a href="#[3d3]">&gt;&gt;</a>&nbsp;&nbsp;&nbsp;fn_ctx_clear
<LI><a href="#[3bf]">&gt;&gt;</a>&nbsp;&nbsp;&nbsp;proxy_ctx_free
<LI><a href="#[3b4]">&gt;&gt;</a>&nbsp;&nbsp;&nbsp;pb_adv_clear
<LI><a href="#[393]">&gt;&gt;</a>&nbsp;&nbsp;&nbsp;trans_rx_incomplete_timer_stop
<LI><a href="#[391]">&gt;&gt;</a>&nbsp;&nbsp;&nbsp;trans_rx_timer_stop
<LI><a href="#[38f]">&gt;&gt;</a>&nbsp;&nbsp;&nbsp;trans_tx_timer_stop
<LI><a href="#[3ee]">&gt;&gt;</a>&nbsp;&nbsp;&nbsp;hb_timer_stop
</UL>

<P><STRONG><a name="[260]"></a>os_timer_state_get</STRONG> (Thumb, 0 bytes, Stack size 0 bytes, ROM.lib(ABSOLUTE))
<BR><BR>[Called By]<UL><LI><a href="#[25f]">&gt;&gt;</a>&nbsp;&nbsp;&nbsp;unprov_timer_get_status
<LI><a href="#[241]">&gt;&gt;</a>&nbsp;&nbsp;&nbsp;plt_timer_is_active
</UL>

<P><STRONG><a name="[e6]"></a>dfu_report_target_ic_type</STRONG> (Thumb, 0 bytes, Stack size 0 bytes, ROM.lib(ABSOLUTE))
<BR><BR>[Called By]<UL><LI><a href="#[d9]">&gt;&gt;</a>&nbsp;&nbsp;&nbsp;dfu_server_handle_cp
</UL>

<P><STRONG><a name="[d3]"></a>dfu_flash_erase</STRONG> (Thumb, 0 bytes, Stack size 0 bytes, ROM.lib(ABSOLUTE))
<BR><BR>[Called By]<UL><LI><a href="#[cf]">&gt;&gt;</a>&nbsp;&nbsp;&nbsp;dfu_server_buffer_check
</UL>

<P><STRONG><a name="[dc]"></a>dfu_reset</STRONG> (Thumb, 0 bytes, Stack size 0 bytes, ROM.lib(ABSOLUTE))
<BR><BR>[Called By]<UL><LI><a href="#[e7]">&gt;&gt;</a>&nbsp;&nbsp;&nbsp;dfu_server_handle_data
<LI><a href="#[d9]">&gt;&gt;</a>&nbsp;&nbsp;&nbsp;dfu_server_handle_cp
</UL>

<P><STRONG><a name="[dd]"></a>dfu_fw_active_reset</STRONG> (Thumb, 0 bytes, Stack size 0 bytes, ROM.lib(ABSOLUTE))
<BR><BR>[Called By]<UL><LI><a href="#[e7]">&gt;&gt;</a>&nbsp;&nbsp;&nbsp;dfu_server_handle_data
<LI><a href="#[d9]">&gt;&gt;</a>&nbsp;&nbsp;&nbsp;dfu_server_handle_cp
</UL>

<P><STRONG><a name="[d0]"></a>dfu_checkbufcrc</STRONG> (Thumb, 0 bytes, Stack size 0 bytes, ROM.lib(ABSOLUTE))
<BR><BR>[Called By]<UL><LI><a href="#[cf]">&gt;&gt;</a>&nbsp;&nbsp;&nbsp;dfu_server_buffer_check
</UL>

<P><STRONG><a name="[d5]"></a>dfu_flash_check_blank</STRONG> (Thumb, 0 bytes, Stack size 0 bytes, ROM.lib(ABSOLUTE))
<BR><BR>[Called By]<UL><LI><a href="#[cf]">&gt;&gt;</a>&nbsp;&nbsp;&nbsp;dfu_server_buffer_check
</UL>

<P><STRONG><a name="[df]"></a>dfu_check_checksum</STRONG> (Thumb, 0 bytes, Stack size 0 bytes, ROM.lib(ABSOLUTE))
<BR><BR>[Called By]<UL><LI><a href="#[117]">&gt;&gt;</a>&nbsp;&nbsp;&nbsp;ais_server_handle_msg
<LI><a href="#[d9]">&gt;&gt;</a>&nbsp;&nbsp;&nbsp;dfu_server_handle_cp
<LI><a href="#[213]">&gt;&gt;</a>&nbsp;&nbsp;&nbsp;fw_update_server_data_cb
</UL>

<P><STRONG><a name="[2ea]"></a>ecc_make_key</STRONG> (Thumb, 0 bytes, Stack size 0 bytes, ROM.lib(ABSOLUTE))
<BR><BR>[Called By]<UL><LI><a href="#[2e9]">&gt;&gt;</a>&nbsp;&nbsp;&nbsp;prov_ecc_key_gen
</UL>

<P><STRONG><a name="[26a]"></a>gap_register_extend_cb</STRONG> (Thumb, 0 bytes, Stack size 0 bytes, ROM.lib(ABSOLUTE))
<BR><BR>[Called By]<UL><LI><a href="#[1c3]">&gt;&gt;</a>&nbsp;&nbsp;&nbsp;gap_lib_init
</UL>

<P><STRONG><a name="[1c8]"></a>gap_start_bt_stack</STRONG> (Thumb, 0 bytes, Stack size 0 bytes, ROM.lib(ABSOLUTE))
<BR><BR>[Called By]<UL><LI><a href="#[1c6]">&gt;&gt;</a>&nbsp;&nbsp;&nbsp;app_main_task
</UL>

<P><STRONG><a name="[1ce]"></a>gap_handle_msg</STRONG> (Thumb, 0 bytes, Stack size 0 bytes, ROM.lib(ABSOLUTE))
<BR><BR>[Called By]<UL><LI><a href="#[1c6]">&gt;&gt;</a>&nbsp;&nbsp;&nbsp;app_main_task
</UL>

<P><STRONG><a name="[1b5]"></a>gap_set_param</STRONG> (Thumb, 0 bytes, Stack size 0 bytes, ROM.lib(ABSOLUTE))
<BR><BR>[Called By]<UL><LI><a href="#[1b4]">&gt;&gt;</a>&nbsp;&nbsp;&nbsp;app_le_gap_init
</UL>

<P><STRONG><a name="[10b]"></a>gap_get_param</STRONG> (Thumb, 0 bytes, Stack size 0 bytes, ROM.lib(ABSOLUTE))
<BR><BR>[Called By]<UL><LI><a href="#[10f]">&gt;&gt;</a>&nbsp;&nbsp;&nbsp;ais_server_adv
<LI><a href="#[54]">&gt;&gt;</a>&nbsp;&nbsp;&nbsp;ota_attr_read_cb
<LI><a href="#[1db]">&gt;&gt;</a>&nbsp;&nbsp;&nbsp;app_handle_dev_state_evt
<LI><a href="#[25]">&gt;&gt;</a>&nbsp;&nbsp;&nbsp;prov_cb
<LI><a href="#[1a2]">&gt;&gt;</a>&nbsp;&nbsp;&nbsp;mesh_stack_init
<LI><a href="#[2d4]">&gt;&gt;</a>&nbsp;&nbsp;&nbsp;mesh_service_adv_send
</UL>

<P><STRONG><a name="[1b6]"></a>le_bond_set_param</STRONG> (Thumb, 0 bytes, Stack size 0 bytes, ROM.lib(ABSOLUTE))
<BR><BR>[Called By]<UL><LI><a href="#[1dc]">&gt;&gt;</a>&nbsp;&nbsp;&nbsp;app_handle_gap_msg
<LI><a href="#[1b4]">&gt;&gt;</a>&nbsp;&nbsp;&nbsp;app_le_gap_init
</UL>

<P><STRONG><a name="[1e1]"></a>le_bond_oob_input_confirm</STRONG> (Thumb, 0 bytes, Stack size 0 bytes, ROM.lib(ABSOLUTE))
<BR><BR>[Called By]<UL><LI><a href="#[1dc]">&gt;&gt;</a>&nbsp;&nbsp;&nbsp;app_handle_gap_msg
</UL>

<P><STRONG><a name="[1df]"></a>le_bond_get_display_key</STRONG> (Thumb, 0 bytes, Stack size 0 bytes, ROM.lib(ABSOLUTE))
<BR><BR>[Called By]<UL><LI><a href="#[1dc]">&gt;&gt;</a>&nbsp;&nbsp;&nbsp;app_handle_gap_msg
</UL>

<P><STRONG><a name="[1e0]"></a>le_bond_passkey_display_confirm</STRONG> (Thumb, 0 bytes, Stack size 0 bytes, ROM.lib(ABSOLUTE))
<BR><BR>[Called By]<UL><LI><a href="#[1dc]">&gt;&gt;</a>&nbsp;&nbsp;&nbsp;app_handle_gap_msg
</UL>

<P><STRONG><a name="[1c2]"></a>le_gap_init</STRONG> (Thumb, 0 bytes, Stack size 0 bytes, ROM.lib(ABSOLUTE))
<BR><BR>[Called By]<UL><LI><a href="#[a4]">&gt;&gt;</a>&nbsp;&nbsp;&nbsp;main
</UL>

<P><STRONG><a name="[1b7]"></a>le_register_app_cb</STRONG> (Thumb, 0 bytes, Stack size 0 bytes, ROM.lib(ABSOLUTE))
<BR><BR>[Called By]<UL><LI><a href="#[1b4]">&gt;&gt;</a>&nbsp;&nbsp;&nbsp;app_le_gap_init
</UL>

<P><STRONG><a name="[2a7]"></a>le_set_gap_param</STRONG> (Thumb, 0 bytes, Stack size 0 bytes, ROM.lib(ABSOLUTE))
<BR><BR>[Called By]<UL><LI><a href="#[1a7]">&gt;&gt;</a>&nbsp;&nbsp;&nbsp;gap_sched_params_set
</UL>

<P><STRONG><a name="[2a2]"></a>le_get_gap_param</STRONG> (Thumb, 0 bytes, Stack size 0 bytes, ROM.lib(ABSOLUTE))
<BR><BR>[Called By]<UL><LI><a href="#[1dd]">&gt;&gt;</a>&nbsp;&nbsp;&nbsp;gap_sched_handle_bt_status_msg
</UL>

<P><STRONG><a name="[26e]"></a>gap_send_dev_state</STRONG> (Thumb, 0 bytes, Stack size 0 bytes, ROM.lib(ABSOLUTE))
<BR><BR>[Called By]<UL><LI><a href="#[268]">&gt;&gt;</a>&nbsp;&nbsp;&nbsp;le_handle_sw_reset_rsp
</UL>

<P><STRONG><a name="[1d8]"></a>le_set_data_len</STRONG> (Thumb, 0 bytes, Stack size 0 bytes, ROM.lib(ABSOLUTE))
<BR><BR>[Called By]<UL><LI><a href="#[1d5]">&gt;&gt;</a>&nbsp;&nbsp;&nbsp;app_handle_conn_state_evt
</UL>

<P><STRONG><a name="[e5]"></a>le_get_conn_param</STRONG> (Thumb, 0 bytes, Stack size 0 bytes, ROM.lib(ABSOLUTE))
<BR><BR>[Called By]<UL><LI><a href="#[105]">&gt;&gt;</a>&nbsp;&nbsp;&nbsp;dfu_client_handle_connect
<LI><a href="#[101]">&gt;&gt;</a>&nbsp;&nbsp;&nbsp;dfu_client_push_image
<LI><a href="#[d9]">&gt;&gt;</a>&nbsp;&nbsp;&nbsp;dfu_server_handle_cp
<LI><a href="#[1d5]">&gt;&gt;</a>&nbsp;&nbsp;&nbsp;app_handle_conn_state_evt
<LI><a href="#[1d3]">&gt;&gt;</a>&nbsp;&nbsp;&nbsp;app_handle_conn_param_update_evt
<LI><a href="#[387]">&gt;&gt;</a>&nbsp;&nbsp;&nbsp;proxy_send
<LI><a href="#[382]">&gt;&gt;</a>&nbsp;&nbsp;&nbsp;proxy_receive
</UL>

<P><STRONG><a name="[26c]"></a>le_get_active_link_num</STRONG> (Thumb, 0 bytes, Stack size 0 bytes, ROM.lib(ABSOLUTE), UNUSED)
<BR><BR>[Called By]<UL><LI><a href="#[26b]">&gt;&gt;</a>&nbsp;&nbsp;&nbsp;gap_sw_reset_req
</UL>

<P><STRONG><a name="[2a3]"></a>le_get_conn_info</STRONG> (Thumb, 0 bytes, Stack size 0 bytes, ROM.lib(ABSOLUTE))
<BR><BR>[Called By]<UL><LI><a href="#[1dd]">&gt;&gt;</a>&nbsp;&nbsp;&nbsp;gap_sched_handle_bt_status_msg
</UL>

<P><STRONG><a name="[1d6]"></a>le_get_conn_addr</STRONG> (Thumb, 0 bytes, Stack size 0 bytes, ROM.lib(ABSOLUTE))
<BR><BR>[Called By]<UL><LI><a href="#[1d5]">&gt;&gt;</a>&nbsp;&nbsp;&nbsp;app_handle_conn_state_evt
<LI><a href="#[272]">&gt;&gt;</a>&nbsp;&nbsp;&nbsp;le_bond_get_sec_level
</UL>

<P><STRONG><a name="[e2]"></a>le_disconnect</STRONG> (Thumb, 0 bytes, Stack size 0 bytes, ROM.lib(ABSOLUTE))
<BR><BR>[Called By]<UL><LI><a href="#[104]">&gt;&gt;</a>&nbsp;&nbsp;&nbsp;dfu_client_handle_msg
<LI><a href="#[d9]">&gt;&gt;</a>&nbsp;&nbsp;&nbsp;dfu_server_handle_cp
<LI><a href="#[2dd]">&gt;&gt;</a>&nbsp;&nbsp;&nbsp;proxy_handle_timeout
<LI><a href="#[2f8]">&gt;&gt;</a>&nbsp;&nbsp;&nbsp;prov_disconnect
<LI><a href="#[41]">&gt;&gt;</a>&nbsp;&nbsp;&nbsp;proxy_service_receive
<LI><a href="#[421]">&gt;&gt;</a>&nbsp;&nbsp;&nbsp;cfg_server_receive
</UL>

<P><STRONG><a name="[e4]"></a>le_update_conn_param</STRONG> (Thumb, 0 bytes, Stack size 0 bytes, ROM.lib(ABSOLUTE))
<BR><BR>[Called By]<UL><LI><a href="#[d9]">&gt;&gt;</a>&nbsp;&nbsp;&nbsp;dfu_server_handle_cp
</UL>

<P><STRONG><a name="[107]"></a>le_set_conn_param</STRONG> (Thumb, 0 bytes, Stack size 0 bytes, ROM.lib(ABSOLUTE), UNUSED)
<BR><BR>[Called By]<UL><LI><a href="#[106]">&gt;&gt;</a>&nbsp;&nbsp;&nbsp;dfu_client_handle_adv_pkt
</UL>

<P><STRONG><a name="[108]"></a>le_connect</STRONG> (Thumb, 0 bytes, Stack size 0 bytes, ROM.lib(ABSOLUTE), UNUSED)
<BR><BR>[Called By]<UL><LI><a href="#[106]">&gt;&gt;</a>&nbsp;&nbsp;&nbsp;dfu_client_handle_adv_pkt
</UL>

<P><STRONG><a name="[1bb]"></a>client_init</STRONG> (Thumb, 0 bytes, Stack size 0 bytes, ROM.lib(ABSOLUTE))
<BR><BR>[Called By]<UL><LI><a href="#[1b8]">&gt;&gt;</a>&nbsp;&nbsp;&nbsp;app_le_profile_init
</UL>

<P><STRONG><a name="[1bc]"></a>client_register_general_client_cb</STRONG> (Thumb, 0 bytes, Stack size 0 bytes, ROM.lib(ABSOLUTE))
<BR><BR>[Called By]<UL><LI><a href="#[1b8]">&gt;&gt;</a>&nbsp;&nbsp;&nbsp;app_le_profile_init
</UL>

<P><STRONG><a name="[10a]"></a>client_register_spec_client_cb</STRONG> (Thumb, 0 bytes, Stack size 0 bytes, ROM.lib(ABSOLUTE), UNUSED)
[...]
<LI><a href="#[375]">&gt;&gt;</a>&nbsp;&nbsp;&nbsp;ecc_point_double_jacobian
<LI><a href="#[2ec]">&gt;&gt;</a>&nbsp;&nbsp;&nbsp;ecc_validate_key
</UL>

<P><STRONG><a name="[376]"></a>vli_mod_square_fast</STRONG> (Thumb, 22 bytes, Stack size 72 bytes, ecc.o(.text))
<BR><BR>[Stack]<UL><LI>Max Depth = 208<LI>Call Chain = vli_mod_square_fast &rArr; vli_square &rArr; mul_64_64
</UL>
<BR>[Calls]<UL><LI><a href="#[36f]">&gt;&gt;</a>&nbsp;&nbsp;&nbsp;vli_mmod_fast
<LI><a href="#[368]">&gt;&gt;</a>&nbsp;&nbsp;&nbsp;vli_square
</UL>
<BR>[Called By]<UL><LI><a href="#[37c]">&gt;&gt;</a>&nbsp;&nbsp;&nbsp;xycz_add_c
<LI><a href="#[37b]">&gt;&gt;</a>&nbsp;&nbsp;&nbsp;xycz_add
<LI><a href="#[37a]">&gt;&gt;</a>&nbsp;&nbsp;&nbsp;apply_z
<LI><a href="#[375]">&gt;&gt;</a>&nbsp;&nbsp;&nbsp;ecc_point_double_jacobian
<LI><a href="#[2ec]">&gt;&gt;</a>&nbsp;&nbsp;&nbsp;ecc_validate_key
</UL>

<P><STRONG><a name="[380]"></a>ecc_native2bytes</STRONG> (Thumb, 88 bytes, Stack size 20 bytes, ecc.o(.text))
<BR><BR>[Stack]<UL><LI>Max Depth = 20<LI>Call Chain = ecc_native2bytes
</UL>
<BR>[Called By]<UL><LI><a href="#[2ee]">&gt;&gt;</a>&nbsp;&nbsp;&nbsp;ecdh_shared_secret
</UL>

<P><STRONG><a name="[381]"></a>vli_mult</STRONG> (Thumb, 180 bytes, Stack size 96 bytes, ecc.o(.text))
<BR><BR>[Stack]<UL><LI>Max Depth = 128<LI>Call Chain = vli_mult &rArr; mul_64_64
</UL>
<BR>[Calls]<UL><LI><a href="#[36a]">&gt;&gt;</a>&nbsp;&nbsp;&nbsp;add_128_128
<LI><a href="#[369]">&gt;&gt;</a>&nbsp;&nbsp;&nbsp;mul_64_64
</UL>
<BR>[Called By]<UL><LI><a href="#[377]">&gt;&gt;</a>&nbsp;&nbsp;&nbsp;vli_mod_mult_fast
</UL>

<P><STRONG><a name="[40]"></a>prov_server_handle_disconnect</STRONG> (Thumb, 34 bytes, Stack size 8 bytes, provision_server.o(.text))
<BR><BR>[Stack]<UL><LI>Max Depth = 128<LI>Call Chain = prov_server_handle_disconnect &rArr; prov_service_handle_disc &rArr; prov_handle_disconnect &rArr; prov_ecc_key_gen &rArr; plt_rand
</UL>
<BR>[Calls]<UL><LI><a href="#[2b9]">&gt;&gt;</a>&nbsp;&nbsp;&nbsp;proxy_ctx_get_link
<LI><a href="#[385]">&gt;&gt;</a>&nbsp;&nbsp;&nbsp;prov_service_handle_disc
</UL>
<BR>[Address Reference Count : 1]<UL><LI> provision_server.o(.text)
</UL>
<P><STRONG><a name="[42]"></a>proxy_server_handle_disconnect</STRONG> (Thumb, 34 bytes, Stack size 8 bytes, proxy_server.o(.text))
<BR><BR>[Stack]<UL><LI>Max Depth = 24<LI>Call Chain = proxy_server_handle_disconnect &rArr; proxy_service_handle_disc
</UL>
<BR>[Calls]<UL><LI><a href="#[2b9]">&gt;&gt;</a>&nbsp;&nbsp;&nbsp;proxy_ctx_get_link
<LI><a href="#[38a]">&gt;&gt;</a>&nbsp;&nbsp;&nbsp;proxy_service_handle_disc
</UL>
<BR>[Address Reference Count : 1]<UL><LI> proxy_server.o(.text)
</UL>
<P><STRONG><a name="[43]"></a>trans_timeout_cb</STRONG> (Thumb, 24 bytes, Stack size 16 bytes, mesh_transport.o(.text))
<BR><BR>[Stack]<UL><LI>Max Depth = 40<LI>Call Chain = trans_timeout_cb &rArr; mesh_inner_msg_send
</UL>
<BR>[Calls]<UL><LI><a href="#[28d]">&gt;&gt;</a>&nbsp;&nbsp;&nbsp;mesh_inner_msg_send
<LI><a href="#[278]">&gt;&gt;</a>&nbsp;&nbsp;&nbsp;plt_timer_get_id
</UL>
<BR>[Address Reference Count : 1]<UL><LI> mesh_transport.o(.text)
</UL>
<P><STRONG><a name="[45]"></a>pb_adv_timeout_cb</STRONG> (Thumb, 22 bytes, Stack size 16 bytes, provision_adv.o(.text))
<BR><BR>[Stack]<UL><LI>Max Depth = 40<LI>Call Chain = pb_adv_timeout_cb &rArr; mesh_inner_msg_send
</UL>
<BR>[Calls]<UL><LI><a href="#[28d]">&gt;&gt;</a>&nbsp;&nbsp;&nbsp;mesh_inner_msg_send
</UL>
<BR>[Address Reference Count : 1]<UL><LI> provision_adv.o(.text)
</UL>
<P><STRONG><a name="[3ae]"></a>link_open</STRONG> (Thumb, 110 bytes, Stack size 16 bytes, provision_adv.o(.text))
<BR><BR>[Stack]<UL><LI>Max Depth = 208<LI>Call Chain = link_open &rArr; bearer_send &rArr; gap_sched_try &rArr; gap_sched_run &rArr; gap_sched_adv &rArr; gap_sched_timer_cb &rArr; mesh_inner_msg_send
</UL>
<BR>[Calls]<UL><LI><a href="#[a7]">&gt;&gt;</a>&nbsp;&nbsp;&nbsp;__aeabi_memcpy
<LI><a href="#[aa]">&gt;&gt;</a>&nbsp;&nbsp;&nbsp;log_buffer
<LI><a href="#[c6]">&gt;&gt;</a>&nbsp;&nbsp;&nbsp;gap_sched_task_get
<LI><a href="#[c8]">&gt;&gt;</a>&nbsp;&nbsp;&nbsp;bearer_send
</UL>
<BR>[Called By]<UL><LI><a href="#[2d8]">&gt;&gt;</a>&nbsp;&nbsp;&nbsp;pb_adv_handle_timeout
<LI><a href="#[3b8]">&gt;&gt;</a>&nbsp;&nbsp;&nbsp;pb_adv_link_open
</UL>

<P><STRONG><a name="[3af]"></a>link_ack</STRONG> (Thumb, 90 bytes, Stack size 16 bytes, provision_adv.o(.text))
<BR><BR>[Stack]<UL><LI>Max Depth = 208<LI>Call Chain = link_ack &rArr; bearer_send &rArr; gap_sched_try &rArr; gap_sched_run &rArr; gap_sched_adv &rArr; gap_sched_timer_cb &rArr; mesh_inner_msg_send
</UL>
<BR>[Calls]<UL><LI><a href="#[aa]">&gt;&gt;</a>&nbsp;&nbsp;&nbsp;log_buffer
<LI><a href="#[c6]">&gt;&gt;</a>&nbsp;&nbsp;&nbsp;gap_sched_task_get
<LI><a href="#[c8]">&gt;&gt;</a>&nbsp;&nbsp;&nbsp;bearer_send
</UL>
<BR>[Called By]<UL><LI><a href="#[2be]">&gt;&gt;</a>&nbsp;&nbsp;&nbsp;pb_adv_receive
</UL>

<P><STRONG><a name="[3b0]"></a>link_close</STRONG> (Thumb, 106 bytes, Stack size 24 bytes, provision_adv.o(.text))
<BR><BR>[Stack]<UL><LI>Max Depth = 216<LI>Call Chain = link_close &rArr; bearer_send &rArr; gap_sched_try &rArr; gap_sched_run &rArr; gap_sched_adv &rArr; gap_sched_timer_cb &rArr; mesh_inner_msg_send
</UL>
<BR>[Calls]<UL><LI><a href="#[aa]">&gt;&gt;</a>&nbsp;&nbsp;&nbsp;log_buffer
<LI><a href="#[c6]">&gt;&gt;</a>&nbsp;&nbsp;&nbsp;gap_sched_task_get
<LI><a href="#[c8]">&gt;&gt;</a>&nbsp;&nbsp;&nbsp;bearer_send
</UL>
<BR>[Called By]<UL><LI><a href="#[2d8]">&gt;&gt;</a>&nbsp;&nbsp;&nbsp;pb_adv_handle_timeout
<LI><a href="#[349]">&gt;&gt;</a>&nbsp;&nbsp;&nbsp;pb_adv_link_close
</UL>

<P><STRONG><a name="[3b1]"></a>msg_send</STRONG> (Thumb, 282 bytes, Stack size 48 bytes, provision_adv.o(.text))
<BR><BR>[Stack]<UL><LI>Max Depth = 240<LI>Call Chain = msg_send &rArr; bearer_send &rArr; gap_sched_try &rArr; gap_sched_run &rArr; gap_sched_adv &rArr; gap_sched_timer_cb &rArr; mesh_inner_msg_send
</UL>
<BR>[Calls]<UL><LI><a href="#[a7]">&gt;&gt;</a>&nbsp;&nbsp;&nbsp;__aeabi_memcpy
<LI><a href="#[aa]">&gt;&gt;</a>&nbsp;&nbsp;&nbsp;log_buffer
<LI><a href="#[c6]">&gt;&gt;</a>&nbsp;&nbsp;&nbsp;gap_sched_task_get
<LI><a href="#[c8]">&gt;&gt;</a>&nbsp;&nbsp;&nbsp;bearer_send
<LI><a href="#[3b2]">&gt;&gt;</a>&nbsp;&nbsp;&nbsp;crc8EtsGen
</UL>
<BR>[Called By]<UL><LI><a href="#[2d8]">&gt;&gt;</a>&nbsp;&nbsp;&nbsp;pb_adv_handle_timeout
<LI><a href="#[348]">&gt;&gt;</a>&nbsp;&nbsp;&nbsp;pb_adv_send
</UL>

<P><STRONG><a name="[44]"></a>msg_ack_done</STRONG> (Thumb, 10 bytes, Stack size 0 bytes, provision_adv.o(.text))
<BR>[Address Reference Count : 1]<UL><LI> provision_adv.o(.text)
</UL>
<P><STRONG><a name="[3b3]"></a>msg_ack</STRONG> (Thumb, 168 bytes, Stack size 40 bytes, provision_adv.o(.text))
<BR><BR>[Stack]<UL><LI>Max Depth = 232<LI>Call Chain = msg_ack &rArr; bearer_send &rArr; gap_sched_try &rArr; gap_sched_run &rArr; gap_sched_adv &rArr; gap_sched_timer_cb &rArr; mesh_inner_msg_send
</UL>
<BR>[Calls]<UL><LI><a href="#[aa]">&gt;&gt;</a>&nbsp;&nbsp;&nbsp;log_buffer
<LI><a href="#[c6]">&gt;&gt;</a>&nbsp;&nbsp;&nbsp;gap_sched_task_get
<LI><a href="#[c8]">&gt;&gt;</a>&nbsp;&nbsp;&nbsp;bearer_send
<LI><a href="#[27c]">&gt;&gt;</a>&nbsp;&nbsp;&nbsp;plt_rand
</UL>
<BR>[Called By]<UL><LI><a href="#[2be]">&gt;&gt;</a>&nbsp;&nbsp;&nbsp;pb_adv_receive
<LI><a href="#[3b5]">&gt;&gt;</a>&nbsp;&nbsp;&nbsp;pb_adv_receive_sar
</UL>

<P><STRONG><a name="[3b4]"></a>pb_adv_clear</STRONG> (Thumb, 44 bytes, Stack size 16 bytes, provision_adv.o(.text))
<BR><BR>[Stack]<UL><LI>Max Depth = 16<LI>Call Chain = pb_adv_clear
</UL>
<BR>[Calls]<UL><LI><a href="#[ce]">&gt;&gt;</a>&nbsp;&nbsp;&nbsp;os_timer_delete
<LI><a href="#[ea]">&gt;&gt;</a>&nbsp;&nbsp;&nbsp;os_mem_free
</UL>
<BR>[Called By]<UL><LI><a href="#[2d8]">&gt;&gt;</a>&nbsp;&nbsp;&nbsp;pb_adv_handle_timeout
<LI><a href="#[2be]">&gt;&gt;</a>&nbsp;&nbsp;&nbsp;pb_adv_receive
<LI><a href="#[349]">&gt;&gt;</a>&nbsp;&nbsp;&nbsp;pb_adv_link_close
</UL>

<P><STRONG><a name="[46]"></a>proxy_rx_timeout_cb</STRONG> (Thumb, 24 bytes, Stack size 16 bytes, proxy_protocol.o(.text))
<BR><BR>[Stack]<UL><LI>Max Depth = 40<LI>Call Chain = proxy_rx_timeout_cb &rArr; mesh_inner_msg_send
</UL>
<BR>[Calls]<UL><LI><a href="#[28d]">&gt;&gt;</a>&nbsp;&nbsp;&nbsp;mesh_inner_msg_send
<LI><a href="#[278]">&gt;&gt;</a>&nbsp;&nbsp;&nbsp;plt_timer_get_id
</UL>
<BR>[Address Reference Count : 1]<UL><LI> proxy_protocol.o(.text)
</UL>
<P><STRONG><a name="[3c3]"></a>frnd_clear</STRONG> (Thumb, 176 bytes, Stack size 72 bytes, friendship_fn.o(.text))
<BR><BR>[Stack]<UL><LI>Max Depth = 456<LI>Call Chain = frnd_clear &rArr; mesh_seq_use &rArr; iv_index_update &rArr; beacon_snb_send_via_proxy &rArr; beacon_snb_gen &rArr; beacon_auth_snb &rArr; AES_CMAC &rArr; generate_subkey &rArr; AES128_ECB_encrypt &rArr; MixColumns
</UL>
<BR>[Calls]<UL><LI><a href="#[aa]">&gt;&gt;</a>&nbsp;&nbsp;&nbsp;log_buffer
<LI><a href="#[c6]">&gt;&gt;</a>&nbsp;&nbsp;&nbsp;gap_sched_task_get
<LI><a href="#[334]">&gt;&gt;</a>&nbsp;&nbsp;&nbsp;mesh_seq_use
<LI><a href="#[3c2]">&gt;&gt;</a>&nbsp;&nbsp;&nbsp;iv_index_get_tx_value
<LI><a href="#[396]">&gt;&gt;</a>&nbsp;&nbsp;&nbsp;net_send
</UL>
<BR>[Called By]<UL><LI><a href="#[2da]">&gt;&gt;</a>&nbsp;&nbsp;&nbsp;fn_handle_timeout
<LI><a href="#[3d6]">&gt;&gt;</a>&nbsp;&nbsp;&nbsp;fn_handle_frnd_poll
</UL>

<P><STRONG><a name="[47]"></a>fn_timeout_cb</STRONG> (Thumb, 18 bytes, Stack size 16 bytes, friendship_fn.o(.text))
<BR><BR>[Stack]<UL><LI>Max Depth = 40<LI>Call Chain = fn_timeout_cb &rArr; mesh_inner_msg_send
</UL>
<BR>[Calls]<UL><LI><a href="#[28d]">&gt;&gt;</a>&nbsp;&nbsp;&nbsp;mesh_inner_msg_send
</UL>
<BR>[Address Reference Count : 1]<UL><LI> friendship_fn.o(.text)
</UL>
<P><STRONG><a name="[3d6]"></a>fn_handle_frnd_poll</STRONG> (Thumb, 746 bytes, Stack size 96 bytes, friendship_fn.o(.text))
<BR><BR>[Stack]<UL><LI>Max Depth = 552<LI>Call Chain = fn_handle_frnd_poll &rArr; frnd_clear &rArr; mesh_seq_use &rArr; iv_index_update &rArr; beacon_snb_send_via_proxy &rArr; beacon_snb_gen &rArr; beacon_auth_snb &rArr; AES_CMAC &rArr; generate_subkey &rArr; AES128_ECB_encrypt &rArr; MixColumns
</UL>
<BR>[Calls]<UL><LI><a href="#[a7]">&gt;&gt;</a>&nbsp;&nbsp;&nbsp;__aeabi_memcpy
<LI><a href="#[125]">&gt;&gt;</a>&nbsp;&nbsp;&nbsp;os_timer_restart
<LI><a href="#[cc]">&gt;&gt;</a>&nbsp;&nbsp;&nbsp;os_timer_start
<LI><a href="#[aa]">&gt;&gt;</a>&nbsp;&nbsp;&nbsp;log_buffer
<LI><a href="#[cb]">&gt;&gt;</a>&nbsp;&nbsp;&nbsp;plt_timer_create
<LI><a href="#[c6]">&gt;&gt;</a>&nbsp;&nbsp;&nbsp;gap_sched_task_get
<LI><a href="#[2c6]">&gt;&gt;</a>&nbsp;&nbsp;&nbsp;key_state_to_key_refresh_flag
<LI><a href="#[3ca]">&gt;&gt;</a>&nbsp;&nbsp;&nbsp;fn_frnd_queue_add_frnd_upd
<LI><a href="#[3c7]">&gt;&gt;</a>&nbsp;&nbsp;&nbsp;fn_frnd_queue_delete
<LI><a href="#[3c3]">&gt;&gt;</a>&nbsp;&nbsp;&nbsp;frnd_clear
<LI><a href="#[396]">&gt;&gt;</a>&nbsp;&nbsp;&nbsp;net_send
</UL>
<BR>[Called By]<UL><LI><a href="#[3a2]">&gt;&gt;</a>&nbsp;&nbsp;&nbsp;fn_handle_msg
</UL>

<P><STRONG><a name="[3c2]"></a>iv_index_get_tx_value</STRONG> (Thumb, 16 bytes, Stack size 0 bytes, friendship_fn.o(.text))
<BR><BR>[Called By]<UL><LI><a href="#[3ca]">&gt;&gt;</a>&nbsp;&nbsp;&nbsp;fn_frnd_queue_add_frnd_upd
<LI><a href="#[3c6]">&gt;&gt;</a>&nbsp;&nbsp;&nbsp;frnd_update
<LI><a href="#[3c5]">&gt;&gt;</a>&nbsp;&nbsp;&nbsp;frnd_sub_list_conf
<LI><a href="#[3c4]">&gt;&gt;</a>&nbsp;&nbsp;&nbsp;frnd_clear_conf
<LI><a href="#[3c1]">&gt;&gt;</a>&nbsp;&nbsp;&nbsp;frnd_offer
<LI><a href="#[3c3]">&gt;&gt;</a>&nbsp;&nbsp;&nbsp;frnd_clear
</UL>

<P><STRONG><a name="[3df]"></a>frnd_clear</STRONG> (Thumb, 170 bytes, Stack size 72 bytes, friendship_lpn.o(.text), UNUSED)
<BR><BR>[Calls]<UL><LI><a href="#[aa]">&gt;&gt;</a>&nbsp;&nbsp;&nbsp;log_buffer
<LI><a href="#[c6]">&gt;&gt;</a>&nbsp;&nbsp;&nbsp;gap_sched_task_get
<LI><a href="#[334]">&gt;&gt;</a>&nbsp;&nbsp;&nbsp;mesh_seq_use
<LI><a href="#[3dc]">&gt;&gt;</a>&nbsp;&nbsp;&nbsp;iv_index_get_tx_value
<LI><a href="#[396]">&gt;&gt;</a>&nbsp;&nbsp;&nbsp;net_send
</UL>
<BR>[Called By]<UL><LI><a href="#[3e8]">&gt;&gt;</a>&nbsp;&nbsp;&nbsp;lpn_clear
</UL>

<P><STRONG><a name="[48]"></a>lpn_timeout_cb</STRONG> (Thumb, 18 bytes, Stack size 16 bytes, friendship_lpn.o(.text))
<BR><BR>[Stack]<UL><LI>Max Depth = 40<LI>Call Chain = lpn_timeout_cb &rArr; mesh_inner_msg_send
</UL>
<BR>[Calls]<UL><LI><a href="#[28d]">&gt;&gt;</a>&nbsp;&nbsp;&nbsp;mesh_inner_msg_send
</UL>
<BR>[Address Reference Count : 1]<UL><LI> friendship_lpn.o(.text)
</UL>
<P><STRONG><a name="[3e6]"></a>lpn_ctx_clear</STRONG> (Thumb, 56 bytes, Stack size 24 bytes, friendship_lpn.o(.text))
<BR><BR>[Stack]<UL><LI>Max Depth = 56<LI>Call Chain = lpn_ctx_clear &rArr; net_key_delete
</UL>
<BR>[Calls]<UL><LI><a href="#[ce]">&gt;&gt;</a>&nbsp;&nbsp;&nbsp;os_timer_delete
<LI><a href="#[313]">&gt;&gt;</a>&nbsp;&nbsp;&nbsp;net_key_delete
</UL>
<BR>[Called By]<UL><LI><a href="#[2db]">&gt;&gt;</a>&nbsp;&nbsp;&nbsp;lpn_handle_timeout
<LI><a href="#[3e8]">&gt;&gt;</a>&nbsp;&nbsp;&nbsp;lpn_clear
</UL>

<P><STRONG><a name="[3dc]"></a>iv_index_get_tx_value</STRONG> (Thumb, 16 bytes, Stack size 0 bytes, friendship_lpn.o(.text))
<BR><BR>[Called By]<UL><LI><a href="#[3de]">&gt;&gt;</a>&nbsp;&nbsp;&nbsp;frnd_sub_list_add_rm
<LI><a href="#[3dd]">&gt;&gt;</a>&nbsp;&nbsp;&nbsp;frnd_poll
<LI><a href="#[3db]">&gt;&gt;</a>&nbsp;&nbsp;&nbsp;frnd_req
<LI><a href="#[3df]">&gt;&gt;</a>&nbsp;&nbsp;&nbsp;frnd_clear
</UL>

<P><STRONG><a name="[3f0]"></a>cfg_server_send</STRONG> (Thumb, 74 bytes, Stack size 64 bytes, configuration_server.o(.text))
<BR><BR>[Stack]<UL><LI>Max Depth = 600<LI>Call Chain = cfg_server_send &rArr; access_send &rArr; trans_send &rArr; trans_send_seg &rArr; mesh_seq_use &rArr; iv_index_update &rArr; beacon_snb_send_via_proxy &rArr; beacon_snb_gen &rArr; beacon_auth_snb &rArr; AES_CMAC &rArr; generate_subkey &rArr; AES128_ECB_encrypt &rArr; MixColumns
</UL>
<BR>[Calls]<UL><LI><a href="#[11f]">&gt;&gt;</a>&nbsp;&nbsp;&nbsp;access_send
<LI><a href="#[11e]">&gt;&gt;</a>&nbsp;&nbsp;&nbsp;access_cfg
</UL>
<BR>[Called By]<UL><LI><a href="#[406]">&gt;&gt;</a>&nbsp;&nbsp;&nbsp;cfg_hb_sub_stat
<LI><a href="#[405]">&gt;&gt;</a>&nbsp;&nbsp;&nbsp;cfg_hb_pub_stat
<LI><a href="#[404]">&gt;&gt;</a>&nbsp;&nbsp;&nbsp;cfg_key_refresh_phase_stat
<LI><a href="#[403]">&gt;&gt;</a>&nbsp;&nbsp;&nbsp;cfg_lpn_poll_timeout_stat
<LI><a href="#[402]">&gt;&gt;</a>&nbsp;&nbsp;&nbsp;cfg_frnd_stat
<LI><a href="#[401]">&gt;&gt;</a>&nbsp;&nbsp;&nbsp;cfg_node_reset_stat
<LI><a href="#[400]">&gt;&gt;</a>&nbsp;&nbsp;&nbsp;cfg_model_app_list
<LI><a href="#[3ff]">&gt;&gt;</a>&nbsp;&nbsp;&nbsp;cfg_model_app_stat
<LI><a href="#[3fe]">&gt;&gt;</a>&nbsp;&nbsp;&nbsp;cfg_node_identity_stat
<LI><a href="#[3fd]">&gt;&gt;</a>&nbsp;&nbsp;&nbsp;cfg_app_key_list
<LI><a href="#[3fc]">&gt;&gt;</a>&nbsp;&nbsp;&nbsp;cfg_app_key_stat
<LI><a href="#[3fb]">&gt;&gt;</a>&nbsp;&nbsp;&nbsp;cfg_net_key_list
<LI><a href="#[3fa]">&gt;&gt;</a>&nbsp;&nbsp;&nbsp;cfg_net_key_stat
<LI><a href="#[3f9]">&gt;&gt;</a>&nbsp;&nbsp;&nbsp;cfg_model_sub_list
<LI><a href="#[3f8]">&gt;&gt;</a>&nbsp;&nbsp;&nbsp;cfg_model_sub_stat
<LI><a href="#[3f7]">&gt;&gt;</a>&nbsp;&nbsp;&nbsp;cfg_model_pub_stat
<LI><a href="#[3f6]">&gt;&gt;</a>&nbsp;&nbsp;&nbsp;cfg_net_transmit_stat
<LI><a href="#[3f5]">&gt;&gt;</a>&nbsp;&nbsp;&nbsp;cfg_relay_stat
<LI><a href="#[3f4]">&gt;&gt;</a>&nbsp;&nbsp;&nbsp;cfg_proxy_stat
<LI><a href="#[3f3]">&gt;&gt;</a>&nbsp;&nbsp;&nbsp;cfg_default_ttl_stat
<LI><a href="#[3f2]">&gt;&gt;</a>&nbsp;&nbsp;&nbsp;cfg_beacon_stat
<LI><a href="#[3f1]">&gt;&gt;</a>&nbsp;&nbsp;&nbsp;cfg_compo_data_stat
</UL>

<P><STRONG><a name="[407]"></a>cfg_server_model_sync_by_app_key</STRONG> (Thumb, 52 bytes, Stack size 24 bytes, configuration_server.o(.text))
<BR><BR>[Stack]<UL><LI>Max Depth = 136<LI>Call Chain = cfg_server_model_sync_by_app_key &rArr; mesh_flash_store &rArr; flash_init
</UL>
<BR>[Calls]<UL><LI><a href="#[309]">&gt;&gt;</a>&nbsp;&nbsp;&nbsp;mesh_flash_store
</UL>
<BR>[Called By]<UL><LI><a href="#[419]">&gt;&gt;</a>&nbsp;&nbsp;&nbsp;cfg_server_handle_app_key_delete
<LI><a href="#[413]">&gt;&gt;</a>&nbsp;&nbsp;&nbsp;cfg_server_handle_net_key_delete
</UL>

<P><STRONG><a name="[42b]"></a>KeyExpansion</STRONG> (Thumb, 180 bytes, Stack size 20 bytes, aes.o(.text))
<BR><BR>[Stack]<UL><LI>Max Depth = 20<LI>Call Chain = KeyExpansion
</UL>
<BR>[Called By]<UL><LI><a href="#[360]">&gt;&gt;</a>&nbsp;&nbsp;&nbsp;AES128_ECB_encrypt
<LI><a href="#[42f]">&gt;&gt;</a>&nbsp;&nbsp;&nbsp;AES128_ECB_decrypt
</UL>

<P><STRONG><a name="[42c]"></a>AddRoundKey</STRONG> (Thumb, 56 bytes, Stack size 20 bytes, aes.o(.text))
<BR><BR>[Stack]<UL><LI>Max Depth = 20<LI>Call Chain = AddRoundKey
</UL>
<BR>[Called By]<UL><LI><a href="#[360]">&gt;&gt;</a>&nbsp;&nbsp;&nbsp;AES128_ECB_encrypt
<LI><a href="#[42f]">&gt;&gt;</a>&nbsp;&nbsp;&nbsp;AES128_ECB_decrypt
</UL>

<P><STRONG><a name="[42d]"></a>SubBytes</STRONG> (Thumb, 40 bytes, Stack size 12 bytes, aes.o(.text))
<BR><BR>[Stack]<UL><LI>Max Depth = 12<LI>Call Chain = SubBytes
</UL>
<BR>[Called By]<UL><LI><a href="#[360]">&gt;&gt;</a>&nbsp;&nbsp;&nbsp;AES128_ECB_encrypt
</UL>

<P><STRONG><a name="[42e]"></a>ShiftRows</STRONG> (Thumb, 54 bytes, Stack size 0 bytes, aes.o(.text))
<BR><BR>[Called By]<UL><LI><a href="#[360]">&gt;&gt;</a>&nbsp;&nbsp;&nbsp;AES128_ECB_encrypt
</UL>

<P><STRONG><a name="[427]"></a>MixColumns</STRONG> (Thumb, 136 bytes, Stack size 24 bytes, aes.o(.text))
<BR><BR>[Stack]<UL><LI>Max Depth = 24<LI>Call Chain = MixColumns
</UL>
<BR>[Calls]<UL><LI><a href="#[428]">&gt;&gt;</a>&nbsp;&nbsp;&nbsp;xtime
</UL>
<BR>[Called By]<UL><LI><a href="#[360]">&gt;&gt;</a>&nbsp;&nbsp;&nbsp;AES128_ECB_encrypt
</UL>

<P><STRONG><a name="[429]"></a>InvMixColumns</STRONG> (Thumb, 984 bytes, Stack size 40 bytes, aes.o(.text), UNUSED)
<BR><BR>[Calls]<UL><LI><a href="#[428]">&gt;&gt;</a>&nbsp;&nbsp;&nbsp;xtime
</UL>
<BR>[Called By]<UL><LI><a href="#[42f]">&gt;&gt;</a>&nbsp;&nbsp;&nbsp;AES128_ECB_decrypt
</UL>

<P><STRONG><a name="[431]"></a>InvSubBytes</STRONG> (Thumb, 40 bytes, Stack size 12 bytes, aes.o(.text), UNUSED)
<BR><BR>[Called By]<UL><LI><a href="#[42f]">&gt;&gt;</a>&nbsp;&nbsp;&nbsp;AES128_ECB_decrypt
</UL>

<P><STRONG><a name="[430]"></a>InvShiftRows</STRONG> (Thumb, 54 bytes, Stack size 0 bytes, aes.o(.text), UNUSED)
<BR><BR>[Called By]<UL><LI><a href="#[42f]">&gt;&gt;</a>&nbsp;&nbsp;&nbsp;AES128_ECB_decrypt
</UL>

<P><STRONG><a name="[428]"></a>xtime</STRONG> (Thumb, 18 bytes, Stack size 0 bytes, aes.o(.text))
<BR><BR>[Called By]<UL><LI><a href="#[429]">&gt;&gt;</a>&nbsp;&nbsp;&nbsp;InvMixColumns
<LI><a href="#[427]">&gt;&gt;</a>&nbsp;&nbsp;&nbsp;MixColumns
</UL>

<P><STRONG><a name="[42a]"></a>BlockCopy</STRONG> (Thumb, 16 bytes, Stack size 0 bytes, aes.o(.text))
<BR><BR>[Called By]<UL><LI><a href="#[360]">&gt;&gt;</a>&nbsp;&nbsp;&nbsp;AES128_ECB_encrypt
<LI><a href="#[42f]">&gt;&gt;</a>&nbsp;&nbsp;&nbsp;AES128_ECB_decrypt
</UL>

<P><STRONG><a name="[433]"></a>iv_index_get_tx_value</STRONG> (Thumb, 16 bytes, Stack size 0 bytes, transport_ping.o(.text), UNUSED)
<BR><BR>[Called By]<UL><LI><a href="#[434]">&gt;&gt;</a>&nbsp;&nbsp;&nbsp;trans_pong
<LI><a href="#[432]">&gt;&gt;</a>&nbsp;&nbsp;&nbsp;trans_ping
</UL>

<P><STRONG><a name="[45e]"></a>_dadd1</STRONG> (Thumb, 0 bytes, Stack size unknown bytes, daddsub_clz.o(x$fpl$dadd), UNUSED)
<BR><BR>[Called By]<UL><LI><a href="#[45f]">&gt;&gt;</a>&nbsp;&nbsp;&nbsp;_dsub
<LI><a href="#[45d]">&gt;&gt;</a>&nbsp;&nbsp;&nbsp;_drsb
</UL>

<P><STRONG><a name="[453]"></a>_dsub1</STRONG> (Thumb, 0 bytes, Stack size unknown bytes, daddsub_clz.o(x$fpl$dsub), UNUSED)
<BR><BR>[Called By]<UL><LI><a href="#[45d]">&gt;&gt;</a>&nbsp;&nbsp;&nbsp;_drsb
<LI><a href="#[452]">&gt;&gt;</a>&nbsp;&nbsp;&nbsp;_dadd
</UL>

<P><STRONG><a name="[4a]"></a>_printf_input_char</STRONG> (Thumb, 10 bytes, Stack size 0 bytes, _printf_char_common.o(.text))
<BR>[Address Reference Count : 1]<UL><LI> _printf_char_common.o(.text)
</UL><P>
<H3>
Undefined Global Symbols
</H3><HR></body></html>
